[0.381s] Invoking command in '/home/ojith/ros2_ws/src/build/teleop_interface': CMAKE_PREFIX_PATH=${CMAKE_PREFIX_PATH}:/opt/ros/lyrical DEBUGINFOD_URLS=https://debuginfod.ubuntu.com /usr/bin/cmake --build /home/ojith/ros2_ws/src/build/teleop_interface -- -j4 -l4
[0.739s] -- Found ament_cmake: 2.8.7 (/opt/ros/lyrical/share/ament_cmake/cmake)
[1.109s] -- Override CMake install command with custom implementation using symlinks instead of copying resources
[1.344s] -- Found ament_lint_auto: 0.20.6 (/opt/ros/lyrical/share/ament_lint_auto/cmake)
[1.358s] -- Found rosidl_default_generators: 1.8.1 (/opt/ros/lyrical/share/rosidl_default_generators/cmake)
[1.410s] -- Using all available rosidl_typesupport_c: rosidl_typesupport_fastrtps_c;rosidl_typesupport_introspection_c
[1.599s] -- Using all available rosidl_typesupport_cpp: rosidl_typesupport_fastrtps_cpp;rosidl_typesupport_introspection_cpp
[1.764s] -- Found rosidl_adapter: 5.2.1 (/opt/ros/lyrical/share/rosidl_adapter/cmake)
[2.506s] -- Using all available rosidl_typesupport_c: rosidl_typesupport_fastrtps_c;rosidl_typesupport_introspection_c
[2.713s] -- Using all available rosidl_typesupport_cpp: rosidl_typesupport_fastrtps_cpp;rosidl_typesupport_introspection_cpp
[3.094s] -- Found Python3: /usr/bin/python3 (found version "3.14.4") found components: Interpreter Development NumPy Development.Module Development.Embed
[3.177s] -- Found Python3: /usr/bin/python3 (found version "3.14.4") found components: Interpreter
[3.206s] -- Added test 'lint_cmake' to check CMake code style
[3.209s] -- Added test 'xmllint' to check XML markup files
[3.259s] -- Configuring done (2.6s)
[3.512s] -- Generating done (0.3s)
[3.534s] -- Build files have been written to: /home/ojith/ros2_ws/src/build/teleop_interface
[3.588s] [  2%] [1m[34mGenerating type hashes for ROS interfaces[0m
[3.856s] [  2%] Built target teleop_interface__rosidl_generator_type_description
[3.874s] [  5%] [1m[34mGenerating C code for ROS interfaces[0m
[3.889s] [ 11%] [1m[34mGenerating C++ code for ROS interfaces[0m
[3.892s] [ 11%] [1m[34mGenerating Rust code for ROS interfaces[0m
[4.389s] [ 11%] Built target teleop_interface__cpp
[4.398s] [ 11%] Built target teleop_interface__rs
[4.455s] [ 17%] [32mBuilding C object CMakeFiles/teleop_interface__rosidl_generator_c.dir/rosidl_generator_c/teleop_interface/msg/detail/teleop__description.c.o[0m
[4.455s] [ 17%] [32mBuilding C object CMakeFiles/teleop_interface__rosidl_generator_c.dir/rosidl_generator_c/teleop_interface/msg/detail/teleop__functions.c.o[0m
[4.456s] [ 20%] [32mBuilding C object CMakeFiles/teleop_interface__rosidl_generator_c.dir/rosidl_generator_c/teleop_interface/msg/detail/teleop__type_support.c.o[0m
[4.603s] [ 22%] [1m[32mLinking C shared library libteleop_interface__rosidl_generator_c.so[0m
[4.657s] [ 22%] Built target teleop_interface__rosidl_generator_c
[4.673s] [ 28%] [1m[34mGenerating C++ type support for eProsima Fast-RTPS[0m
[4.674s] [ 28%] [1m[34mGenerating C type support dispatch for ROS interfaces[0m
[4.678s] [ 34%] [1m[34mGenerating C++ introspection for ROS interfaces[0m
[4.679s] [ 34%] [1m[34mGenerating C introspection for ROS interfaces[0m
[5.228s] [ 37%] [32mBuilding CXX object CMakeFiles/teleop_interface__rosidl_typesupport_c.dir/rosidl_typesupport_c/teleop_interface/msg/teleop__type_support.cpp.o[0m
[5.231s] [ 42%] [32mBuilding CXX object CMakeFiles/teleop_interface__rosidl_typesupport_introspection_cpp.dir/rosidl_typesupport_introspection_cpp/teleop_interface/msg/detail/teleop__type_support.cpp.o[0m
[5.232s] [ 42%] [32mBuilding C object CMakeFiles/teleop_interface__rosidl_typesupport_introspection_c.dir/rosidl_typesupport_introspection_c/teleop_interface/msg/detail/teleop__type_support.c.o[0m
[5.304s] [ 45%] [32mBuilding CXX object CMakeFiles/teleop_interface__rosidl_typesupport_fastrtps_cpp.dir/rosidl_typesupport_fastrtps_cpp/teleop_interface/msg/detail/dds_fastrtps/teleop__type_support.cpp.o[0m
[5.317s] [ 48%] [1m[32mLinking C shared library libteleop_interface__rosidl_typesupport_introspection_c.so[0m
[5.361s] [ 51%] [1m[32mLinking CXX shared library libteleop_interface__rosidl_typesupport_c.so[0m
[5.388s] [ 51%] Built target teleop_interface__rosidl_typesupport_introspection_c
[5.420s] [ 54%] [1m[34mGenerating C++ type support dispatch for ROS interfaces[0m
[5.450s] [ 54%] Built target teleop_interface__rosidl_typesupport_c
[5.473s] [ 57%] [1m[34mGenerating C type support for eProsima Fast-RTPS[0m
[6.137s] [ 60%] [32mBuilding CXX object CMakeFiles/teleop_interface__rosidl_typesupport_cpp.dir/rosidl_typesupport_cpp/teleop_interface/msg/teleop__type_support.cpp.o[0m
[6.220s] [ 62%] [32mBuilding CXX object CMakeFiles/teleop_interface__rosidl_typesupport_fastrtps_c.dir/rosidl_typesupport_fastrtps_c/teleop_interface/msg/detail/teleop__type_support_c.cpp.o[0m
[7.137s] [ 65%] [1m[32mLinking CXX shared library libteleop_interface__rosidl_typesupport_introspection_cpp.so[0m
[7.394s] [ 68%] [1m[32mLinking CXX shared library libteleop_interface__rosidl_typesupport_cpp.so[0m
[7.398s] [ 71%] [1m[32mLinking CXX shared library libteleop_interface__rosidl_typesupport_fastrtps_cpp.so[0m
[7.448s] [ 71%] Built target teleop_interface__rosidl_typesupport_introspection_cpp
[7.512s] [ 71%] Built target teleop_interface__rosidl_typesupport_cpp
[7.712s] [ 71%] Built target teleop_interface__rosidl_typesupport_fastrtps_cpp
[7.858s] [ 74%] [1m[32mLinking CXX shared library libteleop_interface__rosidl_typesupport_fastrtps_c.so[0m
[8.015s] [ 74%] Built target teleop_interface__rosidl_typesupport_fastrtps_c
[8.061s] [ 74%] Built target teleop_interface
[8.090s] [ 77%] [1m[34mGenerating Python code for ROS interfaces[0m
[8.637s] [ 77%] Built target teleop_interface__py
[8.689s] [ 80%] [32mBuilding C object CMakeFiles/teleop_interface__rosidl_generator_py.dir/rosidl_generator_py/teleop_interface/msg/_teleop_s.c.o[0m
[8.695s] [ 80%] Built target ament_cmake_python_sync_teleop_interface
[9.030s] [ 82%] [1m[32mLinking C shared library libteleop_interface__rosidl_generator_py.so[0m
[9.078s] running egg_info
[9.096s] [ 82%] Built target teleop_interface__rosidl_generator_py
[9.102s] writing teleop_interface.egg-info/PKG-INFO
[9.103s] writing dependency_links to teleop_interface.egg-info/dependency_links.txt
[9.103s] writing top-level names to teleop_interface.egg-info/top_level.txt
[9.140s] [ 85%] [32mBuilding C object CMakeFiles/teleop_interface_s__rosidl_typesupport_fastrtps_c.dir/rosidl_generator_py/teleop_interface/_teleop_interface_s.ep.rosidl_typesupport_fastrtps_c.c.o[0m
[9.141s] [ 88%] [32mBuilding C object CMakeFiles/teleop_interface_s__rosidl_typesupport_c.dir/rosidl_generator_py/teleop_interface/_teleop_interface_s.ep.rosidl_typesupport_c.c.o[0m
[9.160s] [ 91%] [32mBuilding C object CMakeFiles/teleop_interface_s__rosidl_typesupport_introspection_c.dir/rosidl_generator_py/teleop_interface/_teleop_interface_s.ep.rosidl_typesupport_introspection_c.c.o[0m
[9.231s] reading manifest file 'teleop_interface.egg-info/SOURCES.txt'
[9.235s] writing manifest file 'teleop_interface.egg-info/SOURCES.txt'
[9.363s] [ 91%] Built target ament_cmake_python_build_teleop_interface_egg
[9.418s] [ 94%] [1m[32mLinking C shared module rosidl_generator_py/teleop_interface/teleop_interface_s__rosidl_typesupport_introspection_c.so[0m
[9.440s] [ 97%] [1m[32mLinking C shared module rosidl_generator_py/teleop_interface/teleop_interface_s__rosidl_typesupport_c.so[0m
[9.479s] [100%] [1m[32mLinking C shared module rosidl_generator_py/teleop_interface/teleop_interface_s__rosidl_typesupport_fastrtps_c.so[0m
[9.484s] [100%] Built target teleop_interface_s__rosidl_typesupport_introspection_c
[9.510s] [100%] Built target teleop_interface_s__rosidl_typesupport_c
[9.530s] [100%] Built target teleop_interface_s__rosidl_typesupport_fastrtps_c
[9.545s] Invoked command in '/home/ojith/ros2_ws/src/build/teleop_interface' returned '0': CMAKE_PREFIX_PATH=${CMAKE_PREFIX_PATH}:/opt/ros/lyrical DEBUGINFOD_URLS=https://debuginfod.ubuntu.com /usr/bin/cmake --build /home/ojith/ros2_ws/src/build/teleop_interface -- -j4 -l4
[9.546s] Invoking command in '/home/ojith/ros2_ws/src/build/teleop_interface': CMAKE_PREFIX_PATH=${CMAKE_PREFIX_PATH}:/opt/ros/lyrical DEBUGINFOD_URLS=https://debuginfod.ubuntu.com /usr/bin/cmake --install /home/ojith/ros2_ws/src/build/teleop_interface
[9.558s] -- Install configuration: ""
[9.559s] -- Execute custom install script
[9.560s] -- Up-to-date symlink: /home/ojith/ros2_ws/src/install/teleop_interface/share/ament_index/resource_index/rosidl_interfaces/teleop_interface
[9.561s] -- Up-to-date symlink: /home/ojith/ros2_ws/src/install/teleop_interface/share/teleop_interface/msg/Teleop.json
[9.561s] -- Up-to-date symlink: /home/ojith/ros2_ws/src/install/teleop_interface/include/teleop_interface/teleop_interface/msg/detail/teleop__functions.h
[9.562s] -- Up-to-date symlink: /home/ojith/ros2_ws/src/install/teleop_interface/include/teleop_interface/teleop_interface/msg/detail/teleop__struct.h
[9.562s] -- Up-to-date symlink: /home/ojith/ros2_ws/src/install/teleop_interface/include/teleop_interface/teleop_interface/msg/detail/teleop__type_support.h
[9.562s] -- Up-to-date symlink: /home/ojith/ros2_ws/src/install/teleop_interface/include/teleop_interface/teleop_interface/msg/rosidl_generator_c__visibility_control.h
[9.562s] -- Up-to-date symlink: /home/ojith/ros2_ws/src/install/teleop_interface/include/teleop_interface/teleop_interface/msg/teleop.h
[9.563s] -- Up-to-date symlink: /home/ojith/ros2_ws/src/install/teleop_interface/share/teleop_interface/environment/library_path.sh
[9.564s] -- Up-to-date symlink: /home/ojith/ros2_ws/src/install/teleop_interface/share/teleop_interface/environment/library_path.dsv
[9.564s] -- Up-to-date symlink: /home/ojith/ros2_ws/src/install/teleop_interface/include/teleop_interface/teleop_interface/msg/detail/teleop__rosidl_typesupport_fastrtps_c.h
[9.564s] -- Up-to-date symlink: /home/ojith/ros2_ws/src/install/teleop_interface/include/teleop_interface/teleop_interface/msg/rosidl_typesupport_fastrtps_c__visibility_control.h
[9.565s] -- Up-to-date symlink: /home/ojith/ros2_ws/src/install/teleop_interface/include/teleop_interface/teleop_interface/msg/detail/teleop__rosidl_typesupport_introspection_c.h
[9.565s] -- Up-to-date symlink: /home/ojith/ros2_ws/src/install/teleop_interface/include/teleop_interface/teleop_interface/msg/rosidl_typesupport_introspection_c__visibility_control.h
[9.565s] -- Up-to-date symlink: /home/ojith/ros2_ws/src/install/teleop_interface/include/teleop_interface/teleop_interface/msg/detail/teleop__builder.hpp
[9.565s] -- Up-to-date symlink: /home/ojith/ros2_ws/src/install/teleop_interface/include/teleop_interface/teleop_interface/msg/detail/teleop__struct.hpp
[9.565s] -- Up-to-date symlink: /home/ojith/ros2_ws/src/install/teleop_interface/include/teleop_interface/teleop_interface/msg/detail/teleop__traits.hpp
[9.565s] -- Up-to-date symlink: /home/ojith/ros2_ws/src/install/teleop_interface/include/teleop_interface/teleop_interface/msg/detail/teleop__type_support.hpp
[9.566s] -- Up-to-date symlink: /home/ojith/ros2_ws/src/install/teleop_interface/include/teleop_interface/teleop_interface/msg/rosidl_generator_cpp__visibility_control.hpp
[9.566s] -- Up-to-date symlink: /home/ojith/ros2_ws/src/install/teleop_interface/include/teleop_interface/teleop_interface/msg/teleop.hpp
[9.566s] -- Up-to-date symlink: /home/ojith/ros2_ws/src/install/teleop_interface/include/teleop_interface/teleop_interface/msg/detail/teleop__rosidl_typesupport_fastrtps_cpp.hpp
[9.566s] -- Up-to-date symlink: /home/ojith/ros2_ws/src/install/teleop_interface/include/teleop_interface/teleop_interface/msg/rosidl_typesupport_fastrtps_cpp__visibility_control.h
[9.567s] -- Up-to-date symlink: /home/ojith/ros2_ws/src/install/teleop_interface/include/teleop_interface/teleop_interface/msg/detail/teleop__rosidl_typesupport_introspection_cpp.hpp
[9.567s] -- Up-to-date symlink: /home/ojith/ros2_ws/src/install/teleop_interface/share/teleop_interface/environment/pythonpath.sh
[9.568s] -- Up-to-date symlink: /home/ojith/ros2_ws/src/install/teleop_interface/share/teleop_interface/environment/pythonpath.dsv
[9.569s] -- Up-to-date symlink: /home/ojith/ros2_ws/src/install/teleop_interface/lib/python3.14/site-packages/teleop_interface/teleop_interface_s__rosidl_typesupport_fastrtps_c.so
[9.569s] -- Up-to-date symlink: /home/ojith/ros2_ws/src/install/teleop_interface/lib/python3.14/site-packages/teleop_interface/teleop_interface_s__rosidl_typesupport_introspection_c.so
[9.570s] -- Up-to-date symlink: /home/ojith/ros2_ws/src/install/teleop_interface/lib/python3.14/site-packages/teleop_interface/teleop_interface_s__rosidl_typesupport_c.so
[9.571s] -- Up-to-date symlink: /home/ojith/ros2_ws/src/install/teleop_interface/share/ament_index/resource_index/rust_packages/teleop_interface
[9.571s] -- Up-to-date symlink: /home/ojith/ros2_ws/src/install/teleop_interface/share/teleop_interface/rust/Cargo.toml
[9.571s] -- Up-to-date symlink: /home/ojith/ros2_ws/src/install/teleop_interface/share/teleop_interface/rust/build.rs
[9.571s] -- Up-to-date symlink: /home/ojith/ros2_ws/src/install/teleop_interface/share/teleop_interface/rust/src/lib.rs
[9.571s] -- Up-to-date symlink: /home/ojith/ros2_ws/src/install/teleop_interface/share/teleop_interface/rust/src/msg.rs
[9.571s] -- Up-to-date symlink: /home/ojith/ros2_ws/src/install/teleop_interface/share/teleop_interface/rust/src/msg/rmw.rs
[9.572s] -- Up-to-date symlink: /home/ojith/ros2_ws/src/install/teleop_interface/share/teleop_interface/msg/Teleop.idl
[9.573s] -- Up-to-date symlink: /home/ojith/ros2_ws/src/install/teleop_interface/share/teleop_interface/msg/Teleop.msg
[9.573s] -- Up-to-date symlink: /home/ojith/ros2_ws/src/install/teleop_interface/share/ament_index/resource_index/package_run_dependencies/teleop_interface
[9.574s] -- Up-to-date symlink: /home/ojith/ros2_ws/src/install/teleop_interface/share/ament_index/resource_index/parent_prefix_path/teleop_interface
[9.575s] -- Up-to-date symlink: /home/ojith/ros2_ws/src/install/teleop_interface/share/teleop_interface/environment/ament_prefix_path.sh
[9.575s] -- Up-to-date symlink: /home/ojith/ros2_ws/src/install/teleop_interface/share/teleop_interface/environment/ament_prefix_path.dsv
[9.576s] -- Up-to-date symlink: /home/ojith/ros2_ws/src/install/teleop_interface/share/teleop_interface/environment/path.sh
[9.576s] -- Up-to-date symlink: /home/ojith/ros2_ws/src/install/teleop_interface/share/teleop_interface/environment/path.dsv
[9.577s] -- Up-to-date symlink: /home/ojith/ros2_ws/src/install/teleop_interface/share/teleop_interface/local_setup.bash
[9.578s] -- Up-to-date symlink: /home/ojith/ros2_ws/src/install/teleop_interface/share/teleop_interface/local_setup.fish
[9.579s] -- Up-to-date symlink: /home/ojith/ros2_ws/src/install/teleop_interface/share/teleop_interface/local_setup.sh
[9.579s] -- Up-to-date symlink: /home/ojith/ros2_ws/src/install/teleop_interface/share/teleop_interface/local_setup.zsh
[9.580s] -- Up-to-date symlink: /home/ojith/ros2_ws/src/install/teleop_interface/share/teleop_interface/local_setup.dsv
[9.580s] -- Symlinking: /home/ojith/ros2_ws/src/install/teleop_interface/share/teleop_interface/package.dsv
[9.597s] -- Up-to-date symlink: /home/ojith/ros2_ws/src/install/teleop_interface/share/ament_index/resource_index/packages/teleop_interface
[9.597s] -- Up-to-date symlink: /home/ojith/ros2_ws/src/install/teleop_interface/lib/python3.14/site-packages/teleop_interface-0.0.0-py3.14.egg-info/PKG-INFO
[9.597s] -- Up-to-date symlink: /home/ojith/ros2_ws/src/install/teleop_interface/lib/python3.14/site-packages/teleop_interface-0.0.0-py3.14.egg-info/SOURCES.txt
[9.597s] -- Up-to-date symlink: /home/ojith/ros2_ws/src/install/teleop_interface/lib/python3.14/site-packages/teleop_interface-0.0.0-py3.14.egg-info/dependency_links.txt
[9.598s] -- Up-to-date symlink: /home/ojith/ros2_ws/src/install/teleop_interface/lib/python3.14/site-packages/teleop_interface-0.0.0-py3.14.egg-info/top_level.txt
[9.598s] -- Up-to-date symlink: /home/ojith/ros2_ws/src/install/teleop_interface/lib/python3.14/site-packages/teleop_interface/__init__.py
[9.598s] -- Up-to-date symlink: /home/ojith/ros2_ws/src/install/teleop_interface/lib/python3.14/site-packages/teleop_interface/_teleop_interface_s.ep.rosidl_typesupport_c.c
[9.598s] -- Up-to-date symlink: /home/ojith/ros2_ws/src/install/teleop_interface/lib/python3.14/site-packages/teleop_interface/_teleop_interface_s.ep.rosidl_typesupport_fastrtps_c.c
[9.598s] -- Up-to-date symlink: /home/ojith/ros2_ws/src/install/teleop_interface/lib/python3.14/site-packages/teleop_interface/_teleop_interface_s.ep.rosidl_typesupport_introspection_c.c
[9.598s] -- Up-to-date symlink: /home/ojith/ros2_ws/src/install/teleop_interface/lib/python3.14/site-packages/teleop_interface/msg/__init__.py
[9.598s] -- Up-to-date symlink: /home/ojith/ros2_ws/src/install/teleop_interface/lib/python3.14/site-packages/teleop_interface/msg/_teleop.py
[9.598s] -- Up-to-date symlink: /home/ojith/ros2_ws/src/install/teleop_interface/lib/python3.14/site-packages/teleop_interface/msg/_teleop_s.c
[9.598s] -- Up-to-date symlink: /home/ojith/ros2_ws/src/install/teleop_interface/lib/python3.14/site-packages/teleop_interface/py.typed
[9.598s] -- Up-to-date symlink: /home/ojith/ros2_ws/src/install/teleop_interface/lib/python3.14/site-packages/teleop_interface/teleop_interface_s__rosidl_typesupport_c.so
[9.598s] -- Up-to-date symlink: /home/ojith/ros2_ws/src/install/teleop_interface/lib/python3.14/site-packages/teleop_interface/teleop_interface_s__rosidl_typesupport_fastrtps_c.so
[9.598s] -- Up-to-date symlink: /home/ojith/ros2_ws/src/install/teleop_interface/lib/python3.14/site-packages/teleop_interface/teleop_interface_s__rosidl_typesupport_introspection_c.so
[9.599s] -- Up-to-date symlink: /home/ojith/ros2_ws/src/install/teleop_interface/share/teleop_interface/cmake/rosidl_cmake-extras.cmake
[9.600s] -- Up-to-date symlink: /home/ojith/ros2_ws/src/install/teleop_interface/share/teleop_interface/cmake/ament_cmake_export_include_directories-extras.cmake
[9.601s] -- Up-to-date symlink: /home/ojith/ros2_ws/src/install/teleop_interface/share/teleop_interface/cmake/ament_cmake_export_libraries-extras.cmake
[9.601s] -- Up-to-date symlink: /home/ojith/ros2_ws/src/install/teleop_interface/share/teleop_interface/cmake/ament_cmake_export_targets-extras.cmake
[9.602s] -- Up-to-date symlink: /home/ojith/ros2_ws/src/install/teleop_interface/share/teleop_interface/cmake/rosidl_cmake_export_typesupport_targets-extras.cmake
[9.603s] -- Up-to-date symlink: /home/ojith/ros2_ws/src/install/teleop_interface/share/teleop_interface/cmake/ament_cmake_export_dependencies-extras.cmake
[9.603s] -- Up-to-date symlink: /home/ojith/ros2_ws/src/install/teleop_interface/share/teleop_interface/cmake/rosidl_cmake_export_typesupport_libraries-extras.cmake
[9.604s] -- Up-to-date symlink: /home/ojith/ros2_ws/src/install/teleop_interface/share/teleop_interface/cmake/rosidl_cmake_aggregate_target-extras.cmake
[9.605s] -- Up-to-date symlink: /home/ojith/ros2_ws/src/install/teleop_interface/share/teleop_interface/cmake/teleop_interfaceConfig.cmake
[9.605s] -- Up-to-date symlink: /home/ojith/ros2_ws/src/install/teleop_interface/share/teleop_interface/cmake/teleop_interfaceConfig-version.cmake
[9.605s] -- Up-to-date symlink: /home/ojith/ros2_ws/src/install/teleop_interface/share/teleop_interface/package.xml
[9.608s] -- Installing: /home/ojith/ros2_ws/src/install/teleop_interface/lib/libteleop_interface__rosidl_generator_c.so
[9.609s] -- Set non-toolchain portion of runtime path of "/home/ojith/ros2_ws/src/install/teleop_interface/lib/libteleop_interface__rosidl_generator_c.so" to ""
[9.611s] -- Installing: /home/ojith/ros2_ws/src/install/teleop_interface/lib/libteleop_interface__rosidl_typesupport_fastrtps_c.so
[9.612s] -- Set non-toolchain portion of runtime path of "/home/ojith/ros2_ws/src/install/teleop_interface/lib/libteleop_interface__rosidl_typesupport_fastrtps_c.so" to ""
[9.614s] -- Installing: /home/ojith/ros2_ws/src/install/teleop_interface/lib/libteleop_interface__rosidl_typesupport_introspection_c.so
[9.614s] -- Set non-toolchain portion of runtime path of "/home/ojith/ros2_ws/src/install/teleop_interface/lib/libteleop_interface__rosidl_typesupport_introspection_c.so" to ""
[9.616s] -- Installing: /home/ojith/ros2_ws/src/install/teleop_interface/lib/libteleop_interface__rosidl_typesupport_c.so
[9.617s] -- Set non-toolchain portion of runtime path of "/home/ojith/ros2_ws/src/install/teleop_interface/lib/libteleop_interface__rosidl_typesupport_c.so" to ""
[9.618s] -- Installing: /home/ojith/ros2_ws/src/install/teleop_interface/lib/libteleop_interface__rosidl_typesupport_fastrtps_cpp.so
[9.619s] -- Set non-toolchain portion of runtime path of "/home/ojith/ros2_ws/src/install/teleop_interface/lib/libteleop_interface__rosidl_typesupport_fastrtps_cpp.so" to ""
[9.621s] -- Installing: /home/ojith/ros2_ws/src/install/teleop_interface/lib/libteleop_interface__rosidl_typesupport_introspection_cpp.so
[9.622s] -- Set non-toolchain portion of runtime path of "/home/ojith/ros2_ws/src/install/teleop_interface/lib/libteleop_interface__rosidl_typesupport_introspection_cpp.so" to ""
[9.624s] -- Installing: /home/ojith/ros2_ws/src/install/teleop_interface/lib/libteleop_interface__rosidl_typesupport_cpp.so
[9.624s] -- Set non-toolchain portion of runtime path of "/home/ojith/ros2_ws/src/install/teleop_interface/lib/libteleop_interface__rosidl_typesupport_cpp.so" to ""
[9.627s] -- Installing: /home/ojith/ros2_ws/src/install/teleop_interface/lib/libteleop_interface__rosidl_generator_py.so
[9.627s] -- Set non-toolchain portion of runtime path of "/home/ojith/ros2_ws/src/install/teleop_interface/lib/libteleop_interface__rosidl_generator_py.so" to ""
[9.629s] -- Up-to-date: /home/ojith/ros2_ws/src/install/teleop_interface/share/teleop_interface/cmake/export_teleop_interface__rosidl_generator_cExport.cmake
[9.630s] -- Up-to-date: /home/ojith/ros2_ws/src/install/teleop_interface/share/teleop_interface/cmake/export_teleop_interface__rosidl_generator_cExport-noconfig.cmake
[9.631s] -- Up-to-date: /home/ojith/ros2_ws/src/install/teleop_interface/share/teleop_interface/cmake/export_teleop_interface__rosidl_typesupport_fastrtps_cExport.cmake
[9.631s] -- Up-to-date: /home/ojith/ros2_ws/src/install/teleop_interface/share/teleop_interface/cmake/export_teleop_interface__rosidl_typesupport_fastrtps_cExport-noconfig.cmake
[9.632s] -- Up-to-date: /home/ojith/ros2_ws/src/install/teleop_interface/share/teleop_interface/cmake/teleop_interface__rosidl_typesupport_introspection_cExport.cmake
[9.632s] -- Up-to-date: /home/ojith/ros2_ws/src/install/teleop_interface/share/teleop_interface/cmake/teleop_interface__rosidl_typesupport_introspection_cExport-noconfig.cmake
[9.634s] -- Up-to-date: /home/ojith/ros2_ws/src/install/teleop_interface/share/teleop_interface/cmake/teleop_interface__rosidl_typesupport_cExport.cmake
[9.634s] -- Up-to-date: /home/ojith/ros2_ws/src/install/teleop_interface/share/teleop_interface/cmake/teleop_interface__rosidl_typesupport_cExport-noconfig.cmake
[9.635s] -- Up-to-date: /home/ojith/ros2_ws/src/install/teleop_interface/share/teleop_interface/cmake/export_teleop_interface__rosidl_generator_cppExport.cmake
[9.636s] -- Up-to-date: /home/ojith/ros2_ws/src/install/teleop_interface/share/teleop_interface/cmake/export_teleop_interface__rosidl_typesupport_fastrtps_cppExport.cmake
[9.636s] -- Up-to-date: /home/ojith/ros2_ws/src/install/teleop_interface/share/teleop_interface/cmake/export_teleop_interface__rosidl_typesupport_fastrtps_cppExport-noconfig.cmake
[9.637s] -- Up-to-date: /home/ojith/ros2_ws/src/install/teleop_interface/share/teleop_interface/cmake/teleop_interface__rosidl_typesupport_introspection_cppExport.cmake
[9.637s] -- Up-to-date: /home/ojith/ros2_ws/src/install/teleop_interface/share/teleop_interface/cmake/teleop_interface__rosidl_typesupport_introspection_cppExport-noconfig.cmake
[9.638s] -- Up-to-date: /home/ojith/ros2_ws/src/install/teleop_interface/share/teleop_interface/cmake/teleop_interface__rosidl_typesupport_cppExport.cmake
[9.638s] -- Up-to-date: /home/ojith/ros2_ws/src/install/teleop_interface/share/teleop_interface/cmake/teleop_interface__rosidl_typesupport_cppExport-noconfig.cmake
[9.639s] -- Up-to-date: /home/ojith/ros2_ws/src/install/teleop_interface/share/teleop_interface/cmake/export_teleop_interface__rosidl_generator_pyExport.cmake
[9.639s] -- Up-to-date: /home/ojith/ros2_ws/src/install/teleop_interface/share/teleop_interface/cmake/export_teleop_interface__rosidl_generator_pyExport-noconfig.cmake
[9.725s] Listing '/home/ojith/ros2_ws/src/install/teleop_interface/lib/python3.14/site-packages/teleop_interface'...
[9.725s] Compiling '/home/ojith/ros2_ws/src/install/teleop_interface/lib/python3.14/site-packages/teleop_interface/__init__.py'...
[9.726s] Listing '/home/ojith/ros2_ws/src/install/teleop_interface/lib/python3.14/site-packages/teleop_interface/msg'...
[9.726s] Compiling '/home/ojith/ros2_ws/src/install/teleop_interface/lib/python3.14/site-packages/teleop_interface/msg/__init__.py'...
[9.726s] Compiling '/home/ojith/ros2_ws/src/install/teleop_interface/lib/python3.14/site-packages/teleop_interface/msg/_teleop.py'...
[9.745s] Invoked command in '/home/ojith/ros2_ws/src/build/teleop_interface' returned '0': CMAKE_PREFIX_PATH=${CMAKE_PREFIX_PATH}:/opt/ros/lyrical DEBUGINFOD_URLS=https://debuginfod.ubuntu.com /usr/bin/cmake --install /home/ojith/ros2_ws/src/build/teleop_interface
