[0.363s] Invoking command in '/home/ojith/ros2_ws/build/teleop_interface': CMAKE_PREFIX_PATH=${CMAKE_PREFIX_PATH}:/opt/ros/lyrical DEBUGINFOD_URLS=https://debuginfod.ubuntu.com /usr/bin/cmake /home/ojith/ros2_ws/src/teleop_interface -DAMENT_CMAKE_SYMLINK_INSTALL=1 -DCMAKE_INSTALL_PREFIX=/home/ojith/ros2_ws/install/teleop_interface
[0.479s] -- Found ament_cmake: 2.8.7 (/opt/ros/lyrical/share/ament_cmake/cmake)
[0.922s] -- Override CMake install command with custom implementation using symlinks instead of copying resources
[1.317s] -- Found ament_lint_auto: 0.20.6 (/opt/ros/lyrical/share/ament_lint_auto/cmake)
[1.321s] -- Found rosidl_default_generators: 1.8.1 (/opt/ros/lyrical/share/rosidl_default_generators/cmake)
[1.334s] -- Using all available rosidl_typesupport_c: rosidl_typesupport_fastrtps_c;rosidl_typesupport_introspection_c
[1.488s] -- Using all available rosidl_typesupport_cpp: rosidl_typesupport_fastrtps_cpp;rosidl_typesupport_introspection_cpp
[1.892s] -- Found rosidl_adapter: 5.2.1 (/opt/ros/lyrical/share/rosidl_adapter/cmake)
[2.565s] -- Using all available rosidl_typesupport_c: rosidl_typesupport_fastrtps_c;rosidl_typesupport_introspection_c
[2.721s] -- Using all available rosidl_typesupport_cpp: rosidl_typesupport_fastrtps_cpp;rosidl_typesupport_introspection_cpp
[4.094s] -- Found Python3: /usr/bin/python3 (found version "3.14.4") found components: Interpreter Development NumPy Development.Module Development.Embed
[4.159s] -- Found Python3: /usr/bin/python3 (found version "3.14.4") found components: Interpreter
[4.203s] -- Added test 'lint_cmake' to check CMake code style
[4.206s] -- Added test 'xmllint' to check XML markup files
[4.247s] -- Configuring done (3.9s)
[5.837s] -- Generating done (1.6s)
[5.864s] -- Build files have been written to: /home/ojith/ros2_ws/build/teleop_interface
[5.877s] Invoked command in '/home/ojith/ros2_ws/build/teleop_interface' returned '0': CMAKE_PREFIX_PATH=${CMAKE_PREFIX_PATH}:/opt/ros/lyrical DEBUGINFOD_URLS=https://debuginfod.ubuntu.com /usr/bin/cmake /home/ojith/ros2_ws/src/teleop_interface -DAMENT_CMAKE_SYMLINK_INSTALL=1 -DCMAKE_INSTALL_PREFIX=/home/ojith/ros2_ws/install/teleop_interface
[5.878s] Invoking command in '/home/ojith/ros2_ws/build/teleop_interface': CMAKE_PREFIX_PATH=${CMAKE_PREFIX_PATH}:/opt/ros/lyrical DEBUGINFOD_URLS=https://debuginfod.ubuntu.com /usr/bin/cmake --build /home/ojith/ros2_ws/build/teleop_interface -- -j4 -l4
[5.945s] [  5%] Built target teleop_interface__rs
[5.945s] [  5%] Built target teleop_interface__rosidl_generator_type_description
[5.975s] [  8%] Built target teleop_interface__cpp
[5.982s] [ 22%] Built target teleop_interface__rosidl_generator_c
[6.034s] [ 40%] Built target teleop_interface__rosidl_typesupport_cpp
[6.034s] [ 40%] Built target teleop_interface__rosidl_typesupport_introspection_cpp
[6.045s] [ 48%] Built target teleop_interface__rosidl_typesupport_fastrtps_cpp
[6.078s] [ 57%] Built target teleop_interface__rosidl_typesupport_fastrtps_c
[6.081s] [ 65%] Built target teleop_interface__rosidl_typesupport_introspection_c
[6.084s] [ 74%] Built target teleop_interface__rosidl_typesupport_c
[6.110s] [ 74%] Built target teleop_interface
[6.136s] [ 77%] Built target teleop_interface__py
[6.176s] [ 82%] Built target teleop_interface__rosidl_generator_py
[6.195s] [ 82%] Built target ament_cmake_python_sync_teleop_interface
[6.223s] [ 88%] Built target teleop_interface_s__rosidl_typesupport_introspection_c
[6.229s] [ 94%] Built target teleop_interface_s__rosidl_typesupport_fastrtps_c
[6.240s] [100%] Built target teleop_interface_s__rosidl_typesupport_c
[6.549s] running egg_info
[6.573s] writing teleop_interface.egg-info/PKG-INFO
[6.573s] writing dependency_links to teleop_interface.egg-info/dependency_links.txt
[6.574s] writing top-level names to teleop_interface.egg-info/top_level.txt
[6.644s] reading manifest file 'teleop_interface.egg-info/SOURCES.txt'
[6.646s] writing manifest file 'teleop_interface.egg-info/SOURCES.txt'
[6.751s] [100%] Built target ament_cmake_python_build_teleop_interface_egg
[6.765s] Invoked command in '/home/ojith/ros2_ws/build/teleop_interface' returned '0': CMAKE_PREFIX_PATH=${CMAKE_PREFIX_PATH}:/opt/ros/lyrical DEBUGINFOD_URLS=https://debuginfod.ubuntu.com /usr/bin/cmake --build /home/ojith/ros2_ws/build/teleop_interface -- -j4 -l4
[6.766s] Invoking command in '/home/ojith/ros2_ws/build/teleop_interface': CMAKE_PREFIX_PATH=${CMAKE_PREFIX_PATH}:/opt/ros/lyrical DEBUGINFOD_URLS=https://debuginfod.ubuntu.com /usr/bin/cmake --install /home/ojith/ros2_ws/build/teleop_interface
[6.778s] -- Install configuration: ""
[6.778s] -- Execute custom install script
[6.779s] -- Up-to-date symlink: /home/ojith/ros2_ws/install/teleop_interface/share/ament_index/resource_index/rosidl_interfaces/teleop_interface
[6.780s] -- Up-to-date symlink: /home/ojith/ros2_ws/install/teleop_interface/share/teleop_interface/msg/Teleop.json
[6.780s] -- Up-to-date symlink: /home/ojith/ros2_ws/install/teleop_interface/include/teleop_interface/teleop_interface/msg/detail/teleop__functions.h
[6.780s] -- Up-to-date symlink: /home/ojith/ros2_ws/install/teleop_interface/include/teleop_interface/teleop_interface/msg/detail/teleop__struct.h
[6.780s] -- Up-to-date symlink: /home/ojith/ros2_ws/install/teleop_interface/include/teleop_interface/teleop_interface/msg/detail/teleop__type_support.h
[6.780s] -- Up-to-date symlink: /home/ojith/ros2_ws/install/teleop_interface/include/teleop_interface/teleop_interface/msg/rosidl_generator_c__visibility_control.h
[6.781s] -- Up-to-date symlink: /home/ojith/ros2_ws/install/teleop_interface/include/teleop_interface/teleop_interface/msg/teleop.h
[6.781s] -- Up-to-date symlink: /home/ojith/ros2_ws/install/teleop_interface/share/teleop_interface/environment/library_path.sh
[6.781s] -- Up-to-date symlink: /home/ojith/ros2_ws/install/teleop_interface/share/teleop_interface/environment/library_path.dsv
[6.781s] -- Up-to-date symlink: /home/ojith/ros2_ws/install/teleop_interface/include/teleop_interface/teleop_interface/msg/detail/teleop__rosidl_typesupport_fastrtps_c.h
[6.782s] -- Up-to-date symlink: /home/ojith/ros2_ws/install/teleop_interface/include/teleop_interface/teleop_interface/msg/rosidl_typesupport_fastrtps_c__visibility_control.h
[6.782s] -- Up-to-date symlink: /home/ojith/ros2_ws/install/teleop_interface/include/teleop_interface/teleop_interface/msg/detail/teleop__rosidl_typesupport_introspection_c.h
[6.782s] -- Up-to-date symlink: /home/ojith/ros2_ws/install/teleop_interface/include/teleop_interface/teleop_interface/msg/rosidl_typesupport_introspection_c__visibility_control.h
[6.783s] -- Up-to-date symlink: /home/ojith/ros2_ws/install/teleop_interface/include/teleop_interface/teleop_interface/msg/detail/teleop__builder.hpp
[6.783s] -- Up-to-date symlink: /home/ojith/ros2_ws/install/teleop_interface/include/teleop_interface/teleop_interface/msg/detail/teleop__struct.hpp
[6.783s] -- Up-to-date symlink: /home/ojith/ros2_ws/install/teleop_interface/include/teleop_interface/teleop_interface/msg/detail/teleop__traits.hpp
[6.783s] -- Up-to-date symlink: /home/ojith/ros2_ws/install/teleop_interface/include/teleop_interface/teleop_interface/msg/detail/teleop__type_support.hpp
[6.783s] -- Up-to-date symlink: /home/ojith/ros2_ws/install/teleop_interface/include/teleop_interface/teleop_interface/msg/rosidl_generator_cpp__visibility_control.hpp
[6.784s] -- Up-to-date symlink: /home/ojith/ros2_ws/install/teleop_interface/include/teleop_interface/teleop_interface/msg/teleop.hpp
[6.784s] -- Up-to-date symlink: /home/ojith/ros2_ws/install/teleop_interface/include/teleop_interface/teleop_interface/msg/detail/teleop__rosidl_typesupport_fastrtps_cpp.hpp
[6.784s] -- Up-to-date symlink: /home/ojith/ros2_ws/install/teleop_interface/include/teleop_interface/teleop_interface/msg/rosidl_typesupport_fastrtps_cpp__visibility_control.h
[6.784s] -- Up-to-date symlink: /home/ojith/ros2_ws/install/teleop_interface/include/teleop_interface/teleop_interface/msg/detail/teleop__rosidl_typesupport_introspection_cpp.hpp
[6.785s] -- Up-to-date symlink: /home/ojith/ros2_ws/install/teleop_interface/share/teleop_interface/environment/pythonpath.sh
[6.785s] -- Up-to-date symlink: /home/ojith/ros2_ws/install/teleop_interface/share/teleop_interface/environment/pythonpath.dsv
[6.785s] -- Up-to-date symlink: /home/ojith/ros2_ws/install/teleop_interface/lib/python3.14/site-packages/teleop_interface/teleop_interface_s__rosidl_typesupport_fastrtps_c.so
[6.785s] -- Up-to-date symlink: /home/ojith/ros2_ws/install/teleop_interface/lib/python3.14/site-packages/teleop_interface/teleop_interface_s__rosidl_typesupport_introspection_c.so
[6.785s] -- Up-to-date symlink: /home/ojith/ros2_ws/install/teleop_interface/lib/python3.14/site-packages/teleop_interface/teleop_interface_s__rosidl_typesupport_c.so
[6.786s] -- Up-to-date symlink: /home/ojith/ros2_ws/install/teleop_interface/share/ament_index/resource_index/rust_packages/teleop_interface
[6.786s] -- Up-to-date symlink: /home/ojith/ros2_ws/install/teleop_interface/share/teleop_interface/rust/Cargo.toml
[6.786s] -- Up-to-date symlink: /home/ojith/ros2_ws/install/teleop_interface/share/teleop_interface/rust/build.rs
[6.786s] -- Up-to-date symlink: /home/ojith/ros2_ws/install/teleop_interface/share/teleop_interface/rust/src/lib.rs
[6.786s] -- Up-to-date symlink: /home/ojith/ros2_ws/install/teleop_interface/share/teleop_interface/rust/src/msg.rs
[6.786s] -- Up-to-date symlink: /home/ojith/ros2_ws/install/teleop_interface/share/teleop_interface/rust/src/msg/rmw.rs
[6.786s] -- Up-to-date symlink: /home/ojith/ros2_ws/install/teleop_interface/share/teleop_interface/msg/Teleop.idl
[6.787s] -- Up-to-date symlink: /home/ojith/ros2_ws/install/teleop_interface/share/teleop_interface/msg/Teleop.msg
[6.787s] -- Up-to-date symlink: /home/ojith/ros2_ws/install/teleop_interface/share/ament_index/resource_index/package_run_dependencies/teleop_interface
[6.788s] -- Up-to-date symlink: /home/ojith/ros2_ws/install/teleop_interface/share/ament_index/resource_index/parent_prefix_path/teleop_interface
[6.788s] -- Up-to-date symlink: /home/ojith/ros2_ws/install/teleop_interface/share/teleop_interface/environment/ament_prefix_path.sh
[6.788s] -- Up-to-date symlink: /home/ojith/ros2_ws/install/teleop_interface/share/teleop_interface/environment/ament_prefix_path.dsv
[6.789s] -- Up-to-date symlink: /home/ojith/ros2_ws/install/teleop_interface/share/teleop_interface/environment/path.sh
[6.789s] -- Up-to-date symlink: /home/ojith/ros2_ws/install/teleop_interface/share/teleop_interface/environment/path.dsv
[6.789s] -- Up-to-date symlink: /home/ojith/ros2_ws/install/teleop_interface/share/teleop_interface/local_setup.bash
[6.789s] -- Up-to-date symlink: /home/ojith/ros2_ws/install/teleop_interface/share/teleop_interface/local_setup.fish
[6.790s] -- Up-to-date symlink: /home/ojith/ros2_ws/install/teleop_interface/share/teleop_interface/local_setup.sh
[6.790s] -- Up-to-date symlink: /home/ojith/ros2_ws/install/teleop_interface/share/teleop_interface/local_setup.zsh
[6.790s] -- Up-to-date symlink: /home/ojith/ros2_ws/install/teleop_interface/share/teleop_interface/local_setup.dsv
[6.790s] -- Symlinking: /home/ojith/ros2_ws/install/teleop_interface/share/teleop_interface/package.dsv
[6.803s] -- Up-to-date symlink: /home/ojith/ros2_ws/install/teleop_interface/share/ament_index/resource_index/packages/teleop_interface
[6.803s] -- Up-to-date symlink: /home/ojith/ros2_ws/install/teleop_interface/lib/python3.14/site-packages/teleop_interface-0.0.0-py3.14.egg-info/PKG-INFO
[6.803s] -- Up-to-date symlink: /home/ojith/ros2_ws/install/teleop_interface/lib/python3.14/site-packages/teleop_interface-0.0.0-py3.14.egg-info/SOURCES.txt
[6.803s] -- Up-to-date symlink: /home/ojith/ros2_ws/install/teleop_interface/lib/python3.14/site-packages/teleop_interface-0.0.0-py3.14.egg-info/dependency_links.txt
[6.803s] -- Up-to-date symlink: /home/ojith/ros2_ws/install/teleop_interface/lib/python3.14/site-packages/teleop_interface-0.0.0-py3.14.egg-info/top_level.txt
[6.804s] -- Up-to-date symlink: /home/ojith/ros2_ws/install/teleop_interface/lib/python3.14/site-packages/teleop_interface/__init__.py
[6.804s] -- Up-to-date symlink: /home/ojith/ros2_ws/install/teleop_interface/lib/python3.14/site-packages/teleop_interface/_teleop_interface_s.ep.rosidl_typesupport_c.c
[6.804s] -- Up-to-date symlink: /home/ojith/ros2_ws/install/teleop_interface/lib/python3.14/site-packages/teleop_interface/_teleop_interface_s.ep.rosidl_typesupport_fastrtps_c.c
[6.804s] -- Up-to-date symlink: /home/ojith/ros2_ws/install/teleop_interface/lib/python3.14/site-packages/teleop_interface/_teleop_interface_s.ep.rosidl_typesupport_introspection_c.c
[6.805s] -- Up-to-date symlink: /home/ojith/ros2_ws/install/teleop_interface/lib/python3.14/site-packages/teleop_interface/msg/__init__.py
[6.805s] -- Up-to-date symlink: /home/ojith/ros2_ws/install/teleop_interface/lib/python3.14/site-packages/teleop_interface/msg/_teleop.py
[6.805s] -- Up-to-date symlink: /home/ojith/ros2_ws/install/teleop_interface/lib/python3.14/site-packages/teleop_interface/msg/_teleop_s.c
[6.806s] -- Up-to-date symlink: /home/ojith/ros2_ws/install/teleop_interface/lib/python3.14/site-packages/teleop_interface/py.typed
[6.806s] -- Up-to-date symlink: /home/ojith/ros2_ws/install/teleop_interface/lib/python3.14/site-packages/teleop_interface/teleop_interface_s__rosidl_typesupport_c.so
[6.806s] -- Up-to-date symlink: /home/ojith/ros2_ws/install/teleop_interface/lib/python3.14/site-packages/teleop_interface/teleop_interface_s__rosidl_typesupport_fastrtps_c.so
[6.806s] -- Up-to-date symlink: /home/ojith/ros2_ws/install/teleop_interface/lib/python3.14/site-packages/teleop_interface/teleop_interface_s__rosidl_typesupport_introspection_c.so
[6.807s] -- Up-to-date symlink: /home/ojith/ros2_ws/install/teleop_interface/share/teleop_interface/cmake/rosidl_cmake-extras.cmake
[6.807s] -- Up-to-date symlink: /home/ojith/ros2_ws/install/teleop_interface/share/teleop_interface/cmake/ament_cmake_export_include_directories-extras.cmake
[6.807s] -- Up-to-date symlink: /home/ojith/ros2_ws/install/teleop_interface/share/teleop_interface/cmake/ament_cmake_export_libraries-extras.cmake
[6.807s] -- Up-to-date symlink: /home/ojith/ros2_ws/install/teleop_interface/share/teleop_interface/cmake/ament_cmake_export_targets-extras.cmake
[6.807s] -- Up-to-date symlink: /home/ojith/ros2_ws/install/teleop_interface/share/teleop_interface/cmake/rosidl_cmake_export_typesupport_targets-extras.cmake
[6.807s] -- Up-to-date symlink: /home/ojith/ros2_ws/install/teleop_interface/share/teleop_interface/cmake/ament_cmake_export_dependencies-extras.cmake
[6.807s] -- Up-to-date symlink: /home/ojith/ros2_ws/install/teleop_interface/share/teleop_interface/cmake/rosidl_cmake_export_typesupport_libraries-extras.cmake
[6.808s] -- Up-to-date symlink: /home/ojith/ros2_ws/install/teleop_interface/share/teleop_interface/cmake/rosidl_cmake_aggregate_target-extras.cmake
[6.808s] -- Up-to-date symlink: /home/ojith/ros2_ws/install/teleop_interface/share/teleop_interface/cmake/teleop_interfaceConfig.cmake
[6.808s] -- Up-to-date symlink: /home/ojith/ros2_ws/install/teleop_interface/share/teleop_interface/cmake/teleop_interfaceConfig-version.cmake
[6.808s] -- Up-to-date symlink: /home/ojith/ros2_ws/install/teleop_interface/share/teleop_interface/package.xml
[6.810s] -- Up-to-date: /home/ojith/ros2_ws/install/teleop_interface/lib/libteleop_interface__rosidl_generator_c.so
[6.813s] -- Up-to-date: /home/ojith/ros2_ws/install/teleop_interface/lib/libteleop_interface__rosidl_typesupport_fastrtps_c.so
[6.814s] -- Up-to-date: /home/ojith/ros2_ws/install/teleop_interface/lib/libteleop_interface__rosidl_typesupport_introspection_c.so
[6.816s] -- Up-to-date: /home/ojith/ros2_ws/install/teleop_interface/lib/libteleop_interface__rosidl_typesupport_c.so
[6.821s] -- Up-to-date: /home/ojith/ros2_ws/install/teleop_interface/lib/libteleop_interface__rosidl_typesupport_fastrtps_cpp.so
[6.823s] -- Up-to-date: /home/ojith/ros2_ws/install/teleop_interface/lib/libteleop_interface__rosidl_typesupport_introspection_cpp.so
[6.825s] -- Up-to-date: /home/ojith/ros2_ws/install/teleop_interface/lib/libteleop_interface__rosidl_typesupport_cpp.so
[6.827s] -- Up-to-date: /home/ojith/ros2_ws/install/teleop_interface/lib/libteleop_interface__rosidl_generator_py.so
[6.829s] -- Up-to-date: /home/ojith/ros2_ws/install/teleop_interface/share/teleop_interface/cmake/export_teleop_interface__rosidl_generator_cExport.cmake
[6.829s] -- Up-to-date: /home/ojith/ros2_ws/install/teleop_interface/share/teleop_interface/cmake/export_teleop_interface__rosidl_generator_cExport-noconfig.cmake
[6.829s] -- Up-to-date: /home/ojith/ros2_ws/install/teleop_interface/share/teleop_interface/cmake/export_teleop_interface__rosidl_typesupport_fastrtps_cExport.cmake
[6.830s] -- Up-to-date: /home/ojith/ros2_ws/install/teleop_interface/share/teleop_interface/cmake/export_teleop_interface__rosidl_typesupport_fastrtps_cExport-noconfig.cmake
[6.830s] -- Up-to-date: /home/ojith/ros2_ws/install/teleop_interface/share/teleop_interface/cmake/teleop_interface__rosidl_typesupport_introspection_cExport.cmake
[6.831s] -- Up-to-date: /home/ojith/ros2_ws/install/teleop_interface/share/teleop_interface/cmake/teleop_interface__rosidl_typesupport_introspection_cExport-noconfig.cmake
[6.831s] -- Up-to-date: /home/ojith/ros2_ws/install/teleop_interface/share/teleop_interface/cmake/teleop_interface__rosidl_typesupport_cExport.cmake
[6.831s] -- Up-to-date: /home/ojith/ros2_ws/install/teleop_interface/share/teleop_interface/cmake/teleop_interface__rosidl_typesupport_cExport-noconfig.cmake
[6.832s] -- Up-to-date: /home/ojith/ros2_ws/install/teleop_interface/share/teleop_interface/cmake/export_teleop_interface__rosidl_generator_cppExport.cmake
[6.833s] -- Up-to-date: /home/ojith/ros2_ws/install/teleop_interface/share/teleop_interface/cmake/export_teleop_interface__rosidl_typesupport_fastrtps_cppExport.cmake
[6.833s] -- Up-to-date: /home/ojith/ros2_ws/install/teleop_interface/share/teleop_interface/cmake/export_teleop_interface__rosidl_typesupport_fastrtps_cppExport-noconfig.cmake
[6.833s] -- Up-to-date: /home/ojith/ros2_ws/install/teleop_interface/share/teleop_interface/cmake/teleop_interface__rosidl_typesupport_introspection_cppExport.cmake
[6.834s] -- Up-to-date: /home/ojith/ros2_ws/install/teleop_interface/share/teleop_interface/cmake/teleop_interface__rosidl_typesupport_introspection_cppExport-noconfig.cmake
[6.835s] -- Up-to-date: /home/ojith/ros2_ws/install/teleop_interface/share/teleop_interface/cmake/teleop_interface__rosidl_typesupport_cppExport.cmake
[6.835s] -- Up-to-date: /home/ojith/ros2_ws/install/teleop_interface/share/teleop_interface/cmake/teleop_interface__rosidl_typesupport_cppExport-noconfig.cmake
[6.836s] -- Up-to-date: /home/ojith/ros2_ws/install/teleop_interface/share/teleop_interface/cmake/export_teleop_interface__rosidl_generator_pyExport.cmake
[6.836s] -- Up-to-date: /home/ojith/ros2_ws/install/teleop_interface/share/teleop_interface/cmake/export_teleop_interface__rosidl_generator_pyExport-noconfig.cmake
[6.907s] Listing '/home/ojith/ros2_ws/install/teleop_interface/lib/python3.14/site-packages/teleop_interface'...
[6.908s] Compiling '/home/ojith/ros2_ws/install/teleop_interface/lib/python3.14/site-packages/teleop_interface/__init__.py'...
[6.908s] Listing '/home/ojith/ros2_ws/install/teleop_interface/lib/python3.14/site-packages/teleop_interface/msg'...
[6.931s] Invoked command in '/home/ojith/ros2_ws/build/teleop_interface' returned '0': CMAKE_PREFIX_PATH=${CMAKE_PREFIX_PATH}:/opt/ros/lyrical DEBUGINFOD_URLS=https://debuginfod.ubuntu.com /usr/bin/cmake --install /home/ojith/ros2_ws/build/teleop_interface
