[0.366s] Invoking command in '/home/ojith/ros2_ws/build/usb_cam': CMAKE_PREFIX_PATH=${CMAKE_PREFIX_PATH}:/opt/ros/lyrical DEBUGINFOD_URLS=https://debuginfod.ubuntu.com /usr/bin/cmake --build /home/ojith/ros2_ws/build/usb_cam -- -j4 -l4
[0.846s] [ 20%] Built target usb_cam
[1.054s] [ 40%] Built target usb_cam_node
[1.130s] [ 60%] Built target test_usb_cam_utils
[1.131s] [ 80%] Built target test_pixel_formats
[1.186s] [100%] Built target usb_cam_node_exe
[1.205s] Invoked command in '/home/ojith/ros2_ws/build/usb_cam' returned '0': CMAKE_PREFIX_PATH=${CMAKE_PREFIX_PATH}:/opt/ros/lyrical DEBUGINFOD_URLS=https://debuginfod.ubuntu.com /usr/bin/cmake --build /home/ojith/ros2_ws/build/usb_cam -- -j4 -l4
[1.242s] Invoking command in '/home/ojith/ros2_ws/build/usb_cam': CMAKE_PREFIX_PATH=${CMAKE_PREFIX_PATH}:/opt/ros/lyrical DEBUGINFOD_URLS=https://debuginfod.ubuntu.com /usr/bin/cmake --install /home/ojith/ros2_ws/build/usb_cam
[1.257s] -- Install configuration: ""
[1.259s] -- Execute custom install script
[1.260s] -- Up-to-date symlink: /home/ojith/ros2_ws/install/usb_cam/share/usb_cam/environment/library_path.sh
[1.261s] -- Up-to-date symlink: /home/ojith/ros2_ws/install/usb_cam/share/usb_cam/environment/library_path.dsv
[1.262s] -- Up-to-date symlink: /home/ojith/ros2_ws/install/usb_cam/lib/usb_cam/usb_cam_node_exe
[1.263s] -- Up-to-date symlink: /home/ojith/ros2_ws/install/usb_cam/lib/usb_cam/show_image.py
[1.264s] -- Up-to-date symlink: /home/ojith/ros2_ws/install/usb_cam/lib/libusb_cam.so
[1.264s] -- Up-to-date symlink: /home/ojith/ros2_ws/install/usb_cam/lib/libusb_cam_node.so
[1.266s] -- Up-to-date symlink: /home/ojith/ros2_ws/install/usb_cam/include/usb_cam/usb_cam/constants.hpp
[1.266s] -- Up-to-date symlink: /home/ojith/ros2_ws/install/usb_cam/include/usb_cam/usb_cam/conversions.hpp
[1.267s] -- Up-to-date symlink: /home/ojith/ros2_ws/install/usb_cam/include/usb_cam/usb_cam/formats/av_pixel_format_helper.hpp
[1.267s] -- Up-to-date symlink: /home/ojith/ros2_ws/install/usb_cam/include/usb_cam/usb_cam/formats/m420.hpp
[1.267s] -- Up-to-date symlink: /home/ojith/ros2_ws/install/usb_cam/include/usb_cam/usb_cam/formats/mjpeg.hpp
[1.267s] -- Up-to-date symlink: /home/ojith/ros2_ws/install/usb_cam/include/usb_cam/usb_cam/formats/mono.hpp
[1.267s] -- Up-to-date symlink: /home/ojith/ros2_ws/install/usb_cam/include/usb_cam/usb_cam/formats/pixel_format_base.hpp
[1.267s] -- Up-to-date symlink: /home/ojith/ros2_ws/install/usb_cam/include/usb_cam/usb_cam/formats/rgb.hpp
[1.267s] -- Up-to-date symlink: /home/ojith/ros2_ws/install/usb_cam/include/usb_cam/usb_cam/formats/utils.hpp
[1.267s] -- Up-to-date symlink: /home/ojith/ros2_ws/install/usb_cam/include/usb_cam/usb_cam/formats/uyvy.hpp
[1.268s] -- Up-to-date symlink: /home/ojith/ros2_ws/install/usb_cam/include/usb_cam/usb_cam/formats/yuyv.hpp
[1.268s] -- Up-to-date symlink: /home/ojith/ros2_ws/install/usb_cam/include/usb_cam/usb_cam/usb_cam.hpp
[1.268s] -- Up-to-date symlink: /home/ojith/ros2_ws/install/usb_cam/include/usb_cam/usb_cam/usb_cam_node.hpp
[1.268s] -- Up-to-date symlink: /home/ojith/ros2_ws/install/usb_cam/include/usb_cam/usb_cam/utils.hpp
[1.275s] -- Up-to-date symlink: /home/ojith/ros2_ws/install/usb_cam/lib/libusb_cam_node.so
[1.275s] -- Up-to-date symlink: /home/ojith/ros2_ws/install/usb_cam/share/usb_cam/launch/__init__.py
[1.276s] -- Up-to-date symlink: /home/ojith/ros2_ws/install/usb_cam/share/usb_cam/launch/camera.launch.py
[1.276s] -- Up-to-date symlink: /home/ojith/ros2_ws/install/usb_cam/share/usb_cam/launch/camera_config.py
[1.277s] -- Up-to-date symlink: /home/ojith/ros2_ws/install/usb_cam/share/usb_cam/config/camera_info.yaml
[1.277s] -- Up-to-date symlink: /home/ojith/ros2_ws/install/usb_cam/share/usb_cam/config/params_1.yaml
[1.277s] -- Up-to-date symlink: /home/ojith/ros2_ws/install/usb_cam/share/usb_cam/config/params_2.yaml
[1.279s] -- Up-to-date symlink: /home/ojith/ros2_ws/install/usb_cam/share/ament_index/resource_index/package_run_dependencies/usb_cam
[1.279s] -- Up-to-date symlink: /home/ojith/ros2_ws/install/usb_cam/share/ament_index/resource_index/parent_prefix_path/usb_cam
[1.282s] -- Up-to-date symlink: /home/ojith/ros2_ws/install/usb_cam/share/usb_cam/environment/ament_prefix_path.sh
[1.283s] -- Up-to-date symlink: /home/ojith/ros2_ws/install/usb_cam/share/usb_cam/environment/ament_prefix_path.dsv
[1.285s] -- Up-to-date symlink: /home/ojith/ros2_ws/install/usb_cam/share/usb_cam/environment/path.sh
[1.285s] -- Up-to-date symlink: /home/ojith/ros2_ws/install/usb_cam/share/usb_cam/environment/path.dsv
[1.287s] -- Up-to-date symlink: /home/ojith/ros2_ws/install/usb_cam/share/usb_cam/local_setup.bash
[1.289s] -- Up-to-date symlink: /home/ojith/ros2_ws/install/usb_cam/share/usb_cam/local_setup.fish
[1.290s] -- Up-to-date symlink: /home/ojith/ros2_ws/install/usb_cam/share/usb_cam/local_setup.sh
[1.290s] -- Up-to-date symlink: /home/ojith/ros2_ws/install/usb_cam/share/usb_cam/local_setup.zsh
[1.294s] -- Up-to-date symlink: /home/ojith/ros2_ws/install/usb_cam/share/usb_cam/local_setup.dsv
[1.297s] -- Symlinking: /home/ojith/ros2_ws/install/usb_cam/share/usb_cam/package.dsv
[1.314s] -- Up-to-date symlink: /home/ojith/ros2_ws/install/usb_cam/share/ament_index/resource_index/packages/usb_cam
[1.315s] -- Up-to-date symlink: /home/ojith/ros2_ws/install/usb_cam/share/ament_index/resource_index/rclcpp_components/usb_cam
[1.316s] -- Up-to-date symlink: /home/ojith/ros2_ws/install/usb_cam/share/usb_cam/cmake/ament_cmake_export_libraries-extras.cmake
[1.317s] -- Up-to-date symlink: /home/ojith/ros2_ws/install/usb_cam/share/usb_cam/cmake/ament_cmake_export_dependencies-extras.cmake
[1.318s] -- Up-to-date symlink: /home/ojith/ros2_ws/install/usb_cam/share/usb_cam/cmake/ament_cmake_export_include_directories-extras.cmake
[1.319s] -- Up-to-date symlink: /home/ojith/ros2_ws/install/usb_cam/share/usb_cam/cmake/usb_camConfig.cmake
[1.320s] -- Up-to-date symlink: /home/ojith/ros2_ws/install/usb_cam/share/usb_cam/cmake/usb_camConfig-version.cmake
[1.326s] -- Up-to-date symlink: /home/ojith/ros2_ws/install/usb_cam/share/usb_cam/package.xml
[1.328s] Invoked command in '/home/ojith/ros2_ws/build/usb_cam' returned '0': CMAKE_PREFIX_PATH=${CMAKE_PREFIX_PATH}:/opt/ros/lyrical DEBUGINFOD_URLS=https://debuginfod.ubuntu.com /usr/bin/cmake --install /home/ojith/ros2_ws/build/usb_cam
