[0.357s] Invoking command in '/home/ojith/ros2_ws/build/usb_cam': CMAKE_PREFIX_PATH=${CMAKE_PREFIX_PATH}:/opt/ros/lyrical DEBUGINFOD_URLS=https://debuginfod.ubuntu.com /usr/bin/cmake --build /home/ojith/ros2_ws/build/usb_cam -- -j4 -l4
[0.628s] [ 20%] Built target usb_cam
[0.664s] [ 40%] Built target usb_cam_node
[0.705s] [ 60%] Built target test_usb_cam_utils
[0.710s] [ 80%] Built target test_pixel_formats
[0.763s] [100%] Built target usb_cam_node_exe
[0.784s] Invoked command in '/home/ojith/ros2_ws/build/usb_cam' returned '0': CMAKE_PREFIX_PATH=${CMAKE_PREFIX_PATH}:/opt/ros/lyrical DEBUGINFOD_URLS=https://debuginfod.ubuntu.com /usr/bin/cmake --build /home/ojith/ros2_ws/build/usb_cam -- -j4 -l4
[0.932s] Invoking command in '/home/ojith/ros2_ws/build/usb_cam': CMAKE_PREFIX_PATH=${CMAKE_PREFIX_PATH}:/opt/ros/lyrical DEBUGINFOD_URLS=https://debuginfod.ubuntu.com /usr/bin/cmake --install /home/ojith/ros2_ws/build/usb_cam
[0.989s] -- Install configuration: ""
[1.015s] -- Execute custom install script
[1.028s] -- Up-to-date symlink: /home/ojith/ros2_ws/install/usb_cam/share/usb_cam/environment/library_path.sh
[1.041s] -- Up-to-date symlink: /home/ojith/ros2_ws/install/usb_cam/share/usb_cam/environment/library_path.dsv
[1.052s] -- Up-to-date symlink: /home/ojith/ros2_ws/install/usb_cam/lib/usb_cam/usb_cam_node_exe
[1.052s] -- Up-to-date symlink: /home/ojith/ros2_ws/install/usb_cam/lib/usb_cam/show_image.py
[1.055s] -- Up-to-date symlink: /home/ojith/ros2_ws/install/usb_cam/lib/libusb_cam.so
[1.056s] -- Up-to-date symlink: /home/ojith/ros2_ws/install/usb_cam/lib/libusb_cam_node.so
[1.058s] -- Up-to-date symlink: /home/ojith/ros2_ws/install/usb_cam/include/usb_cam/usb_cam/constants.hpp
[1.059s] -- Up-to-date symlink: /home/ojith/ros2_ws/install/usb_cam/include/usb_cam/usb_cam/conversions.hpp
[1.060s] -- Up-to-date symlink: /home/ojith/ros2_ws/install/usb_cam/include/usb_cam/usb_cam/formats/av_pixel_format_helper.hpp
[1.060s] -- Up-to-date symlink: /home/ojith/ros2_ws/install/usb_cam/include/usb_cam/usb_cam/formats/m420.hpp
[1.061s] -- Up-to-date symlink: /home/ojith/ros2_ws/install/usb_cam/include/usb_cam/usb_cam/formats/mjpeg.hpp
[1.061s] -- Up-to-date symlink: /home/ojith/ros2_ws/install/usb_cam/include/usb_cam/usb_cam/formats/mono.hpp
[1.062s] -- Up-to-date symlink: /home/ojith/ros2_ws/install/usb_cam/include/usb_cam/usb_cam/formats/pixel_format_base.hpp
[1.063s] -- Up-to-date symlink: /home/ojith/ros2_ws/install/usb_cam/include/usb_cam/usb_cam/formats/rgb.hpp
[1.063s] -- Up-to-date symlink: /home/ojith/ros2_ws/install/usb_cam/include/usb_cam/usb_cam/formats/utils.hpp
[1.064s] -- Up-to-date symlink: /home/ojith/ros2_ws/install/usb_cam/include/usb_cam/usb_cam/formats/uyvy.hpp
[1.065s] -- Up-to-date symlink: /home/ojith/ros2_ws/install/usb_cam/include/usb_cam/usb_cam/formats/yuyv.hpp
[1.065s] -- Up-to-date symlink: /home/ojith/ros2_ws/install/usb_cam/include/usb_cam/usb_cam/usb_cam.hpp
[1.066s] -- Up-to-date symlink: /home/ojith/ros2_ws/install/usb_cam/include/usb_cam/usb_cam/usb_cam_node.hpp
[1.066s] -- Up-to-date symlink: /home/ojith/ros2_ws/install/usb_cam/include/usb_cam/usb_cam/utils.hpp
[1.070s] -- Up-to-date symlink: /home/ojith/ros2_ws/install/usb_cam/lib/libusb_cam_node.so
[1.072s] -- Up-to-date symlink: /home/ojith/ros2_ws/install/usb_cam/share/usb_cam/launch/__init__.py
[1.072s] -- Up-to-date symlink: /home/ojith/ros2_ws/install/usb_cam/share/usb_cam/launch/camera.launch.py
[1.072s] -- Up-to-date symlink: /home/ojith/ros2_ws/install/usb_cam/share/usb_cam/launch/camera_config.py
[1.073s] -- Up-to-date symlink: /home/ojith/ros2_ws/install/usb_cam/share/usb_cam/config/camera_info.yaml
[1.073s] -- Up-to-date symlink: /home/ojith/ros2_ws/install/usb_cam/share/usb_cam/config/params_1.yaml
[1.073s] -- Up-to-date symlink: /home/ojith/ros2_ws/install/usb_cam/share/usb_cam/config/params_2.yaml
[1.085s] -- Up-to-date symlink: /home/ojith/ros2_ws/install/usb_cam/share/ament_index/resource_index/package_run_dependencies/usb_cam
[1.096s] -- Up-to-date symlink: /home/ojith/ros2_ws/install/usb_cam/share/ament_index/resource_index/parent_prefix_path/usb_cam
[1.099s] -- Up-to-date symlink: /home/ojith/ros2_ws/install/usb_cam/share/usb_cam/environment/ament_prefix_path.sh
[1.110s] -- Up-to-date symlink: /home/ojith/ros2_ws/install/usb_cam/share/usb_cam/environment/ament_prefix_path.dsv
[1.122s] -- Up-to-date symlink: /home/ojith/ros2_ws/install/usb_cam/share/usb_cam/environment/path.sh
[1.135s] -- Up-to-date symlink: /home/ojith/ros2_ws/install/usb_cam/share/usb_cam/environment/path.dsv
[1.137s] -- Up-to-date symlink: /home/ojith/ros2_ws/install/usb_cam/share/usb_cam/local_setup.bash
[1.140s] -- Up-to-date symlink: /home/ojith/ros2_ws/install/usb_cam/share/usb_cam/local_setup.fish
[1.143s] -- Up-to-date symlink: /home/ojith/ros2_ws/install/usb_cam/share/usb_cam/local_setup.sh
[1.145s] -- Up-to-date symlink: /home/ojith/ros2_ws/install/usb_cam/share/usb_cam/local_setup.zsh
[1.146s] -- Up-to-date symlink: /home/ojith/ros2_ws/install/usb_cam/share/usb_cam/local_setup.dsv
[1.147s] -- Symlinking: /home/ojith/ros2_ws/install/usb_cam/share/usb_cam/package.dsv
[1.174s] -- Up-to-date symlink: /home/ojith/ros2_ws/install/usb_cam/share/ament_index/resource_index/packages/usb_cam
[1.177s] -- Up-to-date symlink: /home/ojith/ros2_ws/install/usb_cam/share/ament_index/resource_index/rclcpp_components/usb_cam
[1.182s] -- Up-to-date symlink: /home/ojith/ros2_ws/install/usb_cam/share/usb_cam/cmake/ament_cmake_export_libraries-extras.cmake
[1.196s] -- Up-to-date symlink: /home/ojith/ros2_ws/install/usb_cam/share/usb_cam/cmake/ament_cmake_export_dependencies-extras.cmake
[1.209s] -- Up-to-date symlink: /home/ojith/ros2_ws/install/usb_cam/share/usb_cam/cmake/ament_cmake_export_include_directories-extras.cmake
[1.212s] -- Up-to-date symlink: /home/ojith/ros2_ws/install/usb_cam/share/usb_cam/cmake/usb_camConfig.cmake
[1.212s] -- Up-to-date symlink: /home/ojith/ros2_ws/install/usb_cam/share/usb_cam/cmake/usb_camConfig-version.cmake
[1.227s] -- Up-to-date symlink: /home/ojith/ros2_ws/install/usb_cam/share/usb_cam/package.xml
[1.230s] Invoked command in '/home/ojith/ros2_ws/build/usb_cam' returned '0': CMAKE_PREFIX_PATH=${CMAKE_PREFIX_PATH}:/opt/ros/lyrical DEBUGINFOD_URLS=https://debuginfod.ubuntu.com /usr/bin/cmake --install /home/ojith/ros2_ws/build/usb_cam
