[0.016s] Invoking command in '/home/ojith/ros2_ws/build/teleop_interface': CMAKE_PREFIX_PATH=${CMAKE_PREFIX_PATH}:/opt/ros/lyrical DEBUGINFOD_URLS=https://debuginfod.ubuntu.com /usr/bin/cmake /home/ojith/ros2_ws/src/teleop_interface -DCMAKE_INSTALL_PREFIX=/home/ojith/ros2_ws/install/teleop_interface
[0.037s] -- Found ament_cmake: 2.8.7 (/opt/ros/lyrical/share/ament_cmake/cmake)
[0.190s] -- Override CMake install command with custom implementation using symlinks instead of copying resources
[0.200s] -- Found ament_lint_auto: 0.20.6 (/opt/ros/lyrical/share/ament_lint_auto/cmake)
[0.201s] -- Found rosidl_default_generators: 1.8.1 (/opt/ros/lyrical/share/rosidl_default_generators/cmake)
[0.204s] -- Using all available rosidl_typesupport_c: rosidl_typesupport_fastrtps_c;rosidl_typesupport_introspection_c
[0.229s] -- Using all available rosidl_typesupport_cpp: rosidl_typesupport_fastrtps_cpp;rosidl_typesupport_introspection_cpp
[0.254s] -- Found rosidl_adapter: 5.2.1 (/opt/ros/lyrical/share/rosidl_adapter/cmake)
[0.846s] -- Using all available rosidl_typesupport_c: rosidl_typesupport_fastrtps_c;rosidl_typesupport_introspection_c
[0.992s] -- Using all available rosidl_typesupport_cpp: rosidl_typesupport_fastrtps_cpp;rosidl_typesupport_introspection_cpp
[1.267s] -- Found Python3: /usr/bin/python3 (found version "3.14.4") found components: Interpreter Development NumPy Development.Module Development.Embed
[1.315s] -- Found Python3: /usr/bin/python3 (found version "3.14.4") found components: Interpreter
[1.333s] -- Added test 'lint_cmake' to check CMake code style
[1.333s] -- Added test 'xmllint' to check XML markup files
[1.345s] -- Configuring done (1.3s)
[1.459s] -- Generating done (0.1s)
[1.483s] -- Build files have been written to: /home/ojith/ros2_ws/build/teleop_interface
[1.493s] Invoked command in '/home/ojith/ros2_ws/build/teleop_interface' returned '0': CMAKE_PREFIX_PATH=${CMAKE_PREFIX_PATH}:/opt/ros/lyrical DEBUGINFOD_URLS=https://debuginfod.ubuntu.com /usr/bin/cmake /home/ojith/ros2_ws/src/teleop_interface -DCMAKE_INSTALL_PREFIX=/home/ojith/ros2_ws/install/teleop_interface
[1.495s] Invoking command in '/home/ojith/ros2_ws/build/teleop_interface': CMAKE_PREFIX_PATH=${CMAKE_PREFIX_PATH}:/opt/ros/lyrical DEBUGINFOD_URLS=https://debuginfod.ubuntu.com /usr/bin/cmake --build /home/ojith/ros2_ws/build/teleop_interface -- -j4 -l4
[1.567s] [  5%] Built target teleop_interface__rosidl_generator_type_description
[1.567s] [  5%] Built target teleop_interface__rs
[1.598s] [  8%] Built target teleop_interface__cpp
[1.604s] [ 22%] Built target teleop_interface__rosidl_generator_c
[1.652s] [ 40%] Built target teleop_interface__rosidl_typesupport_cpp
[1.652s] [ 40%] Built target teleop_interface__rosidl_typesupport_introspection_cpp
[1.657s] [ 48%] Built target teleop_interface__rosidl_typesupport_fastrtps_c
[1.696s] [ 74%] Built target teleop_interface__rosidl_typesupport_fastrtps_cpp
[1.696s] [ 74%] Built target teleop_interface__rosidl_typesupport_introspection_c
[1.696s] [ 74%] Built target teleop_interface__rosidl_typesupport_c
[1.732s] [ 74%] Built target teleop_interface
[1.757s] [ 77%] Built target teleop_interface__py
[1.790s] [ 82%] Built target teleop_interface__rosidl_generator_py
[1.828s] [ 88%] Built target teleop_interface_s__rosidl_typesupport_fastrtps_c
[1.837s] [ 88%] Built target ament_cmake_python_sync_teleop_interface
[1.848s] [ 94%] Built target teleop_interface_s__rosidl_typesupport_introspection_c
[1.886s] [100%] Built target teleop_interface_s__rosidl_typesupport_c
[2.177s] running egg_info
[2.199s] writing teleop_interface.egg-info/PKG-INFO
[2.200s] writing dependency_links to teleop_interface.egg-info/dependency_links.txt
[2.201s] writing top-level names to teleop_interface.egg-info/top_level.txt
[2.272s] reading manifest file 'teleop_interface.egg-info/SOURCES.txt'
[2.332s] writing manifest file 'teleop_interface.egg-info/SOURCES.txt'
[2.425s] [100%] Built target ament_cmake_python_build_teleop_interface_egg
[2.440s] Invoked command in '/home/ojith/ros2_ws/build/teleop_interface' returned '0': CMAKE_PREFIX_PATH=${CMAKE_PREFIX_PATH}:/opt/ros/lyrical DEBUGINFOD_URLS=https://debuginfod.ubuntu.com /usr/bin/cmake --build /home/ojith/ros2_ws/build/teleop_interface -- -j4 -l4
[2.453s] Invoking command in '/home/ojith/ros2_ws/build/teleop_interface': CMAKE_PREFIX_PATH=${CMAKE_PREFIX_PATH}:/opt/ros/lyrical DEBUGINFOD_URLS=https://debuginfod.ubuntu.com /usr/bin/cmake --install /home/ojith/ros2_ws/build/teleop_interface
[2.464s] -- Install configuration: ""
[2.465s] -- Execute custom install script
[2.465s] -- Up-to-date symlink: /home/ojith/ros2_ws/install/teleop_interface/share/ament_index/resource_index/rosidl_interfaces/teleop_interface
[2.465s] -- Up-to-date symlink: /home/ojith/ros2_ws/install/teleop_interface/share/teleop_interface/msg/Teleop.json
[2.466s] -- Up-to-date symlink: /home/ojith/ros2_ws/install/teleop_interface/include/teleop_interface/teleop_interface/msg/detail/teleop__functions.h
[2.466s] -- Up-to-date symlink: /home/ojith/ros2_ws/install/teleop_interface/include/teleop_interface/teleop_interface/msg/detail/teleop__struct.h
[2.467s] -- Up-to-date symlink: /home/ojith/ros2_ws/install/teleop_interface/include/teleop_interface/teleop_interface/msg/detail/teleop__type_support.h
[2.467s] -- Up-to-date symlink: /home/ojith/ros2_ws/install/teleop_interface/include/teleop_interface/teleop_interface/msg/rosidl_generator_c__visibility_control.h
[2.467s] -- Up-to-date symlink: /home/ojith/ros2_ws/install/teleop_interface/include/teleop_interface/teleop_interface/msg/teleop.h
[2.467s] -- Up-to-date symlink: /home/ojith/ros2_ws/install/teleop_interface/share/teleop_interface/environment/library_path.sh
[2.467s] -- Up-to-date symlink: /home/ojith/ros2_ws/install/teleop_interface/share/teleop_interface/environment/library_path.dsv
[2.468s] -- Up-to-date symlink: /home/ojith/ros2_ws/install/teleop_interface/include/teleop_interface/teleop_interface/msg/detail/teleop__rosidl_typesupport_fastrtps_c.h
[2.468s] -- Up-to-date symlink: /home/ojith/ros2_ws/install/teleop_interface/include/teleop_interface/teleop_interface/msg/rosidl_typesupport_fastrtps_c__visibility_control.h
[2.468s] -- Up-to-date symlink: /home/ojith/ros2_ws/install/teleop_interface/include/teleop_interface/teleop_interface/msg/detail/teleop__rosidl_typesupport_introspection_c.h
[2.468s] -- Up-to-date symlink: /home/ojith/ros2_ws/install/teleop_interface/include/teleop_interface/teleop_interface/msg/rosidl_typesupport_introspection_c__visibility_control.h
[2.469s] -- Up-to-date symlink: /home/ojith/ros2_ws/install/teleop_interface/include/teleop_interface/teleop_interface/msg/detail/teleop__builder.hpp
[2.469s] -- Up-to-date symlink: /home/ojith/ros2_ws/install/teleop_interface/include/teleop_interface/teleop_interface/msg/detail/teleop__struct.hpp
[2.469s] -- Up-to-date symlink: /home/ojith/ros2_ws/install/teleop_interface/include/teleop_interface/teleop_interface/msg/detail/teleop__traits.hpp
[2.469s] -- Up-to-date symlink: /home/ojith/ros2_ws/install/teleop_interface/include/teleop_interface/teleop_interface/msg/detail/teleop__type_support.hpp
[2.469s] -- Up-to-date symlink: /home/ojith/ros2_ws/install/teleop_interface/include/teleop_interface/teleop_interface/msg/rosidl_generator_cpp__visibility_control.hpp
[2.469s] -- Up-to-date symlink: /home/ojith/ros2_ws/install/teleop_interface/include/teleop_interface/teleop_interface/msg/teleop.hpp
[2.470s] -- Up-to-date symlink: /home/ojith/ros2_ws/install/teleop_interface/include/teleop_interface/teleop_interface/msg/detail/teleop__rosidl_typesupport_fastrtps_cpp.hpp
[2.470s] -- Up-to-date symlink: /home/ojith/ros2_ws/install/teleop_interface/include/teleop_interface/teleop_interface/msg/rosidl_typesupport_fastrtps_cpp__visibility_control.h
[2.470s] -- Up-to-date symlink: /home/ojith/ros2_ws/install/teleop_interface/include/teleop_interface/teleop_interface/msg/detail/teleop__rosidl_typesupport_introspection_cpp.hpp
[2.470s] -- Up-to-date symlink: /home/ojith/ros2_ws/install/teleop_interface/share/teleop_interface/environment/pythonpath.sh
[2.471s] -- Up-to-date symlink: /home/ojith/ros2_ws/install/teleop_interface/share/teleop_interface/environment/pythonpath.dsv
[2.471s] -- Up-to-date symlink: /home/ojith/ros2_ws/install/teleop_interface/lib/python3.14/site-packages/teleop_interface/teleop_interface_s__rosidl_typesupport_fastrtps_c.so
[2.471s] -- Up-to-date symlink: /home/ojith/ros2_ws/install/teleop_interface/lib/python3.14/site-packages/teleop_interface/teleop_interface_s__rosidl_typesupport_introspection_c.so
[2.471s] -- Up-to-date symlink: /home/ojith/ros2_ws/install/teleop_interface/lib/python3.14/site-packages/teleop_interface/teleop_interface_s__rosidl_typesupport_c.so
[2.472s] -- Up-to-date symlink: /home/ojith/ros2_ws/install/teleop_interface/share/ament_index/resource_index/rust_packages/teleop_interface
[2.472s] -- Up-to-date symlink: /home/ojith/ros2_ws/install/teleop_interface/share/teleop_interface/rust/Cargo.toml
[2.472s] -- Up-to-date symlink: /home/ojith/ros2_ws/install/teleop_interface/share/teleop_interface/rust/build.rs
[2.472s] -- Up-to-date symlink: /home/ojith/ros2_ws/install/teleop_interface/share/teleop_interface/rust/src/lib.rs
[2.472s] -- Up-to-date symlink: /home/ojith/ros2_ws/install/teleop_interface/share/teleop_interface/rust/src/msg.rs
[2.473s] -- Up-to-date symlink: /home/ojith/ros2_ws/install/teleop_interface/share/teleop_interface/rust/src/msg/rmw.rs
[2.473s] -- Up-to-date symlink: /home/ojith/ros2_ws/install/teleop_interface/share/teleop_interface/msg/Teleop.idl
[2.473s] -- Up-to-date symlink: /home/ojith/ros2_ws/install/teleop_interface/share/teleop_interface/msg/Teleop.msg
[2.473s] -- Up-to-date symlink: /home/ojith/ros2_ws/install/teleop_interface/share/ament_index/resource_index/package_run_dependencies/teleop_interface
[2.473s] -- Up-to-date symlink: /home/ojith/ros2_ws/install/teleop_interface/share/ament_index/resource_index/parent_prefix_path/teleop_interface
[2.474s] -- Up-to-date symlink: /home/ojith/ros2_ws/install/teleop_interface/share/teleop_interface/environment/ament_prefix_path.sh
[2.474s] -- Up-to-date symlink: /home/ojith/ros2_ws/install/teleop_interface/share/teleop_interface/environment/ament_prefix_path.dsv
[2.474s] -- Up-to-date symlink: /home/ojith/ros2_ws/install/teleop_interface/share/teleop_interface/environment/path.sh
[2.474s] -- Up-to-date symlink: /home/ojith/ros2_ws/install/teleop_interface/share/teleop_interface/environment/path.dsv
[2.475s] -- Up-to-date symlink: /home/ojith/ros2_ws/install/teleop_interface/share/teleop_interface/local_setup.bash
[2.475s] -- Up-to-date symlink: /home/ojith/ros2_ws/install/teleop_interface/share/teleop_interface/local_setup.fish
[2.475s] -- Up-to-date symlink: /home/ojith/ros2_ws/install/teleop_interface/share/teleop_interface/local_setup.sh
[2.475s] -- Up-to-date symlink: /home/ojith/ros2_ws/install/teleop_interface/share/teleop_interface/local_setup.zsh
[2.475s] -- Up-to-date symlink: /home/ojith/ros2_ws/install/teleop_interface/share/teleop_interface/local_setup.dsv
[2.476s] -- Symlinking: /home/ojith/ros2_ws/install/teleop_interface/share/teleop_interface/package.dsv
[2.487s] -- Up-to-date symlink: /home/ojith/ros2_ws/install/teleop_interface/share/ament_index/resource_index/packages/teleop_interface
[2.488s] -- Up-to-date symlink: /home/ojith/ros2_ws/install/teleop_interface/lib/python3.14/site-packages/teleop_interface-0.0.0-py3.14.egg-info/PKG-INFO
[2.488s] -- Up-to-date symlink: /home/ojith/ros2_ws/install/teleop_interface/lib/python3.14/site-packages/teleop_interface-0.0.0-py3.14.egg-info/SOURCES.txt
[2.488s] -- Up-to-date symlink: /home/ojith/ros2_ws/install/teleop_interface/lib/python3.14/site-packages/teleop_interface-0.0.0-py3.14.egg-info/dependency_links.txt
[2.488s] -- Up-to-date symlink: /home/ojith/ros2_ws/install/teleop_interface/lib/python3.14/site-packages/teleop_interface-0.0.0-py3.14.egg-info/top_level.txt
[2.489s] -- Up-to-date symlink: /home/ojith/ros2_ws/install/teleop_interface/lib/python3.14/site-packages/teleop_interface/__init__.py
[2.490s] -- Up-to-date symlink: /home/ojith/ros2_ws/install/teleop_interface/lib/python3.14/site-packages/teleop_interface/_teleop_interface_s.ep.rosidl_typesupport_c.c
[2.490s] -- Up-to-date symlink: /home/ojith/ros2_ws/install/teleop_interface/lib/python3.14/site-packages/teleop_interface/_teleop_interface_s.ep.rosidl_typesupport_fastrtps_c.c
[2.490s] -- Up-to-date symlink: /home/ojith/ros2_ws/install/teleop_interface/lib/python3.14/site-packages/teleop_interface/_teleop_interface_s.ep.rosidl_typesupport_introspection_c.c
[2.490s] -- Up-to-date symlink: /home/ojith/ros2_ws/install/teleop_interface/lib/python3.14/site-packages/teleop_interface/msg/__init__.py
[2.491s] -- Up-to-date symlink: /home/ojith/ros2_ws/install/teleop_interface/lib/python3.14/site-packages/teleop_interface/msg/_teleop.py
[2.492s] -- Up-to-date symlink: /home/ojith/ros2_ws/install/teleop_interface/lib/python3.14/site-packages/teleop_interface/msg/_teleop_s.c
[2.492s] -- Up-to-date symlink: /home/ojith/ros2_ws/install/teleop_interface/lib/python3.14/site-packages/teleop_interface/py.typed
[2.492s] -- Up-to-date symlink: /home/ojith/ros2_ws/install/teleop_interface/lib/python3.14/site-packages/teleop_interface/teleop_interface_s__rosidl_typesupport_c.so
[2.492s] -- Up-to-date symlink: /home/ojith/ros2_ws/install/teleop_interface/lib/python3.14/site-packages/teleop_interface/teleop_interface_s__rosidl_typesupport_fastrtps_c.so
[2.492s] -- Up-to-date symlink: /home/ojith/ros2_ws/install/teleop_interface/lib/python3.14/site-packages/teleop_interface/teleop_interface_s__rosidl_typesupport_introspection_c.so
[2.493s] -- Up-to-date symlink: /home/ojith/ros2_ws/install/teleop_interface/share/teleop_interface/cmake/rosidl_cmake-extras.cmake
[2.493s] -- Up-to-date symlink: /home/ojith/ros2_ws/install/teleop_interface/share/teleop_interface/cmake/ament_cmake_export_include_directories-extras.cmake
[2.493s] -- Up-to-date symlink: /home/ojith/ros2_ws/install/teleop_interface/share/teleop_interface/cmake/ament_cmake_export_libraries-extras.cmake
[2.494s] -- Up-to-date symlink: /home/ojith/ros2_ws/install/teleop_interface/share/teleop_interface/cmake/ament_cmake_export_targets-extras.cmake
[2.494s] -- Up-to-date symlink: /home/ojith/ros2_ws/install/teleop_interface/share/teleop_interface/cmake/rosidl_cmake_export_typesupport_targets-extras.cmake
[2.494s] -- Up-to-date symlink: /home/ojith/ros2_ws/install/teleop_interface/share/teleop_interface/cmake/ament_cmake_export_dependencies-extras.cmake
[2.494s] -- Up-to-date symlink: /home/ojith/ros2_ws/install/teleop_interface/share/teleop_interface/cmake/rosidl_cmake_export_typesupport_libraries-extras.cmake
[2.495s] -- Up-to-date symlink: /home/ojith/ros2_ws/install/teleop_interface/share/teleop_interface/cmake/rosidl_cmake_aggregate_target-extras.cmake
[2.495s] -- Up-to-date symlink: /home/ojith/ros2_ws/install/teleop_interface/share/teleop_interface/cmake/teleop_interfaceConfig.cmake
[2.495s] -- Up-to-date symlink: /home/ojith/ros2_ws/install/teleop_interface/share/teleop_interface/cmake/teleop_interfaceConfig-version.cmake
[2.495s] -- Up-to-date symlink: /home/ojith/ros2_ws/install/teleop_interface/share/teleop_interface/package.xml
[2.495s] -- Up-to-date: /home/ojith/ros2_ws/install/teleop_interface/lib/libteleop_interface__rosidl_generator_c.so
[2.495s] -- Up-to-date: /home/ojith/ros2_ws/install/teleop_interface/lib/libteleop_interface__rosidl_typesupport_fastrtps_c.so
[2.495s] -- Up-to-date: /home/ojith/ros2_ws/install/teleop_interface/lib/libteleop_interface__rosidl_typesupport_introspection_c.so
[2.496s] -- Up-to-date: /home/ojith/ros2_ws/install/teleop_interface/lib/libteleop_interface__rosidl_typesupport_c.so
[2.496s] -- Up-to-date: /home/ojith/ros2_ws/install/teleop_interface/lib/libteleop_interface__rosidl_typesupport_fastrtps_cpp.so
[2.496s] -- Up-to-date: /home/ojith/ros2_ws/install/teleop_interface/lib/libteleop_interface__rosidl_typesupport_introspection_cpp.so
[2.496s] -- Up-to-date: /home/ojith/ros2_ws/install/teleop_interface/lib/libteleop_interface__rosidl_typesupport_cpp.so
[2.496s] -- Up-to-date: /home/ojith/ros2_ws/install/teleop_interface/lib/libteleop_interface__rosidl_generator_py.so
[2.497s] -- Up-to-date: /home/ojith/ros2_ws/install/teleop_interface/share/teleop_interface/cmake/export_teleop_interface__rosidl_generator_cExport.cmake
[2.497s] -- Up-to-date: /home/ojith/ros2_ws/install/teleop_interface/share/teleop_interface/cmake/export_teleop_interface__rosidl_generator_cExport-noconfig.cmake
[2.497s] -- Up-to-date: /home/ojith/ros2_ws/install/teleop_interface/share/teleop_interface/cmake/export_teleop_interface__rosidl_typesupport_fastrtps_cExport.cmake
[2.497s] -- Up-to-date: /home/ojith/ros2_ws/install/teleop_interface/share/teleop_interface/cmake/export_teleop_interface__rosidl_typesupport_fastrtps_cExport-noconfig.cmake
[2.497s] -- Up-to-date: /home/ojith/ros2_ws/install/teleop_interface/share/teleop_interface/cmake/teleop_interface__rosidl_typesupport_introspection_cExport.cmake
[2.497s] -- Up-to-date: /home/ojith/ros2_ws/install/teleop_interface/share/teleop_interface/cmake/teleop_interface__rosidl_typesupport_introspection_cExport-noconfig.cmake
[2.497s] -- Up-to-date: /home/ojith/ros2_ws/install/teleop_interface/share/teleop_interface/cmake/teleop_interface__rosidl_typesupport_cExport.cmake
[2.497s] -- Up-to-date: /home/ojith/ros2_ws/install/teleop_interface/share/teleop_interface/cmake/teleop_interface__rosidl_typesupport_cExport-noconfig.cmake
[2.497s] -- Up-to-date: /home/ojith/ros2_ws/install/teleop_interface/share/teleop_interface/cmake/export_teleop_interface__rosidl_generator_cppExport.cmake
[2.498s] -- Up-to-date: /home/ojith/ros2_ws/install/teleop_interface/share/teleop_interface/cmake/export_teleop_interface__rosidl_typesupport_fastrtps_cppExport.cmake
[2.498s] -- Up-to-date: /home/ojith/ros2_ws/install/teleop_interface/share/teleop_interface/cmake/export_teleop_interface__rosidl_typesupport_fastrtps_cppExport-noconfig.cmake
[2.498s] -- Up-to-date: /home/ojith/ros2_ws/install/teleop_interface/share/teleop_interface/cmake/teleop_interface__rosidl_typesupport_introspection_cppExport.cmake
[2.498s] -- Up-to-date: /home/ojith/ros2_ws/install/teleop_interface/share/teleop_interface/cmake/teleop_interface__rosidl_typesupport_introspection_cppExport-noconfig.cmake
[2.498s] -- Up-to-date: /home/ojith/ros2_ws/install/teleop_interface/share/teleop_interface/cmake/teleop_interface__rosidl_typesupport_cppExport.cmake
[2.498s] -- Up-to-date: /home/ojith/ros2_ws/install/teleop_interface/share/teleop_interface/cmake/teleop_interface__rosidl_typesupport_cppExport-noconfig.cmake
[2.498s] -- Up-to-date: /home/ojith/ros2_ws/install/teleop_interface/share/teleop_interface/cmake/export_teleop_interface__rosidl_generator_pyExport.cmake
[2.498s] -- Up-to-date: /home/ojith/ros2_ws/install/teleop_interface/share/teleop_interface/cmake/export_teleop_interface__rosidl_generator_pyExport-noconfig.cmake
[2.565s] Listing '/home/ojith/ros2_ws/install/teleop_interface/lib/python3.14/site-packages/teleop_interface'...
[2.566s] Compiling '/home/ojith/ros2_ws/install/teleop_interface/lib/python3.14/site-packages/teleop_interface/__init__.py'...
[2.566s] Listing '/home/ojith/ros2_ws/install/teleop_interface/lib/python3.14/site-packages/teleop_interface/msg'...
[2.587s] Invoked command in '/home/ojith/ros2_ws/build/teleop_interface' returned '0': CMAKE_PREFIX_PATH=${CMAKE_PREFIX_PATH}:/opt/ros/lyrical DEBUGINFOD_URLS=https://debuginfod.ubuntu.com /usr/bin/cmake --install /home/ojith/ros2_ws/build/teleop_interface
