running develop
running egg_info
creating robot_car.egg-info
writing robot_car.egg-info/PKG-INFO
writing dependency_links to robot_car.egg-info/dependency_links.txt
writing entry points to robot_car.egg-info/entry_points.txt
writing requirements to robot_car.egg-info/requires.txt
writing top-level names to robot_car.egg-info/top_level.txt
writing manifest file 'robot_car.egg-info/SOURCES.txt'
reading manifest file 'robot_car.egg-info/SOURCES.txt'
writing manifest file 'robot_car.egg-info/SOURCES.txt'
running build_ext
Creating /home/ojith/ros2_ws/src/install/robot_car/lib/python3.14/site-packages/robot-car.egg-link (link to .)
Installing robot_controller_node script to /home/ojith/ros2_ws/src/install/robot_car/lib/robot_car
Installing teleop_robot_node script to /home/ojith/ros2_ws/src/install/robot_car/lib/robot_car

Installed /home/ojith/ros2_ws/src/build/robot_car
running symlink_data
creating /home/ojith/ros2_ws/src/install/robot_car/share/ament_index/resource_index/packages
symbolically linking /home/ojith/ros2_ws/src/build/robot_car/resource/robot_car -> /home/ojith/ros2_ws/src/install/robot_car/share/ament_index/resource_index/packages
symbolically linking /home/ojith/ros2_ws/src/build/robot_car/package.xml -> /home/ojith/ros2_ws/src/install/robot_car/share/robot_car
