[3.599s] Invoking command in '/home/ojith/ros2_ws/build/teleop_interface': CMAKE_PREFIX_PATH=${CMAKE_PREFIX_PATH}:/opt/ros/lyrical DEBUGINFOD_URLS=https://debuginfod.ubuntu.com /usr/bin/cmake --build /home/ojith/ros2_ws/build/teleop_interface -- -j4 -l4
[3.954s] [  2%] Built target teleop_interface__rosidl_generator_type_description
[3.982s] [  5%] Built target teleop_interface__rs
[4.023s] [  8%] Built target teleop_interface__cpp
[4.043s] [ 22%] Built target teleop_interface__rosidl_generator_c
[4.102s] [ 31%] Built target teleop_interface__rosidl_typesupport_introspection_cpp
[4.105s] [ 40%] Built target teleop_interface__rosidl_typesupport_fastrtps_cpp
[4.167s] [ 48%] Built target teleop_interface__rosidl_typesupport_cpp
[4.176s] [ 65%] Built target teleop_interface__rosidl_typesupport_introspection_c
[4.177s] [ 65%] Built target teleop_interface__rosidl_typesupport_fastrtps_c
[4.179s] [ 74%] Built target teleop_interface__rosidl_typesupport_c
[4.212s] [ 74%] Built target teleop_interface
[4.256s] [ 77%] Built target teleop_interface__py
[4.339s] [ 82%] Built target teleop_interface__rosidl_generator_py
[4.343s] [ 82%] Built target ament_cmake_python_sync_teleop_interface
[4.422s] [ 91%] Built target teleop_interface_s__rosidl_typesupport_fastrtps_c
[4.423s] [ 94%] Built target teleop_interface_s__rosidl_typesupport_introspection_c
[4.431s] [100%] Built target teleop_interface_s__rosidl_typesupport_c
[4.733s] running egg_info
[4.756s] writing teleop_interface.egg-info/PKG-INFO
[4.756s] writing dependency_links to teleop_interface.egg-info/dependency_links.txt
[4.756s] writing top-level names to teleop_interface.egg-info/top_level.txt
[4.827s] reading manifest file 'teleop_interface.egg-info/SOURCES.txt'
[4.843s] writing manifest file 'teleop_interface.egg-info/SOURCES.txt'
[4.940s] [100%] Built target ament_cmake_python_build_teleop_interface_egg
[4.955s] Invoked command in '/home/ojith/ros2_ws/build/teleop_interface' returned '0': CMAKE_PREFIX_PATH=${CMAKE_PREFIX_PATH}:/opt/ros/lyrical DEBUGINFOD_URLS=https://debuginfod.ubuntu.com /usr/bin/cmake --build /home/ojith/ros2_ws/build/teleop_interface -- -j4 -l4
[4.958s] Invoking command in '/home/ojith/ros2_ws/build/teleop_interface': CMAKE_PREFIX_PATH=${CMAKE_PREFIX_PATH}:/opt/ros/lyrical DEBUGINFOD_URLS=https://debuginfod.ubuntu.com /usr/bin/cmake --install /home/ojith/ros2_ws/build/teleop_interface
[4.970s] -- Install configuration: ""
[4.972s] -- Execute custom install script
[4.973s] -- Up-to-date symlink: /home/ojith/ros2_ws/install/teleop_interface/share/ament_index/resource_index/rosidl_interfaces/teleop_interface
[4.974s] -- Up-to-date symlink: /home/ojith/ros2_ws/install/teleop_interface/share/teleop_interface/msg/Teleop.json
[4.975s] -- Up-to-date symlink: /home/ojith/ros2_ws/install/teleop_interface/include/teleop_interface/teleop_interface/msg/detail/teleop__functions.h
[4.975s] -- Up-to-date symlink: /home/ojith/ros2_ws/install/teleop_interface/include/teleop_interface/teleop_interface/msg/detail/teleop__struct.h
[4.975s] -- Up-to-date symlink: /home/ojith/ros2_ws/install/teleop_interface/include/teleop_interface/teleop_interface/msg/detail/teleop__type_support.h
[4.976s] -- Up-to-date symlink: /home/ojith/ros2_ws/install/teleop_interface/include/teleop_interface/teleop_interface/msg/rosidl_generator_c__visibility_control.h
[4.977s] -- Up-to-date symlink: /home/ojith/ros2_ws/install/teleop_interface/include/teleop_interface/teleop_interface/msg/teleop.h
[4.977s] -- Up-to-date symlink: /home/ojith/ros2_ws/install/teleop_interface/share/teleop_interface/environment/library_path.sh
[4.978s] -- Up-to-date symlink: /home/ojith/ros2_ws/install/teleop_interface/share/teleop_interface/environment/library_path.dsv
[4.979s] -- Up-to-date symlink: /home/ojith/ros2_ws/install/teleop_interface/include/teleop_interface/teleop_interface/msg/detail/teleop__rosidl_typesupport_fastrtps_c.h
[4.980s] -- Up-to-date symlink: /home/ojith/ros2_ws/install/teleop_interface/include/teleop_interface/teleop_interface/msg/rosidl_typesupport_fastrtps_c__visibility_control.h
[4.981s] -- Up-to-date symlink: /home/ojith/ros2_ws/install/teleop_interface/include/teleop_interface/teleop_interface/msg/detail/teleop__rosidl_typesupport_introspection_c.h
[4.982s] -- Up-to-date symlink: /home/ojith/ros2_ws/install/teleop_interface/include/teleop_interface/teleop_interface/msg/rosidl_typesupport_introspection_c__visibility_control.h
[4.983s] -- Up-to-date symlink: /home/ojith/ros2_ws/install/teleop_interface/include/teleop_interface/teleop_interface/msg/detail/teleop__builder.hpp
[4.983s] -- Up-to-date symlink: /home/ojith/ros2_ws/install/teleop_interface/include/teleop_interface/teleop_interface/msg/detail/teleop__struct.hpp
[4.984s] -- Up-to-date symlink: /home/ojith/ros2_ws/install/teleop_interface/include/teleop_interface/teleop_interface/msg/detail/teleop__traits.hpp
[4.984s] -- Up-to-date symlink: /home/ojith/ros2_ws/install/teleop_interface/include/teleop_interface/teleop_interface/msg/detail/teleop__type_support.hpp
[4.985s] -- Up-to-date symlink: /home/ojith/ros2_ws/install/teleop_interface/include/teleop_interface/teleop_interface/msg/rosidl_generator_cpp__visibility_control.hpp
[4.985s] -- Up-to-date symlink: /home/ojith/ros2_ws/install/teleop_interface/include/teleop_interface/teleop_interface/msg/teleop.hpp
[4.986s] -- Up-to-date symlink: /home/ojith/ros2_ws/install/teleop_interface/include/teleop_interface/teleop_interface/msg/detail/teleop__rosidl_typesupport_fastrtps_cpp.hpp
[4.987s] -- Up-to-date symlink: /home/ojith/ros2_ws/install/teleop_interface/include/teleop_interface/teleop_interface/msg/rosidl_typesupport_fastrtps_cpp__visibility_control.h
[4.988s] -- Up-to-date symlink: /home/ojith/ros2_ws/install/teleop_interface/include/teleop_interface/teleop_interface/msg/detail/teleop__rosidl_typesupport_introspection_cpp.hpp
[4.989s] -- Up-to-date symlink: /home/ojith/ros2_ws/install/teleop_interface/share/teleop_interface/environment/pythonpath.sh
[4.989s] -- Up-to-date symlink: /home/ojith/ros2_ws/install/teleop_interface/share/teleop_interface/environment/pythonpath.dsv
[4.990s] -- Up-to-date symlink: /home/ojith/ros2_ws/install/teleop_interface/lib/python3.14/site-packages/teleop_interface/teleop_interface_s__rosidl_typesupport_fastrtps_c.so
[4.992s] -- Up-to-date symlink: /home/ojith/ros2_ws/install/teleop_interface/lib/python3.14/site-packages/teleop_interface/teleop_interface_s__rosidl_typesupport_introspection_c.so
[4.993s] -- Up-to-date symlink: /home/ojith/ros2_ws/install/teleop_interface/lib/python3.14/site-packages/teleop_interface/teleop_interface_s__rosidl_typesupport_c.so
[4.994s] -- Up-to-date symlink: /home/ojith/ros2_ws/install/teleop_interface/share/ament_index/resource_index/rust_packages/teleop_interface
[4.995s] -- Up-to-date symlink: /home/ojith/ros2_ws/install/teleop_interface/share/teleop_interface/rust/Cargo.toml
[4.995s] -- Up-to-date symlink: /home/ojith/ros2_ws/install/teleop_interface/share/teleop_interface/rust/build.rs
[4.995s] -- Up-to-date symlink: /home/ojith/ros2_ws/install/teleop_interface/share/teleop_interface/rust/src/lib.rs
[4.995s] -- Up-to-date symlink: /home/ojith/ros2_ws/install/teleop_interface/share/teleop_interface/rust/src/msg.rs
[4.995s] -- Up-to-date symlink: /home/ojith/ros2_ws/install/teleop_interface/share/teleop_interface/rust/src/msg/rmw.rs
[4.996s] -- Up-to-date symlink: /home/ojith/ros2_ws/install/teleop_interface/share/teleop_interface/msg/Teleop.idl
[4.997s] -- Up-to-date symlink: /home/ojith/ros2_ws/install/teleop_interface/share/teleop_interface/msg/Teleop.msg
[4.998s] -- Up-to-date symlink: /home/ojith/ros2_ws/install/teleop_interface/share/ament_index/resource_index/package_run_dependencies/teleop_interface
[4.998s] -- Up-to-date symlink: /home/ojith/ros2_ws/install/teleop_interface/share/ament_index/resource_index/parent_prefix_path/teleop_interface
[4.999s] -- Up-to-date symlink: /home/ojith/ros2_ws/install/teleop_interface/share/teleop_interface/environment/ament_prefix_path.sh
[5.000s] -- Up-to-date symlink: /home/ojith/ros2_ws/install/teleop_interface/share/teleop_interface/environment/ament_prefix_path.dsv
[5.000s] -- Up-to-date symlink: /home/ojith/ros2_ws/install/teleop_interface/share/teleop_interface/environment/path.sh
[5.001s] -- Up-to-date symlink: /home/ojith/ros2_ws/install/teleop_interface/share/teleop_interface/environment/path.dsv
[5.002s] -- Up-to-date symlink: /home/ojith/ros2_ws/install/teleop_interface/share/teleop_interface/local_setup.bash
[5.002s] -- Up-to-date symlink: /home/ojith/ros2_ws/install/teleop_interface/share/teleop_interface/local_setup.fish
[5.003s] -- Up-to-date symlink: /home/ojith/ros2_ws/install/teleop_interface/share/teleop_interface/local_setup.sh
[5.004s] -- Up-to-date symlink: /home/ojith/ros2_ws/install/teleop_interface/share/teleop_interface/local_setup.zsh
[5.004s] -- Up-to-date symlink: /home/ojith/ros2_ws/install/teleop_interface/share/teleop_interface/local_setup.dsv
[5.005s] -- Symlinking: /home/ojith/ros2_ws/install/teleop_interface/share/teleop_interface/package.dsv
[5.019s] -- Up-to-date symlink: /home/ojith/ros2_ws/install/teleop_interface/share/ament_index/resource_index/packages/teleop_interface
[5.019s] -- Up-to-date symlink: /home/ojith/ros2_ws/install/teleop_interface/lib/python3.14/site-packages/teleop_interface-0.0.0-py3.14.egg-info/PKG-INFO
[5.020s] -- Up-to-date symlink: /home/ojith/ros2_ws/install/teleop_interface/lib/python3.14/site-packages/teleop_interface-0.0.0-py3.14.egg-info/SOURCES.txt
[5.020s] -- Up-to-date symlink: /home/ojith/ros2_ws/install/teleop_interface/lib/python3.14/site-packages/teleop_interface-0.0.0-py3.14.egg-info/dependency_links.txt
[5.020s] -- Up-to-date symlink: /home/ojith/ros2_ws/install/teleop_interface/lib/python3.14/site-packages/teleop_interface-0.0.0-py3.14.egg-info/top_level.txt
[5.021s] -- Up-to-date symlink: /home/ojith/ros2_ws/install/teleop_interface/lib/python3.14/site-packages/teleop_interface/__init__.py
[5.022s] -- Up-to-date symlink: /home/ojith/ros2_ws/install/teleop_interface/lib/python3.14/site-packages/teleop_interface/_teleop_interface_s.ep.rosidl_typesupport_c.c
[5.022s] -- Up-to-date symlink: /home/ojith/ros2_ws/install/teleop_interface/lib/python3.14/site-packages/teleop_interface/_teleop_interface_s.ep.rosidl_typesupport_fastrtps_c.c
[5.022s] -- Up-to-date symlink: /home/ojith/ros2_ws/install/teleop_interface/lib/python3.14/site-packages/teleop_interface/_teleop_interface_s.ep.rosidl_typesupport_introspection_c.c
[5.023s] -- Up-to-date symlink: /home/ojith/ros2_ws/install/teleop_interface/lib/python3.14/site-packages/teleop_interface/msg/__init__.py
[5.023s] -- Up-to-date symlink: /home/ojith/ros2_ws/install/teleop_interface/lib/python3.14/site-packages/teleop_interface/msg/_teleop.py
[5.024s] -- Up-to-date symlink: /home/ojith/ros2_ws/install/teleop_interface/lib/python3.14/site-packages/teleop_interface/msg/_teleop_s.c
[5.024s] -- Up-to-date symlink: /home/ojith/ros2_ws/install/teleop_interface/lib/python3.14/site-packages/teleop_interface/py.typed
[5.024s] -- Up-to-date symlink: /home/ojith/ros2_ws/install/teleop_interface/lib/python3.14/site-packages/teleop_interface/teleop_interface_s__rosidl_typesupport_c.so
[5.025s] -- Up-to-date symlink: /home/ojith/ros2_ws/install/teleop_interface/lib/python3.14/site-packages/teleop_interface/teleop_interface_s__rosidl_typesupport_fastrtps_c.so
[5.025s] -- Up-to-date symlink: /home/ojith/ros2_ws/install/teleop_interface/lib/python3.14/site-packages/teleop_interface/teleop_interface_s__rosidl_typesupport_introspection_c.so
[5.025s] -- Up-to-date symlink: /home/ojith/ros2_ws/install/teleop_interface/share/teleop_interface/cmake/rosidl_cmake-extras.cmake
[5.026s] -- Up-to-date symlink: /home/ojith/ros2_ws/install/teleop_interface/share/teleop_interface/cmake/ament_cmake_export_include_directories-extras.cmake
[5.027s] -- Up-to-date symlink: /home/ojith/ros2_ws/install/teleop_interface/share/teleop_interface/cmake/ament_cmake_export_libraries-extras.cmake
[5.028s] -- Up-to-date symlink: /home/ojith/ros2_ws/install/teleop_interface/share/teleop_interface/cmake/ament_cmake_export_targets-extras.cmake
[5.029s] -- Up-to-date symlink: /home/ojith/ros2_ws/install/teleop_interface/share/teleop_interface/cmake/rosidl_cmake_export_typesupport_targets-extras.cmake
[5.029s] -- Up-to-date symlink: /home/ojith/ros2_ws/install/teleop_interface/share/teleop_interface/cmake/ament_cmake_export_dependencies-extras.cmake
[5.030s] -- Up-to-date symlink: /home/ojith/ros2_ws/install/teleop_interface/share/teleop_interface/cmake/rosidl_cmake_export_typesupport_libraries-extras.cmake
[5.030s] -- Up-to-date symlink: /home/ojith/ros2_ws/install/teleop_interface/share/teleop_interface/cmake/rosidl_cmake_aggregate_target-extras.cmake
[5.031s] -- Up-to-date symlink: /home/ojith/ros2_ws/install/teleop_interface/share/teleop_interface/cmake/teleop_interfaceConfig.cmake
[5.031s] -- Up-to-date symlink: /home/ojith/ros2_ws/install/teleop_interface/share/teleop_interface/cmake/teleop_interfaceConfig-version.cmake
[5.032s] -- Up-to-date symlink: /home/ojith/ros2_ws/install/teleop_interface/share/teleop_interface/package.xml
[5.034s] -- Up-to-date: /home/ojith/ros2_ws/install/teleop_interface/lib/libteleop_interface__rosidl_generator_c.so
[5.037s] -- Up-to-date: /home/ojith/ros2_ws/install/teleop_interface/lib/libteleop_interface__rosidl_typesupport_fastrtps_c.so
[5.038s] -- Up-to-date: /home/ojith/ros2_ws/install/teleop_interface/lib/libteleop_interface__rosidl_typesupport_introspection_c.so
[5.040s] -- Up-to-date: /home/ojith/ros2_ws/install/teleop_interface/lib/libteleop_interface__rosidl_typesupport_c.so
[5.042s] -- Up-to-date: /home/ojith/ros2_ws/install/teleop_interface/lib/libteleop_interface__rosidl_typesupport_fastrtps_cpp.so
[5.044s] -- Up-to-date: /home/ojith/ros2_ws/install/teleop_interface/lib/libteleop_interface__rosidl_typesupport_introspection_cpp.so
[5.046s] -- Up-to-date: /home/ojith/ros2_ws/install/teleop_interface/lib/libteleop_interface__rosidl_typesupport_cpp.so
[5.049s] -- Up-to-date: /home/ojith/ros2_ws/install/teleop_interface/lib/libteleop_interface__rosidl_generator_py.so
[5.051s] -- Up-to-date: /home/ojith/ros2_ws/install/teleop_interface/share/teleop_interface/cmake/export_teleop_interface__rosidl_generator_cExport.cmake
[5.051s] -- Up-to-date: /home/ojith/ros2_ws/install/teleop_interface/share/teleop_interface/cmake/export_teleop_interface__rosidl_generator_cExport-noconfig.cmake
[5.053s] -- Up-to-date: /home/ojith/ros2_ws/install/teleop_interface/share/teleop_interface/cmake/export_teleop_interface__rosidl_typesupport_fastrtps_cExport.cmake
[5.054s] -- Up-to-date: /home/ojith/ros2_ws/install/teleop_interface/share/teleop_interface/cmake/export_teleop_interface__rosidl_typesupport_fastrtps_cExport-noconfig.cmake
[5.054s] -- Up-to-date: /home/ojith/ros2_ws/install/teleop_interface/share/teleop_interface/cmake/teleop_interface__rosidl_typesupport_introspection_cExport.cmake
[5.055s] -- Up-to-date: /home/ojith/ros2_ws/install/teleop_interface/share/teleop_interface/cmake/teleop_interface__rosidl_typesupport_introspection_cExport-noconfig.cmake
[5.056s] -- Up-to-date: /home/ojith/ros2_ws/install/teleop_interface/share/teleop_interface/cmake/teleop_interface__rosidl_typesupport_cExport.cmake
[5.056s] -- Up-to-date: /home/ojith/ros2_ws/install/teleop_interface/share/teleop_interface/cmake/teleop_interface__rosidl_typesupport_cExport-noconfig.cmake
[5.057s] -- Up-to-date: /home/ojith/ros2_ws/install/teleop_interface/share/teleop_interface/cmake/export_teleop_interface__rosidl_generator_cppExport.cmake
[5.058s] -- Up-to-date: /home/ojith/ros2_ws/install/teleop_interface/share/teleop_interface/cmake/export_teleop_interface__rosidl_typesupport_fastrtps_cppExport.cmake
[5.058s] -- Up-to-date: /home/ojith/ros2_ws/install/teleop_interface/share/teleop_interface/cmake/export_teleop_interface__rosidl_typesupport_fastrtps_cppExport-noconfig.cmake
[5.059s] -- Up-to-date: /home/ojith/ros2_ws/install/teleop_interface/share/teleop_interface/cmake/teleop_interface__rosidl_typesupport_introspection_cppExport.cmake
[5.059s] -- Up-to-date: /home/ojith/ros2_ws/install/teleop_interface/share/teleop_interface/cmake/teleop_interface__rosidl_typesupport_introspection_cppExport-noconfig.cmake
[5.061s] -- Up-to-date: /home/ojith/ros2_ws/install/teleop_interface/share/teleop_interface/cmake/teleop_interface__rosidl_typesupport_cppExport.cmake
[5.061s] -- Up-to-date: /home/ojith/ros2_ws/install/teleop_interface/share/teleop_interface/cmake/teleop_interface__rosidl_typesupport_cppExport-noconfig.cmake
[5.063s] -- Up-to-date: /home/ojith/ros2_ws/install/teleop_interface/share/teleop_interface/cmake/export_teleop_interface__rosidl_generator_pyExport.cmake
[5.063s] -- Up-to-date: /home/ojith/ros2_ws/install/teleop_interface/share/teleop_interface/cmake/export_teleop_interface__rosidl_generator_pyExport-noconfig.cmake
[5.145s] Listing '/home/ojith/ros2_ws/install/teleop_interface/lib/python3.14/site-packages/teleop_interface'...
[5.146s] Listing '/home/ojith/ros2_ws/install/teleop_interface/lib/python3.14/site-packages/teleop_interface/msg'...
[5.170s] Invoked command in '/home/ojith/ros2_ws/build/teleop_interface' returned '0': CMAKE_PREFIX_PATH=${CMAKE_PREFIX_PATH}:/opt/ros/lyrical DEBUGINFOD_URLS=https://debuginfod.ubuntu.com /usr/bin/cmake --install /home/ojith/ros2_ws/build/teleop_interface
