[2.643s] Invoking command in '/home/ojith/ros2_ws/src/build/robot_control': DEBUGINFOD_URLS=https://debuginfod.ubuntu.com PYTHONPATH=/home/ojith/ros2_ws/src/build/robot_control/prefix_override:/usr/lib/python3/dist-packages/colcon_core/task/python/colcon_distutils_commands:/home/ojith/ros2_ws/src/install/robot_control/lib/python3.14/site-packages:${PYTHONPATH} /usr/bin/python3 -W ignore:setup.py install is deprecated -W ignore:easy_install command is deprecated setup.py develop --editable --build-directory /home/ojith/ros2_ws/src/build/robot_control/build --no-deps symlink_data
[3.213s] running develop
[3.422s] running egg_info
[3.450s] creating robot_control.egg-info
[3.451s] writing robot_control.egg-info/PKG-INFO
[3.454s] writing dependency_links to robot_control.egg-info/dependency_links.txt
[3.474s] writing requirements to robot_control.egg-info/requires.txt
[3.474s] writing top-level names to robot_control.egg-info/top_level.txt
[3.474s] writing manifest file 'robot_control.egg-info/SOURCES.txt'
[3.539s] reading manifest file 'robot_control.egg-info/SOURCES.txt'
[3.541s] writing manifest file 'robot_control.egg-info/SOURCES.txt'
[3.587s] running build_ext
[3.587s] Creating /home/ojith/ros2_ws/src/install/robot_control/lib/python3.14/site-packages/robot-control.egg-link (link to .)
[3.589s] 
[3.589s] Installed /home/ojith/ros2_ws/src/build/robot_control
[3.589s] running symlink_data
[3.591s] creating /home/ojith/ros2_ws/src/install/robot_control/share/ament_index/resource_index/packages
[3.591s] symbolically linking /home/ojith/ros2_ws/src/build/robot_control/resource/robot_control -> /home/ojith/ros2_ws/src/install/robot_control/share/ament_index/resource_index/packages
[3.591s] symbolically linking /home/ojith/ros2_ws/src/build/robot_control/package.xml -> /home/ojith/ros2_ws/src/install/robot_control/share/robot_control
[3.700s] Invoked command in '/home/ojith/ros2_ws/src/build/robot_control' returned '0': DEBUGINFOD_URLS=https://debuginfod.ubuntu.com PYTHONPATH=/home/ojith/ros2_ws/src/build/robot_control/prefix_override:/usr/lib/python3/dist-packages/colcon_core/task/python/colcon_distutils_commands:/home/ojith/ros2_ws/src/install/robot_control/lib/python3.14/site-packages:${PYTHONPATH} /usr/bin/python3 -W ignore:setup.py install is deprecated -W ignore:easy_install command is deprecated setup.py develop --editable --build-directory /home/ojith/ros2_ws/src/build/robot_control/build --no-deps symlink_data
