[0.364s] Invoking command in '/home/ojith/ros2_ws/src/build/teleop_interface': CMAKE_PREFIX_PATH=${CMAKE_PREFIX_PATH}:/opt/ros/lyrical DEBUGINFOD_URLS=https://debuginfod.ubuntu.com /usr/bin/cmake --build /home/ojith/ros2_ws/src/build/teleop_interface -- -j4 -l4
[0.447s] -- Found ament_cmake: 2.8.7 (/opt/ros/lyrical/share/ament_cmake/cmake)
[1.047s] -- Override CMake install command with custom implementation using symlinks instead of copying resources
[1.134s] -- Found ament_lint_auto: 0.20.6 (/opt/ros/lyrical/share/ament_lint_auto/cmake)
[1.144s] -- Found rosidl_default_generators: 1.8.1 (/opt/ros/lyrical/share/rosidl_default_generators/cmake)
[1.159s] -- Using all available rosidl_typesupport_c: rosidl_typesupport_fastrtps_c;rosidl_typesupport_introspection_c
[1.292s] -- Using all available rosidl_typesupport_cpp: rosidl_typesupport_fastrtps_cpp;rosidl_typesupport_introspection_cpp
[1.419s] -- Found rosidl_adapter: 5.2.1 (/opt/ros/lyrical/share/rosidl_adapter/cmake)
[1.606s] -- Found Python3: /usr/bin/python3 (found version "3.14.4") found components: Interpreter
[2.915s] -- Using all available rosidl_typesupport_c: rosidl_typesupport_fastrtps_c;rosidl_typesupport_introspection_c
[3.685s] -- Using all available rosidl_typesupport_cpp: rosidl_typesupport_fastrtps_cpp;rosidl_typesupport_introspection_cpp
[4.309s] -- Found Python3: /usr/bin/python3 (found version "3.14.4") found components: Interpreter Development NumPy Development.Module Development.Embed
[4.398s] -- Found Python3: /usr/bin/python3 (found version "3.14.4") found components: Interpreter
[4.441s] -- Added test 'lint_cmake' to check CMake code style
[4.445s] -- Added test 'xmllint' to check XML markup files
[4.566s] -- Configuring done (4.2s)
[5.018s] -- Generating done (0.4s)
[5.037s] -- Build files have been written to: /home/ojith/ros2_ws/src/build/teleop_interface
[5.105s] [  2%] [1m[34mGenerating Rust code for ROS interfaces[0m
[5.105s] [  5%] [1m[34mGenerating type hashes for ROS interfaces[0m
[5.472s] [  5%] Built target teleop_interface__rosidl_generator_type_description
[5.496s] [  8%] [1m[34mGenerating C code for ROS interfaces[0m
[5.514s] [ 11%] [1m[34mGenerating C++ code for ROS interfaces[0m
[5.577s] [ 11%] Built target teleop_interface__rs
[5.944s] [ 11%] Built target teleop_interface__cpp
[6.226s] [ 20%] [32mBuilding C object CMakeFiles/teleop_interface__rosidl_generator_c.dir/rosidl_generator_c/teleop_interface/msg/detail/teleop__type_support.c.o[0m
[6.226s] [ 20%] [32mBuilding C object CMakeFiles/teleop_interface__rosidl_generator_c.dir/rosidl_generator_c/teleop_interface/msg/detail/teleop__description.c.o[0m
[6.227s] [ 20%] [32mBuilding C object CMakeFiles/teleop_interface__rosidl_generator_c.dir/rosidl_generator_c/teleop_interface/msg/detail/teleop__functions.c.o[0m
[6.322s] [ 22%] [1m[32mLinking C shared library libteleop_interface__rosidl_generator_c.so[0m
[6.377s] [ 22%] Built target teleop_interface__rosidl_generator_c
[6.392s] [ 25%] [1m[34mGenerating C++ type support for eProsima Fast-RTPS[0m
[6.762s] [ 28%] [1m[34mGenerating C++ introspection for ROS interfaces[0m
[6.763s] [ 31%] [32mBuilding CXX object CMakeFiles/teleop_interface__rosidl_typesupport_fastrtps_cpp.dir/rosidl_typesupport_fastrtps_cpp/teleop_interface/msg/detail/dds_fastrtps/teleop__type_support.cpp.o[0m
[6.764s] [ 34%] [1m[34mGenerating C++ type support dispatch for ROS interfaces[0m
[6.765s] [ 37%] [1m[34mGenerating C type support for eProsima Fast-RTPS[0m
[7.324s] [ 40%] [32mBuilding CXX object CMakeFiles/teleop_interface__rosidl_typesupport_cpp.dir/rosidl_typesupport_cpp/teleop_interface/msg/teleop__type_support.cpp.o[0m
[7.366s] [ 42%] [32mBuilding CXX object CMakeFiles/teleop_interface__rosidl_typesupport_introspection_cpp.dir/rosidl_typesupport_introspection_cpp/teleop_interface/msg/detail/teleop__type_support.cpp.o[0m
[7.375s] [ 45%] [32mBuilding CXX object CMakeFiles/teleop_interface__rosidl_typesupport_fastrtps_c.dir/rosidl_typesupport_fastrtps_c/teleop_interface/msg/detail/teleop__type_support_c.cpp.o[0m
[8.109s] [ 48%] [1m[32mLinking CXX shared library libteleop_interface__rosidl_typesupport_fastrtps_cpp.so[0m
[8.168s] [ 51%] [1m[32mLinking CXX shared library libteleop_interface__rosidl_typesupport_cpp.so[0m
[8.284s] [ 51%] Built target teleop_interface__rosidl_typesupport_cpp
[8.318s] [ 54%] [1m[32mLinking CXX shared library libteleop_interface__rosidl_typesupport_introspection_cpp.so[0m
[8.322s] [ 54%] Built target teleop_interface__rosidl_typesupport_fastrtps_cpp
[8.448s] [ 54%] Built target teleop_interface__rosidl_typesupport_introspection_cpp
[8.463s] [ 60%] [1m[34mGenerating C type support dispatch for ROS interfaces[0m
[8.464s] [ 60%] [1m[34mGenerating C introspection for ROS interfaces[0m
[8.522s] [ 62%] [1m[32mLinking CXX shared library libteleop_interface__rosidl_typesupport_fastrtps_c.so[0m
[8.668s] [ 62%] Built target teleop_interface__rosidl_typesupport_fastrtps_c
[8.956s] [ 65%] [32mBuilding CXX object CMakeFiles/teleop_interface__rosidl_typesupport_c.dir/rosidl_typesupport_c/teleop_interface/msg/teleop__type_support.cpp.o[0m
[8.988s] [ 68%] [32mBuilding C object CMakeFiles/teleop_interface__rosidl_typesupport_introspection_c.dir/rosidl_typesupport_introspection_c/teleop_interface/msg/detail/teleop__type_support.c.o[0m
[9.023s] [ 71%] [1m[32mLinking CXX shared library libteleop_interface__rosidl_typesupport_c.so[0m
[9.046s] [ 74%] [1m[32mLinking C shared library libteleop_interface__rosidl_typesupport_introspection_c.so[0m
[9.088s] [ 74%] Built target teleop_interface__rosidl_typesupport_c
[9.096s] [ 74%] Built target teleop_interface__rosidl_typesupport_introspection_c
[9.124s] [ 74%] Built target teleop_interface
[9.150s] [ 77%] [1m[34mGenerating Python code for ROS interfaces[0m
[9.677s] [ 77%] Built target teleop_interface__py
[9.706s] [ 80%] [32mBuilding C object CMakeFiles/teleop_interface__rosidl_generator_py.dir/rosidl_generator_py/teleop_interface/msg/_teleop_s.c.o[0m
[9.720s] [ 80%] Built target ament_cmake_python_sync_teleop_interface
[9.982s] [ 82%] [1m[32mLinking C shared library libteleop_interface__rosidl_generator_py.so[0m
[10.051s] [ 82%] Built target teleop_interface__rosidl_generator_py
[10.053s] running egg_info
[10.089s] [ 85%] [32mBuilding C object CMakeFiles/teleop_interface_s__rosidl_typesupport_fastrtps_c.dir/rosidl_generator_py/teleop_interface/_teleop_interface_s.ep.rosidl_typesupport_fastrtps_c.c.o[0m
[10.090s] creating teleop_interface.egg-info
[10.093s] writing teleop_interface.egg-info/PKG-INFO
[10.094s] writing dependency_links to teleop_interface.egg-info/dependency_links.txt
[10.094s] writing top-level names to teleop_interface.egg-info/top_level.txt
[10.095s] writing manifest file 'teleop_interface.egg-info/SOURCES.txt'
[10.097s] [ 88%] [32mBuilding C object CMakeFiles/teleop_interface_s__rosidl_typesupport_introspection_c.dir/rosidl_generator_py/teleop_interface/_teleop_interface_s.ep.rosidl_typesupport_introspection_c.c.o[0m
[10.179s] reading manifest file 'teleop_interface.egg-info/SOURCES.txt'
[10.182s] writing manifest file 'teleop_interface.egg-info/SOURCES.txt'
[10.285s] [ 88%] Built target ament_cmake_python_build_teleop_interface_egg
[10.369s] [ 91%] [32mBuilding C object CMakeFiles/teleop_interface_s__rosidl_typesupport_c.dir/rosidl_generator_py/teleop_interface/_teleop_interface_s.ep.rosidl_typesupport_c.c.o[0m
[10.385s] [ 97%] [1m[32mLinking C shared module rosidl_generator_py/teleop_interface/teleop_interface_s__rosidl_typesupport_fastrtps_c.so[0m
[10.385s] [ 97%] [1m[32mLinking C shared module rosidl_generator_py/teleop_interface/teleop_interface_s__rosidl_typesupport_introspection_c.so[0m
[10.446s] [ 97%] Built target teleop_interface_s__rosidl_typesupport_introspection_c
[10.448s] [ 97%] Built target teleop_interface_s__rosidl_typesupport_fastrtps_c
[10.537s] [100%] [1m[32mLinking C shared module rosidl_generator_py/teleop_interface/teleop_interface_s__rosidl_typesupport_c.so[0m
[10.581s] [100%] Built target teleop_interface_s__rosidl_typesupport_c
[10.599s] Invoked command in '/home/ojith/ros2_ws/src/build/teleop_interface' returned '0': CMAKE_PREFIX_PATH=${CMAKE_PREFIX_PATH}:/opt/ros/lyrical DEBUGINFOD_URLS=https://debuginfod.ubuntu.com /usr/bin/cmake --build /home/ojith/ros2_ws/src/build/teleop_interface -- -j4 -l4
[10.603s] Invoking command in '/home/ojith/ros2_ws/src/build/teleop_interface': CMAKE_PREFIX_PATH=${CMAKE_PREFIX_PATH}:/opt/ros/lyrical DEBUGINFOD_URLS=https://debuginfod.ubuntu.com /usr/bin/cmake --install /home/ojith/ros2_ws/src/build/teleop_interface
[10.614s] -- Install configuration: ""
[10.615s] -- Execute custom install script
[10.615s] -- Symlinking: /home/ojith/ros2_ws/src/install/teleop_interface/share/ament_index/resource_index/rosidl_interfaces/teleop_interface
[10.628s] -- Symlinking: /home/ojith/ros2_ws/src/install/teleop_interface/share/teleop_interface/msg/Teleop.json
[10.640s] -- Symlinking: /home/ojith/ros2_ws/src/install/teleop_interface/include/teleop_interface/teleop_interface/msg/detail/teleop__functions.h
[10.654s] -- Symlinking: /home/ojith/ros2_ws/src/install/teleop_interface/include/teleop_interface/teleop_interface/msg/detail/teleop__struct.h
[10.664s] -- Symlinking: /home/ojith/ros2_ws/src/install/teleop_interface/include/teleop_interface/teleop_interface/msg/detail/teleop__type_support.h
[10.676s] -- Symlinking: /home/ojith/ros2_ws/src/install/teleop_interface/include/teleop_interface/teleop_interface/msg/rosidl_generator_c__visibility_control.h
[10.687s] -- Symlinking: /home/ojith/ros2_ws/src/install/teleop_interface/include/teleop_interface/teleop_interface/msg/teleop.h
[10.699s] -- Symlinking: /home/ojith/ros2_ws/src/install/teleop_interface/share/teleop_interface/environment/library_path.sh
[10.711s] -- Symlinking: /home/ojith/ros2_ws/src/install/teleop_interface/share/teleop_interface/environment/library_path.dsv
[10.724s] -- Symlinking: /home/ojith/ros2_ws/src/install/teleop_interface/include/teleop_interface/teleop_interface/msg/detail/teleop__rosidl_typesupport_fastrtps_c.h
[10.737s] -- Symlinking: /home/ojith/ros2_ws/src/install/teleop_interface/include/teleop_interface/teleop_interface/msg/rosidl_typesupport_fastrtps_c__visibility_control.h
[10.749s] -- Symlinking: /home/ojith/ros2_ws/src/install/teleop_interface/include/teleop_interface/teleop_interface/msg/detail/teleop__rosidl_typesupport_introspection_c.h
[10.761s] -- Symlinking: /home/ojith/ros2_ws/src/install/teleop_interface/include/teleop_interface/teleop_interface/msg/rosidl_typesupport_introspection_c__visibility_control.h
[10.773s] -- Symlinking: /home/ojith/ros2_ws/src/install/teleop_interface/include/teleop_interface/teleop_interface/msg/detail/teleop__builder.hpp
[10.786s] -- Symlinking: /home/ojith/ros2_ws/src/install/teleop_interface/include/teleop_interface/teleop_interface/msg/detail/teleop__struct.hpp
[10.800s] -- Symlinking: /home/ojith/ros2_ws/src/install/teleop_interface/include/teleop_interface/teleop_interface/msg/detail/teleop__traits.hpp
[10.812s] -- Symlinking: /home/ojith/ros2_ws/src/install/teleop_interface/include/teleop_interface/teleop_interface/msg/detail/teleop__type_support.hpp
[10.825s] -- Symlinking: /home/ojith/ros2_ws/src/install/teleop_interface/include/teleop_interface/teleop_interface/msg/rosidl_generator_cpp__visibility_control.hpp
[10.839s] -- Symlinking: /home/ojith/ros2_ws/src/install/teleop_interface/include/teleop_interface/teleop_interface/msg/teleop.hpp
[10.852s] -- Symlinking: /home/ojith/ros2_ws/src/install/teleop_interface/include/teleop_interface/teleop_interface/msg/detail/teleop__rosidl_typesupport_fastrtps_cpp.hpp
[10.866s] -- Symlinking: /home/ojith/ros2_ws/src/install/teleop_interface/include/teleop_interface/teleop_interface/msg/rosidl_typesupport_fastrtps_cpp__visibility_control.h
[10.878s] -- Symlinking: /home/ojith/ros2_ws/src/install/teleop_interface/include/teleop_interface/teleop_interface/msg/detail/teleop__rosidl_typesupport_introspection_cpp.hpp
[10.889s] -- Symlinking: /home/ojith/ros2_ws/src/install/teleop_interface/share/teleop_interface/environment/pythonpath.sh
[10.901s] -- Symlinking: /home/ojith/ros2_ws/src/install/teleop_interface/share/teleop_interface/environment/pythonpath.dsv
[10.913s] -- Symlinking: /home/ojith/ros2_ws/src/install/teleop_interface/lib/python3.14/site-packages/teleop_interface/teleop_interface_s__rosidl_typesupport_fastrtps_c.so
[10.925s] -- Symlinking: /home/ojith/ros2_ws/src/install/teleop_interface/lib/python3.14/site-packages/teleop_interface/teleop_interface_s__rosidl_typesupport_introspection_c.so
[10.937s] -- Symlinking: /home/ojith/ros2_ws/src/install/teleop_interface/lib/python3.14/site-packages/teleop_interface/teleop_interface_s__rosidl_typesupport_c.so
[10.949s] -- Symlinking: /home/ojith/ros2_ws/src/install/teleop_interface/share/ament_index/resource_index/rust_packages/teleop_interface
[10.961s] -- Symlinking: /home/ojith/ros2_ws/src/install/teleop_interface/share/teleop_interface/rust/Cargo.toml
[10.973s] -- Symlinking: /home/ojith/ros2_ws/src/install/teleop_interface/share/teleop_interface/rust/build.rs
[10.984s] -- Symlinking: /home/ojith/ros2_ws/src/install/teleop_interface/share/teleop_interface/rust/src/lib.rs
[10.996s] -- Symlinking: /home/ojith/ros2_ws/src/install/teleop_interface/share/teleop_interface/rust/src/msg.rs
[11.008s] -- Symlinking: /home/ojith/ros2_ws/src/install/teleop_interface/share/teleop_interface/rust/src/msg/rmw.rs
[11.020s] -- Symlinking: /home/ojith/ros2_ws/src/install/teleop_interface/share/teleop_interface/msg/Teleop.idl
[11.031s] -- Symlinking: /home/ojith/ros2_ws/src/install/teleop_interface/share/teleop_interface/msg/Teleop.msg
[11.043s] -- Up-to-date symlink: /home/ojith/ros2_ws/src/install/teleop_interface/share/ament_index/resource_index/package_run_dependencies/teleop_interface
[11.043s] -- Up-to-date symlink: /home/ojith/ros2_ws/src/install/teleop_interface/share/ament_index/resource_index/parent_prefix_path/teleop_interface
[11.044s] -- Up-to-date symlink: /home/ojith/ros2_ws/src/install/teleop_interface/share/teleop_interface/environment/ament_prefix_path.sh
[11.044s] -- Up-to-date symlink: /home/ojith/ros2_ws/src/install/teleop_interface/share/teleop_interface/environment/ament_prefix_path.dsv
[11.044s] -- Up-to-date symlink: /home/ojith/ros2_ws/src/install/teleop_interface/share/teleop_interface/environment/path.sh
[11.044s] -- Up-to-date symlink: /home/ojith/ros2_ws/src/install/teleop_interface/share/teleop_interface/environment/path.dsv
[11.044s] -- Up-to-date symlink: /home/ojith/ros2_ws/src/install/teleop_interface/share/teleop_interface/local_setup.bash
[11.045s] -- Up-to-date symlink: /home/ojith/ros2_ws/src/install/teleop_interface/share/teleop_interface/local_setup.fish
[11.045s] -- Up-to-date symlink: /home/ojith/ros2_ws/src/install/teleop_interface/share/teleop_interface/local_setup.sh
[11.045s] -- Up-to-date symlink: /home/ojith/ros2_ws/src/install/teleop_interface/share/teleop_interface/local_setup.zsh
[11.045s] -- Up-to-date symlink: /home/ojith/ros2_ws/src/install/teleop_interface/share/teleop_interface/local_setup.dsv
[11.046s] -- Symlinking: /home/ojith/ros2_ws/src/install/teleop_interface/share/teleop_interface/package.dsv
[11.058s] -- Up-to-date symlink: /home/ojith/ros2_ws/src/install/teleop_interface/share/ament_index/resource_index/packages/teleop_interface
[11.058s] -- Symlinking: /home/ojith/ros2_ws/src/install/teleop_interface/lib/python3.14/site-packages/teleop_interface-0.0.0-py3.14.egg-info/PKG-INFO
[11.070s] -- Symlinking: /home/ojith/ros2_ws/src/install/teleop_interface/lib/python3.14/site-packages/teleop_interface-0.0.0-py3.14.egg-info/SOURCES.txt
[11.081s] -- Symlinking: /home/ojith/ros2_ws/src/install/teleop_interface/lib/python3.14/site-packages/teleop_interface-0.0.0-py3.14.egg-info/dependency_links.txt
[11.094s] -- Symlinking: /home/ojith/ros2_ws/src/install/teleop_interface/lib/python3.14/site-packages/teleop_interface-0.0.0-py3.14.egg-info/top_level.txt
[11.106s] -- Symlinking: /home/ojith/ros2_ws/src/install/teleop_interface/lib/python3.14/site-packages/teleop_interface/__init__.py
[11.117s] -- Symlinking: /home/ojith/ros2_ws/src/install/teleop_interface/lib/python3.14/site-packages/teleop_interface/_teleop_interface_s.ep.rosidl_typesupport_c.c
[11.129s] -- Symlinking: /home/ojith/ros2_ws/src/install/teleop_interface/lib/python3.14/site-packages/teleop_interface/_teleop_interface_s.ep.rosidl_typesupport_fastrtps_c.c
[11.140s] -- Symlinking: /home/ojith/ros2_ws/src/install/teleop_interface/lib/python3.14/site-packages/teleop_interface/_teleop_interface_s.ep.rosidl_typesupport_introspection_c.c
[11.152s] -- Symlinking: /home/ojith/ros2_ws/src/install/teleop_interface/lib/python3.14/site-packages/teleop_interface/msg/__init__.py
[11.163s] -- Symlinking: /home/ojith/ros2_ws/src/install/teleop_interface/lib/python3.14/site-packages/teleop_interface/msg/_teleop.py
[11.175s] -- Symlinking: /home/ojith/ros2_ws/src/install/teleop_interface/lib/python3.14/site-packages/teleop_interface/msg/_teleop_s.c
[11.186s] -- Symlinking: /home/ojith/ros2_ws/src/install/teleop_interface/lib/python3.14/site-packages/teleop_interface/py.typed
[11.198s] -- Up-to-date symlink: /home/ojith/ros2_ws/src/install/teleop_interface/lib/python3.14/site-packages/teleop_interface/teleop_interface_s__rosidl_typesupport_c.so
[11.198s] -- Up-to-date symlink: /home/ojith/ros2_ws/src/install/teleop_interface/lib/python3.14/site-packages/teleop_interface/teleop_interface_s__rosidl_typesupport_fastrtps_c.so
[11.198s] -- Up-to-date symlink: /home/ojith/ros2_ws/src/install/teleop_interface/lib/python3.14/site-packages/teleop_interface/teleop_interface_s__rosidl_typesupport_introspection_c.so
[11.198s] -- Symlinking: /home/ojith/ros2_ws/src/install/teleop_interface/share/teleop_interface/cmake/rosidl_cmake-extras.cmake
[11.210s] -- Symlinking: /home/ojith/ros2_ws/src/install/teleop_interface/share/teleop_interface/cmake/ament_cmake_export_include_directories-extras.cmake
[11.222s] -- Symlinking: /home/ojith/ros2_ws/src/install/teleop_interface/share/teleop_interface/cmake/ament_cmake_export_libraries-extras.cmake
[11.234s] -- Symlinking: /home/ojith/ros2_ws/src/install/teleop_interface/share/teleop_interface/cmake/ament_cmake_export_targets-extras.cmake
[11.245s] -- Symlinking: /home/ojith/ros2_ws/src/install/teleop_interface/share/teleop_interface/cmake/rosidl_cmake_export_typesupport_targets-extras.cmake
[11.257s] -- Symlinking: /home/ojith/ros2_ws/src/install/teleop_interface/share/teleop_interface/cmake/ament_cmake_export_dependencies-extras.cmake
[11.268s] -- Symlinking: /home/ojith/ros2_ws/src/install/teleop_interface/share/teleop_interface/cmake/rosidl_cmake_export_typesupport_libraries-extras.cmake
[11.280s] -- Symlinking: /home/ojith/ros2_ws/src/install/teleop_interface/share/teleop_interface/cmake/rosidl_cmake_aggregate_target-extras.cmake
[11.291s] -- Up-to-date symlink: /home/ojith/ros2_ws/src/install/teleop_interface/share/teleop_interface/cmake/teleop_interfaceConfig.cmake
[11.292s] -- Up-to-date symlink: /home/ojith/ros2_ws/src/install/teleop_interface/share/teleop_interface/cmake/teleop_interfaceConfig-version.cmake
[11.292s] -- Up-to-date symlink: /home/ojith/ros2_ws/src/install/teleop_interface/share/teleop_interface/package.xml
[11.292s] -- Installing: /home/ojith/ros2_ws/src/install/teleop_interface/lib/libteleop_interface__rosidl_generator_c.so
[11.292s] -- Set non-toolchain portion of runtime path of "/home/ojith/ros2_ws/src/install/teleop_interface/lib/libteleop_interface__rosidl_generator_c.so" to ""
[11.293s] -- Installing: /home/ojith/ros2_ws/src/install/teleop_interface/lib/libteleop_interface__rosidl_typesupport_fastrtps_c.so
[11.293s] -- Set non-toolchain portion of runtime path of "/home/ojith/ros2_ws/src/install/teleop_interface/lib/libteleop_interface__rosidl_typesupport_fastrtps_c.so" to ""
[11.293s] -- Installing: /home/ojith/ros2_ws/src/install/teleop_interface/lib/libteleop_interface__rosidl_typesupport_introspection_c.so
[11.294s] -- Set non-toolchain portion of runtime path of "/home/ojith/ros2_ws/src/install/teleop_interface/lib/libteleop_interface__rosidl_typesupport_introspection_c.so" to ""
[11.294s] -- Installing: /home/ojith/ros2_ws/src/install/teleop_interface/lib/libteleop_interface__rosidl_typesupport_c.so
[11.294s] -- Set non-toolchain portion of runtime path of "/home/ojith/ros2_ws/src/install/teleop_interface/lib/libteleop_interface__rosidl_typesupport_c.so" to ""
[11.295s] -- Installing: /home/ojith/ros2_ws/src/install/teleop_interface/lib/libteleop_interface__rosidl_typesupport_fastrtps_cpp.so
[11.295s] -- Set non-toolchain portion of runtime path of "/home/ojith/ros2_ws/src/install/teleop_interface/lib/libteleop_interface__rosidl_typesupport_fastrtps_cpp.so" to ""
[11.295s] -- Installing: /home/ojith/ros2_ws/src/install/teleop_interface/lib/libteleop_interface__rosidl_typesupport_introspection_cpp.so
[11.296s] -- Set non-toolchain portion of runtime path of "/home/ojith/ros2_ws/src/install/teleop_interface/lib/libteleop_interface__rosidl_typesupport_introspection_cpp.so" to ""
[11.296s] -- Installing: /home/ojith/ros2_ws/src/install/teleop_interface/lib/libteleop_interface__rosidl_typesupport_cpp.so
[11.296s] -- Set non-toolchain portion of runtime path of "/home/ojith/ros2_ws/src/install/teleop_interface/lib/libteleop_interface__rosidl_typesupport_cpp.so" to ""
[11.296s] -- Installing: /home/ojith/ros2_ws/src/install/teleop_interface/lib/libteleop_interface__rosidl_generator_py.so
[11.297s] -- Set non-toolchain portion of runtime path of "/home/ojith/ros2_ws/src/install/teleop_interface/lib/libteleop_interface__rosidl_generator_py.so" to ""
[11.297s] -- Installing: /home/ojith/ros2_ws/src/install/teleop_interface/share/teleop_interface/cmake/export_teleop_interface__rosidl_generator_cExport.cmake
[11.297s] -- Installing: /home/ojith/ros2_ws/src/install/teleop_interface/share/teleop_interface/cmake/export_teleop_interface__rosidl_generator_cExport-noconfig.cmake
[11.298s] -- Installing: /home/ojith/ros2_ws/src/install/teleop_interface/share/teleop_interface/cmake/export_teleop_interface__rosidl_typesupport_fastrtps_cExport.cmake
[11.298s] -- Installing: /home/ojith/ros2_ws/src/install/teleop_interface/share/teleop_interface/cmake/export_teleop_interface__rosidl_typesupport_fastrtps_cExport-noconfig.cmake
[11.298s] -- Installing: /home/ojith/ros2_ws/src/install/teleop_interface/share/teleop_interface/cmake/teleop_interface__rosidl_typesupport_introspection_cExport.cmake
[11.298s] -- Installing: /home/ojith/ros2_ws/src/install/teleop_interface/share/teleop_interface/cmake/teleop_interface__rosidl_typesupport_introspection_cExport-noconfig.cmake
[11.299s] -- Installing: /home/ojith/ros2_ws/src/install/teleop_interface/share/teleop_interface/cmake/teleop_interface__rosidl_typesupport_cExport.cmake
[11.299s] -- Installing: /home/ojith/ros2_ws/src/install/teleop_interface/share/teleop_interface/cmake/teleop_interface__rosidl_typesupport_cExport-noconfig.cmake
[11.299s] -- Installing: /home/ojith/ros2_ws/src/install/teleop_interface/share/teleop_interface/cmake/export_teleop_interface__rosidl_generator_cppExport.cmake
[11.299s] -- Installing: /home/ojith/ros2_ws/src/install/teleop_interface/share/teleop_interface/cmake/export_teleop_interface__rosidl_typesupport_fastrtps_cppExport.cmake
[11.300s] -- Installing: /home/ojith/ros2_ws/src/install/teleop_interface/share/teleop_interface/cmake/export_teleop_interface__rosidl_typesupport_fastrtps_cppExport-noconfig.cmake
[11.300s] -- Installing: /home/ojith/ros2_ws/src/install/teleop_interface/share/teleop_interface/cmake/teleop_interface__rosidl_typesupport_introspection_cppExport.cmake
[11.300s] -- Installing: /home/ojith/ros2_ws/src/install/teleop_interface/share/teleop_interface/cmake/teleop_interface__rosidl_typesupport_introspection_cppExport-noconfig.cmake
[11.300s] -- Installing: /home/ojith/ros2_ws/src/install/teleop_interface/share/teleop_interface/cmake/teleop_interface__rosidl_typesupport_cppExport.cmake
[11.301s] -- Installing: /home/ojith/ros2_ws/src/install/teleop_interface/share/teleop_interface/cmake/teleop_interface__rosidl_typesupport_cppExport-noconfig.cmake
[11.301s] -- Installing: /home/ojith/ros2_ws/src/install/teleop_interface/share/teleop_interface/cmake/export_teleop_interface__rosidl_generator_pyExport.cmake
[11.301s] -- Installing: /home/ojith/ros2_ws/src/install/teleop_interface/share/teleop_interface/cmake/export_teleop_interface__rosidl_generator_pyExport-noconfig.cmake
[11.834s] Listing '/home/ojith/ros2_ws/src/install/teleop_interface/lib/python3.14/site-packages/teleop_interface'...
[11.834s] Compiling '/home/ojith/ros2_ws/src/install/teleop_interface/lib/python3.14/site-packages/teleop_interface/__init__.py'...
[11.834s] Listing '/home/ojith/ros2_ws/src/install/teleop_interface/lib/python3.14/site-packages/teleop_interface/msg'...
[11.834s] Compiling '/home/ojith/ros2_ws/src/install/teleop_interface/lib/python3.14/site-packages/teleop_interface/msg/__init__.py'...
[11.834s] Compiling '/home/ojith/ros2_ws/src/install/teleop_interface/lib/python3.14/site-packages/teleop_interface/msg/_teleop.py'...
[11.925s] Invoked command in '/home/ojith/ros2_ws/src/build/teleop_interface' returned '0': CMAKE_PREFIX_PATH=${CMAKE_PREFIX_PATH}:/opt/ros/lyrical DEBUGINFOD_URLS=https://debuginfod.ubuntu.com /usr/bin/cmake --install /home/ojith/ros2_ws/src/build/teleop_interface
