[2.875s] Invoking command in '/home/ojith/ros2_ws/build/robot_car': DEBUGINFOD_URLS=https://debuginfod.ubuntu.com PYTHONPATH=/home/ojith/ros2_ws/build/robot_car/prefix_override:/usr/lib/python3/dist-packages/colcon_core/task/python/colcon_distutils_commands:/home/ojith/ros2_ws/install/robot_car/lib/python3.14/site-packages:${PYTHONPATH} /usr/bin/python3 -W ignore:setup.py install is deprecated -W ignore:easy_install command is deprecated setup.py develop --editable --build-directory /home/ojith/ros2_ws/build/robot_car/build --no-deps symlink_data
[3.244s] running develop
[3.437s] running egg_info
[3.458s] creating robot_car.egg-info
[3.458s] writing robot_car.egg-info/PKG-INFO
[3.461s] writing dependency_links to robot_car.egg-info/dependency_links.txt
[3.461s] writing entry points to robot_car.egg-info/entry_points.txt
[3.461s] writing requirements to robot_car.egg-info/requires.txt
[3.461s] writing top-level names to robot_car.egg-info/top_level.txt
[3.461s] writing manifest file 'robot_car.egg-info/SOURCES.txt'
[3.505s] reading manifest file 'robot_car.egg-info/SOURCES.txt'
[3.506s] writing manifest file 'robot_car.egg-info/SOURCES.txt'
[3.537s] running build_ext
[3.537s] Creating /home/ojith/ros2_ws/install/robot_car/lib/python3.14/site-packages/robot-car.egg-link (link to .)
[3.538s] Installing robot_controller_node script to /home/ojith/ros2_ws/install/robot_car/lib/robot_car
[3.538s] Installing teleop_robot_node script to /home/ojith/ros2_ws/install/robot_car/lib/robot_car
[3.538s] 
[3.538s] Installed /home/ojith/ros2_ws/build/robot_car
[3.539s] running symlink_data
[3.539s] creating /home/ojith/ros2_ws/install/robot_car/share/ament_index/resource_index/packages
[3.539s] symbolically linking /home/ojith/ros2_ws/build/robot_car/resource/robot_car -> /home/ojith/ros2_ws/install/robot_car/share/ament_index/resource_index/packages
[3.539s] symbolically linking /home/ojith/ros2_ws/build/robot_car/package.xml -> /home/ojith/ros2_ws/install/robot_car/share/robot_car
[3.646s] Invoked command in '/home/ojith/ros2_ws/build/robot_car' returned '0': DEBUGINFOD_URLS=https://debuginfod.ubuntu.com PYTHONPATH=/home/ojith/ros2_ws/build/robot_car/prefix_override:/usr/lib/python3/dist-packages/colcon_core/task/python/colcon_distutils_commands:/home/ojith/ros2_ws/install/robot_car/lib/python3.14/site-packages:${PYTHONPATH} /usr/bin/python3 -W ignore:setup.py install is deprecated -W ignore:easy_install command is deprecated setup.py develop --editable --build-directory /home/ojith/ros2_ws/build/robot_car/build --no-deps symlink_data
