[0.364s] Invoking command in '/home/ojith/ros2_ws/build/teleop_interface': CMAKE_PREFIX_PATH=${CMAKE_PREFIX_PATH}:/home/ojith/ros2_ws/install/robot_control:/home/ojith/ros2_ws/install/robot_car:/opt/ros/lyrical DEBUGINFOD_URLS=https://debuginfod.ubuntu.com /usr/bin/cmake --build /home/ojith/ros2_ws/build/teleop_interface -- -j4 -l4
[0.474s] [  2%] Built target teleop_interface__rosidl_generator_type_description
[0.521s] [  5%] Built target teleop_interface__rs
[0.554s] [ 20%] Built target teleop_interface__rosidl_generator_c
[0.595s] [ 22%] Built target teleop_interface__cpp
[0.632s] [ 31%] Built target teleop_interface__rosidl_typesupport_c
[0.672s] [ 40%] Built target teleop_interface__rosidl_typesupport_fastrtps_cpp
[0.689s] [ 48%] Built target teleop_interface__rosidl_typesupport_introspection_c
[0.715s] [ 57%] Built target teleop_interface__rosidl_typesupport_introspection_cpp
[0.757s] [ 74%] Built target teleop_interface__rosidl_typesupport_cpp
[0.757s] [ 74%] Built target teleop_interface__rosidl_typesupport_fastrtps_c
[0.784s] [ 74%] Built target teleop_interface
[0.810s] [ 77%] Built target teleop_interface__py
[0.865s] [ 82%] Built target teleop_interface__rosidl_generator_py
[0.874s] [ 82%] Built target ament_cmake_python_sync_teleop_interface
[0.901s] [ 88%] Built target teleop_interface_s__rosidl_typesupport_fastrtps_c
[0.910s] [ 94%] Built target teleop_interface_s__rosidl_typesupport_c
[0.936s] [100%] Built target teleop_interface_s__rosidl_typesupport_introspection_c
[1.255s] running egg_info
[1.301s] writing teleop_interface.egg-info/PKG-INFO
[1.303s] writing dependency_links to teleop_interface.egg-info/dependency_links.txt
[1.307s] writing top-level names to teleop_interface.egg-info/top_level.txt
[1.411s] reading manifest file 'teleop_interface.egg-info/SOURCES.txt'
[1.414s] writing manifest file 'teleop_interface.egg-info/SOURCES.txt'
[1.544s] [100%] Built target ament_cmake_python_build_teleop_interface_egg
[1.564s] Invoked command in '/home/ojith/ros2_ws/build/teleop_interface' returned '0': CMAKE_PREFIX_PATH=${CMAKE_PREFIX_PATH}:/home/ojith/ros2_ws/install/robot_control:/home/ojith/ros2_ws/install/robot_car:/opt/ros/lyrical DEBUGINFOD_URLS=https://debuginfod.ubuntu.com /usr/bin/cmake --build /home/ojith/ros2_ws/build/teleop_interface -- -j4 -l4
[1.564s] Invoking command in '/home/ojith/ros2_ws/build/teleop_interface': CMAKE_PREFIX_PATH=${CMAKE_PREFIX_PATH}:/home/ojith/ros2_ws/install/robot_control:/home/ojith/ros2_ws/install/robot_car:/opt/ros/lyrical DEBUGINFOD_URLS=https://debuginfod.ubuntu.com /usr/bin/cmake --install /home/ojith/ros2_ws/build/teleop_interface
[1.577s] -- Install configuration: ""
[1.577s] -- Execute custom install script
[1.577s] -- Up-to-date symlink: /home/ojith/ros2_ws/install/teleop_interface/share/ament_index/resource_index/rosidl_interfaces/teleop_interface
[1.577s] -- Up-to-date symlink: /home/ojith/ros2_ws/install/teleop_interface/share/teleop_interface/msg/Teleop.json
[1.578s] -- Up-to-date symlink: /home/ojith/ros2_ws/install/teleop_interface/include/teleop_interface/teleop_interface/msg/detail/teleop__functions.h
[1.578s] -- Up-to-date symlink: /home/ojith/ros2_ws/install/teleop_interface/include/teleop_interface/teleop_interface/msg/detail/teleop__struct.h
[1.578s] -- Up-to-date symlink: /home/ojith/ros2_ws/install/teleop_interface/include/teleop_interface/teleop_interface/msg/detail/teleop__type_support.h
[1.578s] -- Up-to-date symlink: /home/ojith/ros2_ws/install/teleop_interface/include/teleop_interface/teleop_interface/msg/rosidl_generator_c__visibility_control.h
[1.578s] -- Up-to-date symlink: /home/ojith/ros2_ws/install/teleop_interface/include/teleop_interface/teleop_interface/msg/teleop.h
[1.579s] -- Up-to-date symlink: /home/ojith/ros2_ws/install/teleop_interface/share/teleop_interface/environment/library_path.sh
[1.579s] -- Up-to-date symlink: /home/ojith/ros2_ws/install/teleop_interface/share/teleop_interface/environment/library_path.dsv
[1.579s] -- Up-to-date symlink: /home/ojith/ros2_ws/install/teleop_interface/include/teleop_interface/teleop_interface/msg/detail/teleop__rosidl_typesupport_fastrtps_c.h
[1.579s] -- Up-to-date symlink: /home/ojith/ros2_ws/install/teleop_interface/include/teleop_interface/teleop_interface/msg/rosidl_typesupport_fastrtps_c__visibility_control.h
[1.580s] -- Up-to-date symlink: /home/ojith/ros2_ws/install/teleop_interface/include/teleop_interface/teleop_interface/msg/detail/teleop__rosidl_typesupport_introspection_c.h
[1.580s] -- Up-to-date symlink: /home/ojith/ros2_ws/install/teleop_interface/include/teleop_interface/teleop_interface/msg/rosidl_typesupport_introspection_c__visibility_control.h
[1.580s] -- Up-to-date symlink: /home/ojith/ros2_ws/install/teleop_interface/include/teleop_interface/teleop_interface/msg/detail/teleop__builder.hpp
[1.581s] -- Up-to-date symlink: /home/ojith/ros2_ws/install/teleop_interface/include/teleop_interface/teleop_interface/msg/detail/teleop__struct.hpp
[1.581s] -- Up-to-date symlink: /home/ojith/ros2_ws/install/teleop_interface/include/teleop_interface/teleop_interface/msg/detail/teleop__traits.hpp
[1.581s] -- Up-to-date symlink: /home/ojith/ros2_ws/install/teleop_interface/include/teleop_interface/teleop_interface/msg/detail/teleop__type_support.hpp
[1.581s] -- Up-to-date symlink: /home/ojith/ros2_ws/install/teleop_interface/include/teleop_interface/teleop_interface/msg/rosidl_generator_cpp__visibility_control.hpp
[1.581s] -- Up-to-date symlink: /home/ojith/ros2_ws/install/teleop_interface/include/teleop_interface/teleop_interface/msg/teleop.hpp
[1.582s] -- Up-to-date symlink: /home/ojith/ros2_ws/install/teleop_interface/include/teleop_interface/teleop_interface/msg/detail/teleop__rosidl_typesupport_fastrtps_cpp.hpp
[1.582s] -- Up-to-date symlink: /home/ojith/ros2_ws/install/teleop_interface/include/teleop_interface/teleop_interface/msg/rosidl_typesupport_fastrtps_cpp__visibility_control.h
[1.583s] -- Up-to-date symlink: /home/ojith/ros2_ws/install/teleop_interface/include/teleop_interface/teleop_interface/msg/detail/teleop__rosidl_typesupport_introspection_cpp.hpp
[1.583s] -- Up-to-date symlink: /home/ojith/ros2_ws/install/teleop_interface/share/teleop_interface/environment/pythonpath.sh
[1.583s] -- Up-to-date symlink: /home/ojith/ros2_ws/install/teleop_interface/share/teleop_interface/environment/pythonpath.dsv
[1.583s] -- Up-to-date symlink: /home/ojith/ros2_ws/install/teleop_interface/lib/python3.14/site-packages/teleop_interface/teleop_interface_s__rosidl_typesupport_fastrtps_c.so
[1.584s] -- Up-to-date symlink: /home/ojith/ros2_ws/install/teleop_interface/lib/python3.14/site-packages/teleop_interface/teleop_interface_s__rosidl_typesupport_introspection_c.so
[1.584s] -- Up-to-date symlink: /home/ojith/ros2_ws/install/teleop_interface/lib/python3.14/site-packages/teleop_interface/teleop_interface_s__rosidl_typesupport_c.so
[1.584s] -- Up-to-date symlink: /home/ojith/ros2_ws/install/teleop_interface/share/ament_index/resource_index/rust_packages/teleop_interface
[1.585s] -- Up-to-date symlink: /home/ojith/ros2_ws/install/teleop_interface/share/teleop_interface/rust/Cargo.toml
[1.585s] -- Up-to-date symlink: /home/ojith/ros2_ws/install/teleop_interface/share/teleop_interface/rust/build.rs
[1.586s] -- Up-to-date symlink: /home/ojith/ros2_ws/install/teleop_interface/share/teleop_interface/rust/src/lib.rs
[1.587s] -- Up-to-date symlink: /home/ojith/ros2_ws/install/teleop_interface/share/teleop_interface/rust/src/msg.rs
[1.588s] -- Up-to-date symlink: /home/ojith/ros2_ws/install/teleop_interface/share/teleop_interface/rust/src/msg/rmw.rs
[1.589s] -- Up-to-date symlink: /home/ojith/ros2_ws/install/teleop_interface/share/teleop_interface/msg/Teleop.idl
[1.590s] -- Up-to-date symlink: /home/ojith/ros2_ws/install/teleop_interface/share/teleop_interface/msg/Teleop.msg
[1.590s] -- Up-to-date symlink: /home/ojith/ros2_ws/install/teleop_interface/share/ament_index/resource_index/package_run_dependencies/teleop_interface
[1.591s] -- Up-to-date symlink: /home/ojith/ros2_ws/install/teleop_interface/share/ament_index/resource_index/parent_prefix_path/teleop_interface
[1.591s] -- Up-to-date symlink: /home/ojith/ros2_ws/install/teleop_interface/share/teleop_interface/environment/ament_prefix_path.sh
[1.592s] -- Up-to-date symlink: /home/ojith/ros2_ws/install/teleop_interface/share/teleop_interface/environment/ament_prefix_path.dsv
[1.593s] -- Up-to-date symlink: /home/ojith/ros2_ws/install/teleop_interface/share/teleop_interface/environment/path.sh
[1.593s] -- Up-to-date symlink: /home/ojith/ros2_ws/install/teleop_interface/share/teleop_interface/environment/path.dsv
[1.594s] -- Up-to-date symlink: /home/ojith/ros2_ws/install/teleop_interface/share/teleop_interface/local_setup.bash
[1.594s] -- Up-to-date symlink: /home/ojith/ros2_ws/install/teleop_interface/share/teleop_interface/local_setup.fish
[1.595s] -- Up-to-date symlink: /home/ojith/ros2_ws/install/teleop_interface/share/teleop_interface/local_setup.sh
[1.595s] -- Up-to-date symlink: /home/ojith/ros2_ws/install/teleop_interface/share/teleop_interface/local_setup.zsh
[1.595s] -- Up-to-date symlink: /home/ojith/ros2_ws/install/teleop_interface/share/teleop_interface/local_setup.dsv
[1.596s] -- Symlinking: /home/ojith/ros2_ws/install/teleop_interface/share/teleop_interface/package.dsv
[1.608s] -- Up-to-date symlink: /home/ojith/ros2_ws/install/teleop_interface/share/ament_index/resource_index/packages/teleop_interface
[1.609s] -- Up-to-date symlink: /home/ojith/ros2_ws/install/teleop_interface/lib/python3.14/site-packages/teleop_interface-0.0.0-py3.14.egg-info/PKG-INFO
[1.609s] -- Up-to-date symlink: /home/ojith/ros2_ws/install/teleop_interface/lib/python3.14/site-packages/teleop_interface-0.0.0-py3.14.egg-info/SOURCES.txt
[1.610s] -- Up-to-date symlink: /home/ojith/ros2_ws/install/teleop_interface/lib/python3.14/site-packages/teleop_interface-0.0.0-py3.14.egg-info/dependency_links.txt
[1.610s] -- Up-to-date symlink: /home/ojith/ros2_ws/install/teleop_interface/lib/python3.14/site-packages/teleop_interface-0.0.0-py3.14.egg-info/top_level.txt
[1.610s] -- Up-to-date symlink: /home/ojith/ros2_ws/install/teleop_interface/lib/python3.14/site-packages/teleop_interface/__init__.py
[1.610s] -- Up-to-date symlink: /home/ojith/ros2_ws/install/teleop_interface/lib/python3.14/site-packages/teleop_interface/_teleop_interface_s.ep.rosidl_typesupport_c.c
[1.610s] -- Up-to-date symlink: /home/ojith/ros2_ws/install/teleop_interface/lib/python3.14/site-packages/teleop_interface/_teleop_interface_s.ep.rosidl_typesupport_fastrtps_c.c
[1.611s] -- Up-to-date symlink: /home/ojith/ros2_ws/install/teleop_interface/lib/python3.14/site-packages/teleop_interface/_teleop_interface_s.ep.rosidl_typesupport_introspection_c.c
[1.611s] -- Up-to-date symlink: /home/ojith/ros2_ws/install/teleop_interface/lib/python3.14/site-packages/teleop_interface/msg/__init__.py
[1.611s] -- Up-to-date symlink: /home/ojith/ros2_ws/install/teleop_interface/lib/python3.14/site-packages/teleop_interface/msg/_teleop.py
[1.611s] -- Up-to-date symlink: /home/ojith/ros2_ws/install/teleop_interface/lib/python3.14/site-packages/teleop_interface/msg/_teleop_s.c
[1.612s] -- Up-to-date symlink: /home/ojith/ros2_ws/install/teleop_interface/lib/python3.14/site-packages/teleop_interface/py.typed
[1.612s] -- Up-to-date symlink: /home/ojith/ros2_ws/install/teleop_interface/lib/python3.14/site-packages/teleop_interface/teleop_interface_s__rosidl_typesupport_c.so
[1.612s] -- Up-to-date symlink: /home/ojith/ros2_ws/install/teleop_interface/lib/python3.14/site-packages/teleop_interface/teleop_interface_s__rosidl_typesupport_fastrtps_c.so
[1.612s] -- Up-to-date symlink: /home/ojith/ros2_ws/install/teleop_interface/lib/python3.14/site-packages/teleop_interface/teleop_interface_s__rosidl_typesupport_introspection_c.so
[1.613s] -- Up-to-date symlink: /home/ojith/ros2_ws/install/teleop_interface/share/teleop_interface/cmake/rosidl_cmake-extras.cmake
[1.613s] -- Up-to-date symlink: /home/ojith/ros2_ws/install/teleop_interface/share/teleop_interface/cmake/ament_cmake_export_include_directories-extras.cmake
[1.613s] -- Up-to-date symlink: /home/ojith/ros2_ws/install/teleop_interface/share/teleop_interface/cmake/ament_cmake_export_libraries-extras.cmake
[1.613s] -- Up-to-date symlink: /home/ojith/ros2_ws/install/teleop_interface/share/teleop_interface/cmake/ament_cmake_export_targets-extras.cmake
[1.613s] -- Up-to-date symlink: /home/ojith/ros2_ws/install/teleop_interface/share/teleop_interface/cmake/rosidl_cmake_export_typesupport_targets-extras.cmake
[1.613s] -- Up-to-date symlink: /home/ojith/ros2_ws/install/teleop_interface/share/teleop_interface/cmake/ament_cmake_export_dependencies-extras.cmake
[1.614s] -- Up-to-date symlink: /home/ojith/ros2_ws/install/teleop_interface/share/teleop_interface/cmake/rosidl_cmake_export_typesupport_libraries-extras.cmake
[1.614s] -- Up-to-date symlink: /home/ojith/ros2_ws/install/teleop_interface/share/teleop_interface/cmake/rosidl_cmake_aggregate_target-extras.cmake
[1.614s] -- Up-to-date symlink: /home/ojith/ros2_ws/install/teleop_interface/share/teleop_interface/cmake/teleop_interfaceConfig.cmake
[1.614s] -- Up-to-date symlink: /home/ojith/ros2_ws/install/teleop_interface/share/teleop_interface/cmake/teleop_interfaceConfig-version.cmake
[1.614s] -- Up-to-date symlink: /home/ojith/ros2_ws/install/teleop_interface/share/teleop_interface/package.xml
[1.614s] -- Up-to-date: /home/ojith/ros2_ws/install/teleop_interface/lib/libteleop_interface__rosidl_generator_c.so
[1.614s] -- Up-to-date: /home/ojith/ros2_ws/install/teleop_interface/lib/libteleop_interface__rosidl_typesupport_fastrtps_c.so
[1.615s] -- Up-to-date: /home/ojith/ros2_ws/install/teleop_interface/lib/libteleop_interface__rosidl_typesupport_introspection_c.so
[1.615s] -- Up-to-date: /home/ojith/ros2_ws/install/teleop_interface/lib/libteleop_interface__rosidl_typesupport_c.so
[1.615s] -- Up-to-date: /home/ojith/ros2_ws/install/teleop_interface/lib/libteleop_interface__rosidl_typesupport_fastrtps_cpp.so
[1.615s] -- Up-to-date: /home/ojith/ros2_ws/install/teleop_interface/lib/libteleop_interface__rosidl_typesupport_introspection_cpp.so
[1.615s] -- Up-to-date: /home/ojith/ros2_ws/install/teleop_interface/lib/libteleop_interface__rosidl_typesupport_cpp.so
[1.616s] -- Up-to-date: /home/ojith/ros2_ws/install/teleop_interface/lib/libteleop_interface__rosidl_generator_py.so
[1.616s] -- Up-to-date: /home/ojith/ros2_ws/install/teleop_interface/share/teleop_interface/cmake/export_teleop_interface__rosidl_generator_cExport.cmake
[1.616s] -- Up-to-date: /home/ojith/ros2_ws/install/teleop_interface/share/teleop_interface/cmake/export_teleop_interface__rosidl_generator_cExport-noconfig.cmake
[1.616s] -- Up-to-date: /home/ojith/ros2_ws/install/teleop_interface/share/teleop_interface/cmake/export_teleop_interface__rosidl_typesupport_fastrtps_cExport.cmake
[1.617s] -- Up-to-date: /home/ojith/ros2_ws/install/teleop_interface/share/teleop_interface/cmake/export_teleop_interface__rosidl_typesupport_fastrtps_cExport-noconfig.cmake
[1.617s] -- Up-to-date: /home/ojith/ros2_ws/install/teleop_interface/share/teleop_interface/cmake/teleop_interface__rosidl_typesupport_introspection_cExport.cmake
[1.617s] -- Up-to-date: /home/ojith/ros2_ws/install/teleop_interface/share/teleop_interface/cmake/teleop_interface__rosidl_typesupport_introspection_cExport-noconfig.cmake
[1.617s] -- Up-to-date: /home/ojith/ros2_ws/install/teleop_interface/share/teleop_interface/cmake/teleop_interface__rosidl_typesupport_cExport.cmake
[1.617s] -- Up-to-date: /home/ojith/ros2_ws/install/teleop_interface/share/teleop_interface/cmake/teleop_interface__rosidl_typesupport_cExport-noconfig.cmake
[1.618s] -- Up-to-date: /home/ojith/ros2_ws/install/teleop_interface/share/teleop_interface/cmake/export_teleop_interface__rosidl_generator_cppExport.cmake
[1.618s] -- Up-to-date: /home/ojith/ros2_ws/install/teleop_interface/share/teleop_interface/cmake/export_teleop_interface__rosidl_typesupport_fastrtps_cppExport.cmake
[1.618s] -- Up-to-date: /home/ojith/ros2_ws/install/teleop_interface/share/teleop_interface/cmake/export_teleop_interface__rosidl_typesupport_fastrtps_cppExport-noconfig.cmake
[1.618s] -- Up-to-date: /home/ojith/ros2_ws/install/teleop_interface/share/teleop_interface/cmake/teleop_interface__rosidl_typesupport_introspection_cppExport.cmake
[1.619s] -- Up-to-date: /home/ojith/ros2_ws/install/teleop_interface/share/teleop_interface/cmake/teleop_interface__rosidl_typesupport_introspection_cppExport-noconfig.cmake
[1.619s] -- Up-to-date: /home/ojith/ros2_ws/install/teleop_interface/share/teleop_interface/cmake/teleop_interface__rosidl_typesupport_cppExport.cmake
[1.619s] -- Up-to-date: /home/ojith/ros2_ws/install/teleop_interface/share/teleop_interface/cmake/teleop_interface__rosidl_typesupport_cppExport-noconfig.cmake
[1.620s] -- Up-to-date: /home/ojith/ros2_ws/install/teleop_interface/share/teleop_interface/cmake/export_teleop_interface__rosidl_generator_pyExport.cmake
[1.620s] -- Up-to-date: /home/ojith/ros2_ws/install/teleop_interface/share/teleop_interface/cmake/export_teleop_interface__rosidl_generator_pyExport-noconfig.cmake
[1.694s] Listing '/home/ojith/ros2_ws/install/teleop_interface/lib/python3.14/site-packages/teleop_interface'...
[1.694s] Listing '/home/ojith/ros2_ws/install/teleop_interface/lib/python3.14/site-packages/teleop_interface/msg'...
[1.719s] Invoked command in '/home/ojith/ros2_ws/build/teleop_interface' returned '0': CMAKE_PREFIX_PATH=${CMAKE_PREFIX_PATH}:/home/ojith/ros2_ws/install/robot_control:/home/ojith/ros2_ws/install/robot_car:/opt/ros/lyrical DEBUGINFOD_URLS=https://debuginfod.ubuntu.com /usr/bin/cmake --install /home/ojith/ros2_ws/build/teleop_interface
