[0.044s] Invoking command in '/home/ojith/ros2_ws/src/build/computer_vision_interface': CMAKE_PREFIX_PATH=${CMAKE_PREFIX_PATH}:/opt/ros/lyrical DEBUGINFOD_URLS=https://debuginfod.ubuntu.com /usr/bin/cmake /home/ojith/ros2_ws/src/computer_vision_interface -DAMENT_CMAKE_SYMLINK_INSTALL=1 -DCMAKE_INSTALL_PREFIX=/home/ojith/ros2_ws/src/install/computer_vision_interface
[0.743s] -- The C compiler identification is GNU 15.2.0
[1.633s] -- The CXX compiler identification is GNU 15.2.0
[1.662s] -- Detecting C compiler ABI info
[1.864s] -- Detecting C compiler ABI info - done
[1.885s] -- Check for working C compiler: /usr/bin/cc - skipped
[1.886s] -- Detecting C compile features
[1.887s] -- Detecting C compile features - done
[1.909s] -- Detecting CXX compiler ABI info
[2.099s] -- Detecting CXX compiler ABI info - done
[2.122s] -- Check for working CXX compiler: /usr/bin/c++ - skipped
[2.123s] -- Detecting CXX compile features
[2.124s] -- Detecting CXX compile features - done
[2.263s] -- Found ament_cmake: 2.8.7 (/opt/ros/lyrical/share/ament_cmake/cmake)
[2.721s] -- Override CMake install command with custom implementation using symlinks instead of copying resources
[2.764s] -- Found ament_lint_auto: 0.20.6 (/opt/ros/lyrical/share/ament_lint_auto/cmake)
[3.045s] -- Added test 'lint_cmake' to check CMake code style
[3.048s] -- Added test 'xmllint' to check XML markup files
[3.053s] -- Configuring done (3.0s)
[3.062s] -- Generating done (0.0s)
[3.065s] -- Build files have been written to: /home/ojith/ros2_ws/src/build/computer_vision_interface
[3.074s] Invoked command in '/home/ojith/ros2_ws/src/build/computer_vision_interface' returned '0': CMAKE_PREFIX_PATH=${CMAKE_PREFIX_PATH}:/opt/ros/lyrical DEBUGINFOD_URLS=https://debuginfod.ubuntu.com /usr/bin/cmake /home/ojith/ros2_ws/src/computer_vision_interface -DAMENT_CMAKE_SYMLINK_INSTALL=1 -DCMAKE_INSTALL_PREFIX=/home/ojith/ros2_ws/src/install/computer_vision_interface
[3.076s] Invoking command in '/home/ojith/ros2_ws/src/build/computer_vision_interface': CMAKE_PREFIX_PATH=${CMAKE_PREFIX_PATH}:/opt/ros/lyrical DEBUGINFOD_URLS=https://debuginfod.ubuntu.com /usr/bin/cmake --build /home/ojith/ros2_ws/src/build/computer_vision_interface -- -j4 -l4
[3.153s] Invoked command in '/home/ojith/ros2_ws/src/build/computer_vision_interface' returned '0': CMAKE_PREFIX_PATH=${CMAKE_PREFIX_PATH}:/opt/ros/lyrical DEBUGINFOD_URLS=https://debuginfod.ubuntu.com /usr/bin/cmake --build /home/ojith/ros2_ws/src/build/computer_vision_interface -- -j4 -l4
[3.154s] Invoking command in '/home/ojith/ros2_ws/src/build/computer_vision_interface': CMAKE_PREFIX_PATH=${CMAKE_PREFIX_PATH}:/opt/ros/lyrical DEBUGINFOD_URLS=https://debuginfod.ubuntu.com /usr/bin/cmake --install /home/ojith/ros2_ws/src/build/computer_vision_interface
[3.183s] -- Install configuration: ""
[3.183s] -- Execute custom install script
[3.184s] -- Symlinking: /home/ojith/ros2_ws/src/install/computer_vision_interface/share/ament_index/resource_index/package_run_dependencies/computer_vision_interface
[3.191s] -- Symlinking: /home/ojith/ros2_ws/src/install/computer_vision_interface/share/ament_index/resource_index/parent_prefix_path/computer_vision_interface
[3.213s] -- Symlinking: /home/ojith/ros2_ws/src/install/computer_vision_interface/share/computer_vision_interface/environment/ament_prefix_path.sh
[3.231s] -- Symlinking: /home/ojith/ros2_ws/src/install/computer_vision_interface/share/computer_vision_interface/environment/ament_prefix_path.dsv
[3.252s] -- Symlinking: /home/ojith/ros2_ws/src/install/computer_vision_interface/share/computer_vision_interface/environment/path.sh
[3.271s] -- Symlinking: /home/ojith/ros2_ws/src/install/computer_vision_interface/share/computer_vision_interface/environment/path.dsv
[3.285s] -- Symlinking: /home/ojith/ros2_ws/src/install/computer_vision_interface/share/computer_vision_interface/local_setup.bash
[3.299s] -- Symlinking: /home/ojith/ros2_ws/src/install/computer_vision_interface/share/computer_vision_interface/local_setup.fish
[3.313s] -- Symlinking: /home/ojith/ros2_ws/src/install/computer_vision_interface/share/computer_vision_interface/local_setup.sh
[3.327s] -- Symlinking: /home/ojith/ros2_ws/src/install/computer_vision_interface/share/computer_vision_interface/local_setup.zsh
[3.341s] -- Symlinking: /home/ojith/ros2_ws/src/install/computer_vision_interface/share/computer_vision_interface/local_setup.dsv
[3.355s] -- Symlinking: /home/ojith/ros2_ws/src/install/computer_vision_interface/share/computer_vision_interface/package.dsv
[3.371s] -- Symlinking: /home/ojith/ros2_ws/src/install/computer_vision_interface/share/ament_index/resource_index/packages/computer_vision_interface
[3.388s] -- Symlinking: /home/ojith/ros2_ws/src/install/computer_vision_interface/share/computer_vision_interface/cmake/computer_vision_interfaceConfig.cmake
[3.408s] -- Symlinking: /home/ojith/ros2_ws/src/install/computer_vision_interface/share/computer_vision_interface/cmake/computer_vision_interfaceConfig-version.cmake
[3.428s] -- Symlinking: /home/ojith/ros2_ws/src/install/computer_vision_interface/share/computer_vision_interface/package.xml
[3.447s] Invoked command in '/home/ojith/ros2_ws/src/build/computer_vision_interface' returned '0': CMAKE_PREFIX_PATH=${CMAKE_PREFIX_PATH}:/opt/ros/lyrical DEBUGINFOD_URLS=https://debuginfod.ubuntu.com /usr/bin/cmake --install /home/ojith/ros2_ws/src/build/computer_vision_interface
