[0.341s] Invoking command in '/home/ojith/ros2_ws/src/build/teleop_interface': CMAKE_PREFIX_PATH=${CMAKE_PREFIX_PATH}:/opt/ros/lyrical DEBUGINFOD_URLS=https://debuginfod.ubuntu.com /usr/bin/cmake /home/ojith/ros2_ws/src/teleop_interface -DAMENT_CMAKE_SYMLINK_INSTALL=1 -DCMAKE_INSTALL_PREFIX=/home/ojith/ros2_ws/src/install/teleop_interface
[1.302s] -- The C compiler identification is GNU 15.2.0
[2.108s] -- The CXX compiler identification is GNU 15.2.0
[2.140s] -- Detecting C compiler ABI info
[2.708s] -- Detecting C compiler ABI info - done
[2.731s] -- Check for working C compiler: /usr/bin/cc - skipped
[2.731s] -- Detecting C compile features
[2.740s] -- Detecting C compile features - done
[2.870s] -- Detecting CXX compiler ABI info
[3.075s] -- Detecting CXX compiler ABI info - done
[3.102s] -- Check for working CXX compiler: /usr/bin/c++ - skipped
[3.102s] -- Detecting CXX compile features
[3.102s] -- Detecting CXX compile features - done
[3.171s] -- Found ament_cmake: 2.8.7 (/opt/ros/lyrical/share/ament_cmake/cmake)
[3.927s] -- Override CMake install command with custom implementation using symlinks instead of copying resources
[4.007s] -- Found ament_lint_auto: 0.20.6 (/opt/ros/lyrical/share/ament_lint_auto/cmake)
[4.267s] -- Added test 'lint_cmake' to check CMake code style
[4.269s] -- Added test 'xmllint' to check XML markup files
[4.275s] -- Configuring done (3.7s)
[4.283s] -- Generating done (0.0s)
[4.286s] -- Build files have been written to: /home/ojith/ros2_ws/src/build/teleop_interface
[4.292s] Invoked command in '/home/ojith/ros2_ws/src/build/teleop_interface' returned '0': CMAKE_PREFIX_PATH=${CMAKE_PREFIX_PATH}:/opt/ros/lyrical DEBUGINFOD_URLS=https://debuginfod.ubuntu.com /usr/bin/cmake /home/ojith/ros2_ws/src/teleop_interface -DAMENT_CMAKE_SYMLINK_INSTALL=1 -DCMAKE_INSTALL_PREFIX=/home/ojith/ros2_ws/src/install/teleop_interface
[4.294s] Invoking command in '/home/ojith/ros2_ws/src/build/teleop_interface': CMAKE_PREFIX_PATH=${CMAKE_PREFIX_PATH}:/opt/ros/lyrical DEBUGINFOD_URLS=https://debuginfod.ubuntu.com /usr/bin/cmake --build /home/ojith/ros2_ws/src/build/teleop_interface -- -j4 -l4
[4.349s] Invoked command in '/home/ojith/ros2_ws/src/build/teleop_interface' returned '0': CMAKE_PREFIX_PATH=${CMAKE_PREFIX_PATH}:/opt/ros/lyrical DEBUGINFOD_URLS=https://debuginfod.ubuntu.com /usr/bin/cmake --build /home/ojith/ros2_ws/src/build/teleop_interface -- -j4 -l4
[4.362s] Invoking command in '/home/ojith/ros2_ws/src/build/teleop_interface': CMAKE_PREFIX_PATH=${CMAKE_PREFIX_PATH}:/opt/ros/lyrical DEBUGINFOD_URLS=https://debuginfod.ubuntu.com /usr/bin/cmake --install /home/ojith/ros2_ws/src/build/teleop_interface
[4.372s] -- Install configuration: ""
[4.372s] -- Execute custom install script
[4.372s] -- Symlinking: /home/ojith/ros2_ws/src/install/teleop_interface/share/ament_index/resource_index/package_run_dependencies/teleop_interface
[4.386s] -- Symlinking: /home/ojith/ros2_ws/src/install/teleop_interface/share/ament_index/resource_index/parent_prefix_path/teleop_interface
[4.399s] -- Symlinking: /home/ojith/ros2_ws/src/install/teleop_interface/share/teleop_interface/environment/ament_prefix_path.sh
[4.410s] -- Symlinking: /home/ojith/ros2_ws/src/install/teleop_interface/share/teleop_interface/environment/ament_prefix_path.dsv
[4.421s] -- Symlinking: /home/ojith/ros2_ws/src/install/teleop_interface/share/teleop_interface/environment/path.sh
[4.434s] -- Symlinking: /home/ojith/ros2_ws/src/install/teleop_interface/share/teleop_interface/environment/path.dsv
[4.445s] -- Symlinking: /home/ojith/ros2_ws/src/install/teleop_interface/share/teleop_interface/local_setup.bash
[4.457s] -- Symlinking: /home/ojith/ros2_ws/src/install/teleop_interface/share/teleop_interface/local_setup.fish
[4.469s] -- Symlinking: /home/ojith/ros2_ws/src/install/teleop_interface/share/teleop_interface/local_setup.sh
[4.480s] -- Symlinking: /home/ojith/ros2_ws/src/install/teleop_interface/share/teleop_interface/local_setup.zsh
[4.492s] -- Symlinking: /home/ojith/ros2_ws/src/install/teleop_interface/share/teleop_interface/local_setup.dsv
[4.504s] -- Symlinking: /home/ojith/ros2_ws/src/install/teleop_interface/share/teleop_interface/package.dsv
[4.516s] -- Symlinking: /home/ojith/ros2_ws/src/install/teleop_interface/share/ament_index/resource_index/packages/teleop_interface
[4.528s] -- Symlinking: /home/ojith/ros2_ws/src/install/teleop_interface/share/teleop_interface/cmake/teleop_interfaceConfig.cmake
[4.539s] -- Symlinking: /home/ojith/ros2_ws/src/install/teleop_interface/share/teleop_interface/cmake/teleop_interfaceConfig-version.cmake
[4.550s] -- Symlinking: /home/ojith/ros2_ws/src/install/teleop_interface/share/teleop_interface/package.xml
[4.565s] Invoked command in '/home/ojith/ros2_ws/src/build/teleop_interface' returned '0': CMAKE_PREFIX_PATH=${CMAKE_PREFIX_PATH}:/opt/ros/lyrical DEBUGINFOD_URLS=https://debuginfod.ubuntu.com /usr/bin/cmake --install /home/ojith/ros2_ws/src/build/teleop_interface
