[0.024s] Invoking command in '/home/ojith/ros2_ws/build/usb_cam': CMAKE_PREFIX_PATH=${CMAKE_PREFIX_PATH}:/opt/ros/lyrical DEBUGINFOD_URLS=https://debuginfod.ubuntu.com /usr/bin/cmake /home/ojith/ros2_ws/src/usb_cam -DCMAKE_INSTALL_PREFIX=/home/ojith/ros2_ws/install/usb_cam
[0.201s] [0mCMake Deprecation Warning at CMakeLists.txt:1 (cmake_minimum_required):
[0.201s]   Compatibility with CMake < 3.10 will be removed from a future version of
[0.201s]   CMake.
[0.201s] 
[0.201s]   Update the VERSION argument <min> value.  Or, use the <min>...<max> syntax
[0.201s]   to tell CMake that the project requires at least <min> but has been updated
[0.201s]   to work with policies introduced by <max> or earlier.
[0.202s] 
[0.202s] [0m
[0.631s] -- The C compiler identification is GNU 15.2.0
[1.150s] -- The CXX compiler identification is GNU 15.2.0
[1.182s] -- Detecting C compiler ABI info
[1.356s] -- Detecting C compiler ABI info - done
[1.380s] -- Check for working C compiler: /usr/bin/cc - skipped
[1.382s] -- Detecting C compile features
[1.383s] -- Detecting C compile features - done
[1.417s] -- Detecting CXX compiler ABI info
[1.650s] -- Detecting CXX compiler ABI info - done
[1.673s] -- Check for working CXX compiler: /usr/bin/c++ - skipped
[1.674s] -- Detecting CXX compile features
[1.675s] -- Detecting CXX compile features - done
[1.714s] -- Found ament_cmake_auto: 2.8.7 (/opt/ros/lyrical/share/ament_cmake_auto/cmake)
[2.630s] -- Found rosidl_generator_c: 5.2.1 (/opt/ros/lyrical/share/rosidl_generator_c/cmake)
[2.652s] -- Found rosidl_generator_cpp: 5.2.1 (/opt/ros/lyrical/share/rosidl_generator_cpp/cmake)
[2.708s] -- Using all available rosidl_typesupport_c: rosidl_typesupport_fastrtps_c;rosidl_typesupport_introspection_c
[2.744s] -- Using all available rosidl_typesupport_cpp: rosidl_typesupport_fastrtps_cpp;rosidl_typesupport_introspection_cpp
[2.917s] -- Found rmw_implementation_cmake: 7.10.1 (/opt/ros/lyrical/share/rmw_implementation_cmake/cmake)
[2.925s] -- Found rmw_fastrtps_cpp: 9.4.8 (/opt/ros/lyrical/share/rmw_fastrtps_cpp/cmake)
[3.011s] -- Using RMW implementation 'rmw_fastrtps_cpp' as default
[3.670s] -- Found rosidl_adapter: 5.2.1 (/opt/ros/lyrical/share/rosidl_adapter/cmake)
[3.686s] -- Found OpenCV: /usr (found version "4.10.0")
[3.699s] -- Found PkgConfig: /usr/bin/pkg-config (found version "2.5.1")
[3.700s] -- Checking for module 'libavcodec'
[3.722s] --   Found libavcodec, version 62.11.100
[3.770s] -- Checking for module 'libavutil'
[3.785s] --   Found libavutil, version 60.8.100
[3.823s] -- Checking for module 'libswscale'
[3.838s] --   Found libswscale, version 9.1.100
[3.888s] -- Found ament_lint_auto: 0.20.6 (/opt/ros/lyrical/share/ament_lint_auto/cmake)
[4.132s] -- Found GTest: /usr/lib/aarch64-linux-gnu/cmake/GTest/GTestConfig.cmake (found version "1.17.0")
[4.138s] -- Found Threads: TRUE
[4.157s] -- Added test 'copyright' to check source files copyright and LICENSE
[4.164s] -- Added test 'cppcheck' to perform static code analysis on C / C++ code
[4.164s] -- Configured cppcheck include dirs: /home/ojith/ros2_ws/src/usb_cam/include;/home/ojith/ros2_ws/src/usb_cam/
[4.164s] -- Configured cppcheck exclude dirs and/or files: 
[4.170s] -- Added test 'cpplint' to check C / C++ code against the Google style
[4.170s] -- Configured cpplint exclude dirs and/or files: 
[4.172s] -- Added test 'flake8' to check Python code syntax and style conventions
[4.172s] -- Configured 'flake8' exclude dirs and/or files: 
[4.177s] -- Added test 'lint_cmake' to check CMake code style
[4.180s] -- Added test 'pep257' to check Python code against some of the docstring style conventions in PEP 257
[4.185s] -- Added test 'uncrustify' to check C / C++ code style
[4.185s] -- Configured uncrustify additional arguments: 
[4.188s] -- Added test 'xmllint' to check XML markup files
[4.197s] -- Configuring done (4.0s)
[4.257s] -- Generating done (0.1s)
[4.340s] -- Build files have been written to: /home/ojith/ros2_ws/build/usb_cam
[4.357s] Invoked command in '/home/ojith/ros2_ws/build/usb_cam' returned '0': CMAKE_PREFIX_PATH=${CMAKE_PREFIX_PATH}:/opt/ros/lyrical DEBUGINFOD_URLS=https://debuginfod.ubuntu.com /usr/bin/cmake /home/ojith/ros2_ws/src/usb_cam -DCMAKE_INSTALL_PREFIX=/home/ojith/ros2_ws/install/usb_cam
[4.359s] Invoking command in '/home/ojith/ros2_ws/build/usb_cam': CMAKE_PREFIX_PATH=${CMAKE_PREFIX_PATH}:/opt/ros/lyrical DEBUGINFOD_URLS=https://debuginfod.ubuntu.com /usr/bin/cmake --build /home/ojith/ros2_ws/build/usb_cam -- -j4 -l4
[4.429s] [ 10%] [32mBuilding CXX object CMakeFiles/usb_cam.dir/src/usb_cam.cpp.o[0m
[7.646s] [ 20%] [1m[32mLinking CXX shared library libusb_cam.so[0m
[8.210s] [ 20%] Built target usb_cam
[8.243s] [ 50%] [32mBuilding CXX object CMakeFiles/test_usb_cam_utils.dir/test/test_usb_cam_utils.cpp.o[0m
[8.243s] [ 50%] [32mBuilding CXX object CMakeFiles/usb_cam_node.dir/src/usb_cam_node.cpp.o[0m
[8.243s] [ 50%] [32mBuilding CXX object CMakeFiles/test_pixel_formats.dir/test/test_pixel_formats.cpp.o[0m
[10.763s] [ 60%] [1m[32mLinking CXX executable test_usb_cam_utils[0m
[11.546s] [ 70%] [1m[32mLinking CXX executable test_pixel_formats[0m
[12.116s] [ 70%] Built target test_usb_cam_utils
[12.390s] [ 70%] Built target test_pixel_formats
[15.112s] [01m[K/home/ojith/ros2_ws/src/usb_cam/src/usb_cam_node.cpp:[m[K In constructor ‘[01m[Kusb_cam::UsbCamNode::[01;32m[KUsbCamNode[m[K(const rclcpp::NodeOptions&)[m[K’:
[15.112s] [01m[K/home/ojith/ros2_ws/src/usb_cam/src/usb_cam_node.cpp:48:47:[m[K [01;31m[Kerror: [m[K‘[01m[Kimage_transport::CameraPublisher image_transport::[01;32m[Kcreate_camera_publisher[m[K(rclcpp::Node*, const std::string&, rmw_qos_profile_t, rclcpp::PublisherOptions)[m[K’ is deprecated: Use create_camera_publisher(RequiredInterfaces node_interfaces, ..., rclcpp::QoS, ...) instead [[01;31m[K]8;;https://gcc.gnu.org/onlinedocs/gcc-15.2.0/gcc/Warning-Options.html#index-Wdeprecated-declarations-Werror=deprecated-declarations]8;;[m[K]
[15.112s]    48 |       [01;31m[Kimage_transport::create_camera_publisher(this, BASE_TOPIC_NAME,[m[K
[15.112s]       |       [01;31m[K~~~~~~~~~~~~~~~~~~~~~~~~~~~~~~~~~~~~~~~~^~~~~~~~~~~~~~~~~~~~~~~[m[K
[15.112s]    49 | [01;31m[K      rclcpp::QoS {100}.get_rmw_qos_profile())[m[K)),
[15.113s]       |       [01;31m[K~~~~~~~~~~~~~~~~~~~~~~~~~~~~~~~~~~~~~~~~[m[K 
[15.113s] In file included from [01m[K/home/ojith/ros2_ws/src/usb_cam/include/usb_cam/usb_cam_node.hpp:39[m[K,
[15.113s]                  from [01m[K/home/ojith/ros2_ws/src/usb_cam/src/usb_cam_node.cpp:34[m[K:
[15.113s] [01m[K/opt/ros/lyrical/include/image_transport/image_transport/image_transport.hpp:101:17:[m[K [01;36m[Knote: [m[Kdeclared here
[15.113s]   101 | CameraPublisher [01;36m[Kcreate_camera_publisher[m[K(
[15.113s]       |                 [01;36m[K^~~~~~~~~~~~~~~~~~~~~~~[m[K
[15.149s] [01m[K/home/ojith/ros2_ws/src/usb_cam/src/usb_cam_node.cpp:[m[K In member function ‘[01m[Kvoid usb_cam::UsbCamNode::[01;32m[Kinit[m[K()[m[K’:
[15.149s] [01m[K/home/ojith/ros2_ws/src/usb_cam/src/usb_cam_node.cpp:154:67:[m[K [01;31m[Kerror: [m[K‘[01m[Kcamera_info_manager::CameraInfoManager::[01;32m[KCameraInfoManager[m[K(rclcpp::Node*, const std::string&, const std::string&, const std::string&)[m[K’ is deprecated: Use CameraInfoManager(rclcpp::node_interfaces::NodeBaseInterface::SharedPtr, ...) instead. [[01;31m[K]8;;https://gcc.gnu.org/onlinedocs/gcc-15.2.0/gcc/Warning-Options.html#index-Wdeprecated-declarations-Werror=deprecated-declarations]8;;[m[K]
[15.149s]   154 |       this, m_parameters.camera_name, m_parameters.camera_info_url[01;31m[K)[m[K);
[15.149s]       |                                                                   [01;31m[K^[m[K
[15.150s] In file included from [01m[K/home/ojith/ros2_ws/src/usb_cam/include/usb_cam/usb_cam_node.hpp:38[m[K:
[15.150s] [01m[K/opt/ros/lyrical/include/camera_info_manager/camera_info_manager/camera_info_manager.hpp:188:3:[m[K [01;36m[Knote: [m[Kdeclared here
[15.150s]   188 |   [01;36m[KCameraInfoManager[m[K(
[15.150s]       |   [01;36m[K^~~~~~~~~~~~~~~~~[m[K
[23.320s] cc1plus: all warnings being treated as errors
[23.413s] gmake[2]: *** [CMakeFiles/usb_cam_node.dir/build.make:79: CMakeFiles/usb_cam_node.dir/src/usb_cam_node.cpp.o] Error 1
[23.413s] gmake[1]: *** [CMakeFiles/Makefile2:197: CMakeFiles/usb_cam_node.dir/all] Error 2
[23.414s] gmake: *** [Makefile:146: all] Error 2
[23.439s] Invoked command in '/home/ojith/ros2_ws/build/usb_cam' returned '2': CMAKE_PREFIX_PATH=${CMAKE_PREFIX_PATH}:/opt/ros/lyrical DEBUGINFOD_URLS=https://debuginfod.ubuntu.com /usr/bin/cmake --build /home/ojith/ros2_ws/build/usb_cam -- -j4 -l4
