-- The C compiler identification is GNU 15.2.0
-- The CXX compiler identification is GNU 15.2.0
-- Detecting C compiler ABI info
-- Detecting C compiler ABI info - done
-- Check for working C compiler: /usr/bin/cc - skipped
-- Detecting C compile features
-- Detecting C compile features - done
-- Detecting CXX compiler ABI info
-- Detecting CXX compiler ABI info - done
-- Check for working CXX compiler: /usr/bin/c++ - skipped
-- Detecting CXX compile features
-- Detecting CXX compile features - done
-- Found ament_cmake: 2.8.7 (/opt/ros/lyrical/share/ament_cmake/cmake)
-- Override CMake install command with custom implementation using symlinks instead of copying resources
-- Found ament_lint_auto: 0.20.6 (/opt/ros/lyrical/share/ament_lint_auto/cmake)
-- Found rosidl_default_generators: 1.8.1 (/opt/ros/lyrical/share/rosidl_default_generators/cmake)
-- Using all available rosidl_typesupport_c: rosidl_typesupport_fastrtps_c;rosidl_typesupport_introspection_c
-- Using all available rosidl_typesupport_cpp: rosidl_typesupport_fastrtps_cpp;rosidl_typesupport_introspection_cpp
-- Found rosidl_adapter: 5.2.1 (/opt/ros/lyrical/share/rosidl_adapter/cmake)
-- Found Python3: /usr/bin/python3 (found version "3.14.4") found components: Interpreter
-- Using all available rosidl_typesupport_c: rosidl_typesupport_fastrtps_c;rosidl_typesupport_introspection_c
-- Using all available rosidl_typesupport_cpp: rosidl_typesupport_fastrtps_cpp;rosidl_typesupport_introspection_cpp
-- Found Python3: /usr/bin/python3 (found version "3.14.4") found components: Interpreter Development NumPy Development.Module Development.Embed
-- Found Python3: /usr/bin/python3 (found version "3.14.4") found components: Interpreter
-- Added test 'lint_cmake' to check CMake code style
-- Added test 'xmllint' to check XML markup files
-- Configuring done (6.4s)
-- Generating done (0.3s)
-- Build files have been written to: /home/ojith/ros2_ws/build/teleop_interface
[  2%] [1m[34mGenerating Rust code for ROS interfaces[0m
[  2%] Built target teleop_interface__rs
[  5%] [1m[34mGenerating type hashes for ROS interfaces[0m
[  5%] Built target teleop_interface__rosidl_generator_type_description
[  8%] [1m[34mGenerating C code for ROS interfaces[0m
[ 14%] [32mBuilding C object CMakeFiles/teleop_interface__rosidl_generator_c.dir/rosidl_generator_c/teleop_interface/msg/detail/teleop__functions.c.o[0m
[ 14%] [32mBuilding C object CMakeFiles/teleop_interface__rosidl_generator_c.dir/rosidl_generator_c/teleop_interface/msg/detail/teleop__description.c.o[0m
[ 17%] [32mBuilding C object CMakeFiles/teleop_interface__rosidl_generator_c.dir/rosidl_generator_c/teleop_interface/msg/detail/teleop__type_support.c.o[0m
[ 20%] [1m[32mLinking C shared library libteleop_interface__rosidl_generator_c.so[0m
[ 20%] Built target teleop_interface__rosidl_generator_c
[ 25%] [1m[34mGenerating C introspection for ROS interfaces[0m
[ 25%] [1m[34mGenerating C type support for eProsima Fast-RTPS[0m
[ 28%] [1m[34mGenerating C++ code for ROS interfaces[0m
[ 31%] [32mBuilding C object CMakeFiles/teleop_interface__rosidl_typesupport_introspection_c.dir/rosidl_typesupport_introspection_c/teleop_interface/msg/detail/teleop__type_support.c.o[0m
[ 34%] [32mBuilding CXX object CMakeFiles/teleop_interface__rosidl_typesupport_fastrtps_c.dir/rosidl_typesupport_fastrtps_c/teleop_interface/msg/detail/teleop__type_support_c.cpp.o[0m
[ 37%] [1m[32mLinking C shared library libteleop_interface__rosidl_typesupport_introspection_c.so[0m
[ 37%] Built target teleop_interface__cpp
[ 42%] [1m[34mGenerating C++ type support for eProsima Fast-RTPS[0m
[ 42%] [1m[34mGenerating C type support dispatch for ROS interfaces[0m
[ 42%] Built target teleop_interface__rosidl_typesupport_introspection_c
[ 45%] [1m[34mGenerating C++ introspection for ROS interfaces[0m
[ 48%] [32mBuilding CXX object CMakeFiles/teleop_interface__rosidl_typesupport_introspection_cpp.dir/rosidl_typesupport_introspection_cpp/teleop_interface/msg/detail/teleop__type_support.cpp.o[0m
[ 51%] [32mBuilding CXX object CMakeFiles/teleop_interface__rosidl_typesupport_c.dir/rosidl_typesupport_c/teleop_interface/msg/teleop__type_support.cpp.o[0m
[ 54%] [32mBuilding CXX object CMakeFiles/teleop_interface__rosidl_typesupport_fastrtps_cpp.dir/rosidl_typesupport_fastrtps_cpp/teleop_interface/msg/detail/dds_fastrtps/teleop__type_support.cpp.o[0m
[ 57%] [1m[32mLinking CXX shared library libteleop_interface__rosidl_typesupport_c.so[0m
[ 57%] Built target teleop_interface__rosidl_typesupport_c
[ 60%] [1m[32mLinking CXX shared library libteleop_interface__rosidl_typesupport_fastrtps_c.so[0m
[ 62%] [1m[32mLinking CXX shared library libteleop_interface__rosidl_typesupport_introspection_cpp.so[0m
[ 65%] [1m[32mLinking CXX shared library libteleop_interface__rosidl_typesupport_fastrtps_cpp.so[0m
[ 65%] Built target teleop_interface__rosidl_typesupport_fastrtps_c
[ 68%] [1m[34mGenerating C++ type support dispatch for ROS interfaces[0m
[ 68%] Built target teleop_interface__rosidl_typesupport_introspection_cpp
[ 71%] [32mBuilding CXX object CMakeFiles/teleop_interface__rosidl_typesupport_cpp.dir/rosidl_typesupport_cpp/teleop_interface/msg/teleop__type_support.cpp.o[0m
[ 71%] Built target teleop_interface__rosidl_typesupport_fastrtps_cpp
[ 74%] [1m[32mLinking CXX shared library libteleop_interface__rosidl_typesupport_cpp.so[0m
[ 74%] Built target teleop_interface__rosidl_typesupport_cpp
[ 74%] Built target teleop_interface
[ 77%] [1m[34mGenerating Python code for ROS interfaces[0m
[ 77%] Built target teleop_interface__py
[ 80%] [32mBuilding C object CMakeFiles/teleop_interface__rosidl_generator_py.dir/rosidl_generator_py/teleop_interface/msg/_teleop_s.c.o[0m
[ 80%] Built target ament_cmake_python_sync_teleop_interface
[ 82%] [1m[32mLinking C shared library libteleop_interface__rosidl_generator_py.so[0m
[ 82%] Built target teleop_interface__rosidl_generator_py
[ 88%] [32mBuilding C object CMakeFiles/teleop_interface_s__rosidl_typesupport_fastrtps_c.dir/rosidl_generator_py/teleop_interface/_teleop_interface_s.ep.rosidl_typesupport_fastrtps_c.c.o[0m
[ 88%] [32mBuilding C object CMakeFiles/teleop_interface_s__rosidl_typesupport_introspection_c.dir/rosidl_generator_py/teleop_interface/_teleop_interface_s.ep.rosidl_typesupport_introspection_c.c.o[0m
running egg_info
creating teleop_interface.egg-info
writing teleop_interface.egg-info/PKG-INFO
writing dependency_links to teleop_interface.egg-info/dependency_links.txt
writing top-level names to teleop_interface.egg-info/top_level.txt
writing manifest file 'teleop_interface.egg-info/SOURCES.txt'
[ 91%] [1m[32mLinking C shared module rosidl_generator_py/teleop_interface/teleop_interface_s__rosidl_typesupport_introspection_c.so[0m
[ 94%] [1m[32mLinking C shared module rosidl_generator_py/teleop_interface/teleop_interface_s__rosidl_typesupport_fastrtps_c.so[0m
[ 94%] Built target teleop_interface_s__rosidl_typesupport_introspection_c
[ 94%] Built target teleop_interface_s__rosidl_typesupport_fastrtps_c
reading manifest file 'teleop_interface.egg-info/SOURCES.txt'
writing manifest file 'teleop_interface.egg-info/SOURCES.txt'
[ 97%] [32mBuilding C object CMakeFiles/teleop_interface_s__rosidl_typesupport_c.dir/rosidl_generator_py/teleop_interface/_teleop_interface_s.ep.rosidl_typesupport_c.c.o[0m
[ 97%] Built target ament_cmake_python_build_teleop_interface_egg
[100%] [1m[32mLinking C shared module rosidl_generator_py/teleop_interface/teleop_interface_s__rosidl_typesupport_c.so[0m
[100%] Built target teleop_interface_s__rosidl_typesupport_c
-- Install configuration: ""
-- Execute custom install script
-- Symlinking: /home/ojith/ros2_ws/install/teleop_interface/share/ament_index/resource_index/rosidl_interfaces/teleop_interface
-- Symlinking: /home/ojith/ros2_ws/install/teleop_interface/share/teleop_interface/msg/Teleop.json
-- Symlinking: /home/ojith/ros2_ws/install/teleop_interface/include/teleop_interface/teleop_interface/msg/detail/teleop__functions.h
-- Symlinking: /home/ojith/ros2_ws/install/teleop_interface/include/teleop_interface/teleop_interface/msg/detail/teleop__struct.h
-- Symlinking: /home/ojith/ros2_ws/install/teleop_interface/include/teleop_interface/teleop_interface/msg/detail/teleop__type_support.h
-- Symlinking: /home/ojith/ros2_ws/install/teleop_interface/include/teleop_interface/teleop_interface/msg/rosidl_generator_c__visibility_control.h
-- Symlinking: /home/ojith/ros2_ws/install/teleop_interface/include/teleop_interface/teleop_interface/msg/teleop.h
-- Symlinking: /home/ojith/ros2_ws/install/teleop_interface/share/teleop_interface/environment/library_path.sh
-- Symlinking: /home/ojith/ros2_ws/install/teleop_interface/share/teleop_interface/environment/library_path.dsv
-- Symlinking: /home/ojith/ros2_ws/install/teleop_interface/include/teleop_interface/teleop_interface/msg/detail/teleop__rosidl_typesupport_fastrtps_c.h
-- Symlinking: /home/ojith/ros2_ws/install/teleop_interface/include/teleop_interface/teleop_interface/msg/rosidl_typesupport_fastrtps_c__visibility_control.h
-- Symlinking: /home/ojith/ros2_ws/install/teleop_interface/include/teleop_interface/teleop_interface/msg/detail/teleop__rosidl_typesupport_introspection_c.h
-- Symlinking: /home/ojith/ros2_ws/install/teleop_interface/include/teleop_interface/teleop_interface/msg/rosidl_typesupport_introspection_c__visibility_control.h
-- Symlinking: /home/ojith/ros2_ws/install/teleop_interface/include/teleop_interface/teleop_interface/msg/detail/teleop__builder.hpp
-- Symlinking: /home/ojith/ros2_ws/install/teleop_interface/include/teleop_interface/teleop_interface/msg/detail/teleop__struct.hpp
-- Symlinking: /home/ojith/ros2_ws/install/teleop_interface/include/teleop_interface/teleop_interface/msg/detail/teleop__traits.hpp
-- Symlinking: /home/ojith/ros2_ws/install/teleop_interface/include/teleop_interface/teleop_interface/msg/detail/teleop__type_support.hpp
-- Symlinking: /home/ojith/ros2_ws/install/teleop_interface/include/teleop_interface/teleop_interface/msg/rosidl_generator_cpp__visibility_control.hpp
-- Symlinking: /home/ojith/ros2_ws/install/teleop_interface/include/teleop_interface/teleop_interface/msg/teleop.hpp
-- Symlinking: /home/ojith/ros2_ws/install/teleop_interface/include/teleop_interface/teleop_interface/msg/detail/teleop__rosidl_typesupport_fastrtps_cpp.hpp
-- Symlinking: /home/ojith/ros2_ws/install/teleop_interface/include/teleop_interface/teleop_interface/msg/rosidl_typesupport_fastrtps_cpp__visibility_control.h
-- Symlinking: /home/ojith/ros2_ws/install/teleop_interface/include/teleop_interface/teleop_interface/msg/detail/teleop__rosidl_typesupport_introspection_cpp.hpp
-- Symlinking: /home/ojith/ros2_ws/install/teleop_interface/share/teleop_interface/environment/pythonpath.sh
-- Symlinking: /home/ojith/ros2_ws/install/teleop_interface/share/teleop_interface/environment/pythonpath.dsv
-- Symlinking: /home/ojith/ros2_ws/install/teleop_interface/lib/python3.14/site-packages/teleop_interface/teleop_interface_s__rosidl_typesupport_fastrtps_c.so
-- Symlinking: /home/ojith/ros2_ws/install/teleop_interface/lib/python3.14/site-packages/teleop_interface/teleop_interface_s__rosidl_typesupport_introspection_c.so
-- Symlinking: /home/ojith/ros2_ws/install/teleop_interface/lib/python3.14/site-packages/teleop_interface/teleop_interface_s__rosidl_typesupport_c.so
-- Symlinking: /home/ojith/ros2_ws/install/teleop_interface/share/ament_index/resource_index/rust_packages/teleop_interface
-- Symlinking: /home/ojith/ros2_ws/install/teleop_interface/share/teleop_interface/rust/Cargo.toml
-- Symlinking: /home/ojith/ros2_ws/install/teleop_interface/share/teleop_interface/rust/build.rs
-- Symlinking: /home/ojith/ros2_ws/install/teleop_interface/share/teleop_interface/rust/src/lib.rs
-- Symlinking: /home/ojith/ros2_ws/install/teleop_interface/share/teleop_interface/rust/src/msg.rs
-- Symlinking: /home/ojith/ros2_ws/install/teleop_interface/share/teleop_interface/rust/src/msg/rmw.rs
-- Symlinking: /home/ojith/ros2_ws/install/teleop_interface/share/teleop_interface/msg/Teleop.idl
-- Symlinking: /home/ojith/ros2_ws/install/teleop_interface/share/teleop_interface/msg/Teleop.msg
-- Symlinking: /home/ojith/ros2_ws/install/teleop_interface/share/ament_index/resource_index/package_run_dependencies/teleop_interface
-- Symlinking: /home/ojith/ros2_ws/install/teleop_interface/share/ament_index/resource_index/parent_prefix_path/teleop_interface
-- Symlinking: /home/ojith/ros2_ws/install/teleop_interface/share/teleop_interface/environment/ament_prefix_path.sh
-- Symlinking: /home/ojith/ros2_ws/install/teleop_interface/share/teleop_interface/environment/ament_prefix_path.dsv
-- Symlinking: /home/ojith/ros2_ws/install/teleop_interface/share/teleop_interface/environment/path.sh
-- Symlinking: /home/ojith/ros2_ws/install/teleop_interface/share/teleop_interface/environment/path.dsv
-- Symlinking: /home/ojith/ros2_ws/install/teleop_interface/share/teleop_interface/local_setup.bash
-- Symlinking: /home/ojith/ros2_ws/install/teleop_interface/share/teleop_interface/local_setup.fish
-- Symlinking: /home/ojith/ros2_ws/install/teleop_interface/share/teleop_interface/local_setup.sh
-- Symlinking: /home/ojith/ros2_ws/install/teleop_interface/share/teleop_interface/local_setup.zsh
-- Symlinking: /home/ojith/ros2_ws/install/teleop_interface/share/teleop_interface/local_setup.dsv
-- Symlinking: /home/ojith/ros2_ws/install/teleop_interface/share/teleop_interface/package.dsv
-- Symlinking: /home/ojith/ros2_ws/install/teleop_interface/share/ament_index/resource_index/packages/teleop_interface
-- Symlinking: /home/ojith/ros2_ws/install/teleop_interface/lib/python3.14/site-packages/teleop_interface-0.0.0-py3.14.egg-info/PKG-INFO
-- Symlinking: /home/ojith/ros2_ws/install/teleop_interface/lib/python3.14/site-packages/teleop_interface-0.0.0-py3.14.egg-info/SOURCES.txt
-- Symlinking: /home/ojith/ros2_ws/install/teleop_interface/lib/python3.14/site-packages/teleop_interface-0.0.0-py3.14.egg-info/dependency_links.txt
-- Symlinking: /home/ojith/ros2_ws/install/teleop_interface/lib/python3.14/site-packages/teleop_interface-0.0.0-py3.14.egg-info/top_level.txt
-- Symlinking: /home/ojith/ros2_ws/install/teleop_interface/lib/python3.14/site-packages/teleop_interface/__init__.py
-- Symlinking: /home/ojith/ros2_ws/install/teleop_interface/lib/python3.14/site-packages/teleop_interface/_teleop_interface_s.ep.rosidl_typesupport_c.c
-- Symlinking: /home/ojith/ros2_ws/install/teleop_interface/lib/python3.14/site-packages/teleop_interface/_teleop_interface_s.ep.rosidl_typesupport_fastrtps_c.c
-- Symlinking: /home/ojith/ros2_ws/install/teleop_interface/lib/python3.14/site-packages/teleop_interface/_teleop_interface_s.ep.rosidl_typesupport_introspection_c.c
-- Symlinking: /home/ojith/ros2_ws/install/teleop_interface/lib/python3.14/site-packages/teleop_interface/msg/__init__.py
-- Symlinking: /home/ojith/ros2_ws/install/teleop_interface/lib/python3.14/site-packages/teleop_interface/msg/_teleop.py
-- Symlinking: /home/ojith/ros2_ws/install/teleop_interface/lib/python3.14/site-packages/teleop_interface/msg/_teleop_s.c
-- Symlinking: /home/ojith/ros2_ws/install/teleop_interface/lib/python3.14/site-packages/teleop_interface/py.typed
-- Up-to-date symlink: /home/ojith/ros2_ws/install/teleop_interface/lib/python3.14/site-packages/teleop_interface/teleop_interface_s__rosidl_typesupport_c.so
-- Up-to-date symlink: /home/ojith/ros2_ws/install/teleop_interface/lib/python3.14/site-packages/teleop_interface/teleop_interface_s__rosidl_typesupport_fastrtps_c.so
-- Up-to-date symlink: /home/ojith/ros2_ws/install/teleop_interface/lib/python3.14/site-packages/teleop_interface/teleop_interface_s__rosidl_typesupport_introspection_c.so
-- Symlinking: /home/ojith/ros2_ws/install/teleop_interface/share/teleop_interface/cmake/rosidl_cmake-extras.cmake
-- Symlinking: /home/ojith/ros2_ws/install/teleop_interface/share/teleop_interface/cmake/ament_cmake_export_include_directories-extras.cmake
-- Symlinking: /home/ojith/ros2_ws/install/teleop_interface/share/teleop_interface/cmake/ament_cmake_export_libraries-extras.cmake
-- Symlinking: /home/ojith/ros2_ws/install/teleop_interface/share/teleop_interface/cmake/ament_cmake_export_targets-extras.cmake
-- Symlinking: /home/ojith/ros2_ws/install/teleop_interface/share/teleop_interface/cmake/rosidl_cmake_export_typesupport_targets-extras.cmake
-- Symlinking: /home/ojith/ros2_ws/install/teleop_interface/share/teleop_interface/cmake/ament_cmake_export_dependencies-extras.cmake
-- Symlinking: /home/ojith/ros2_ws/install/teleop_interface/share/teleop_interface/cmake/rosidl_cmake_export_typesupport_libraries-extras.cmake
-- Symlinking: /home/ojith/ros2_ws/install/teleop_interface/share/teleop_interface/cmake/rosidl_cmake_aggregate_target-extras.cmake
-- Symlinking: /home/ojith/ros2_ws/install/teleop_interface/share/teleop_interface/cmake/teleop_interfaceConfig.cmake
-- Symlinking: /home/ojith/ros2_ws/install/teleop_interface/share/teleop_interface/cmake/teleop_interfaceConfig-version.cmake
-- Symlinking: /home/ojith/ros2_ws/install/teleop_interface/share/teleop_interface/package.xml
-- Installing: /home/ojith/ros2_ws/install/teleop_interface/lib/libteleop_interface__rosidl_generator_c.so
-- Set non-toolchain portion of runtime path of "/home/ojith/ros2_ws/install/teleop_interface/lib/libteleop_interface__rosidl_generator_c.so" to ""
-- Installing: /home/ojith/ros2_ws/install/teleop_interface/lib/libteleop_interface__rosidl_typesupport_fastrtps_c.so
-- Set non-toolchain portion of runtime path of "/home/ojith/ros2_ws/install/teleop_interface/lib/libteleop_interface__rosidl_typesupport_fastrtps_c.so" to ""
-- Installing: /home/ojith/ros2_ws/install/teleop_interface/lib/libteleop_interface__rosidl_typesupport_introspection_c.so
-- Set non-toolchain portion of runtime path of "/home/ojith/ros2_ws/install/teleop_interface/lib/libteleop_interface__rosidl_typesupport_introspection_c.so" to ""
-- Installing: /home/ojith/ros2_ws/install/teleop_interface/lib/libteleop_interface__rosidl_typesupport_c.so
-- Set non-toolchain portion of runtime path of "/home/ojith/ros2_ws/install/teleop_interface/lib/libteleop_interface__rosidl_typesupport_c.so" to ""
-- Installing: /home/ojith/ros2_ws/install/teleop_interface/lib/libteleop_interface__rosidl_typesupport_fastrtps_cpp.so
-- Set non-toolchain portion of runtime path of "/home/ojith/ros2_ws/install/teleop_interface/lib/libteleop_interface__rosidl_typesupport_fastrtps_cpp.so" to ""
-- Installing: /home/ojith/ros2_ws/install/teleop_interface/lib/libteleop_interface__rosidl_typesupport_introspection_cpp.so
-- Set non-toolchain portion of runtime path of "/home/ojith/ros2_ws/install/teleop_interface/lib/libteleop_interface__rosidl_typesupport_introspection_cpp.so" to ""
-- Installing: /home/ojith/ros2_ws/install/teleop_interface/lib/libteleop_interface__rosidl_typesupport_cpp.so
-- Set non-toolchain portion of runtime path of "/home/ojith/ros2_ws/install/teleop_interface/lib/libteleop_interface__rosidl_typesupport_cpp.so" to ""
-- Installing: /home/ojith/ros2_ws/install/teleop_interface/lib/libteleop_interface__rosidl_generator_py.so
-- Set non-toolchain portion of runtime path of "/home/ojith/ros2_ws/install/teleop_interface/lib/libteleop_interface__rosidl_generator_py.so" to ""
-- Installing: /home/ojith/ros2_ws/install/teleop_interface/share/teleop_interface/cmake/export_teleop_interface__rosidl_generator_cExport.cmake
-- Installing: /home/ojith/ros2_ws/install/teleop_interface/share/teleop_interface/cmake/export_teleop_interface__rosidl_generator_cExport-noconfig.cmake
-- Installing: /home/ojith/ros2_ws/install/teleop_interface/share/teleop_interface/cmake/export_teleop_interface__rosidl_typesupport_fastrtps_cExport.cmake
-- Installing: /home/ojith/ros2_ws/install/teleop_interface/share/teleop_interface/cmake/export_teleop_interface__rosidl_typesupport_fastrtps_cExport-noconfig.cmake
-- Installing: /home/ojith/ros2_ws/install/teleop_interface/share/teleop_interface/cmake/teleop_interface__rosidl_typesupport_introspection_cExport.cmake
-- Installing: /home/ojith/ros2_ws/install/teleop_interface/share/teleop_interface/cmake/teleop_interface__rosidl_typesupport_introspection_cExport-noconfig.cmake
-- Installing: /home/ojith/ros2_ws/install/teleop_interface/share/teleop_interface/cmake/teleop_interface__rosidl_typesupport_cExport.cmake
-- Installing: /home/ojith/ros2_ws/install/teleop_interface/share/teleop_interface/cmake/teleop_interface__rosidl_typesupport_cExport-noconfig.cmake
-- Installing: /home/ojith/ros2_ws/install/teleop_interface/share/teleop_interface/cmake/export_teleop_interface__rosidl_generator_cppExport.cmake
-- Installing: /home/ojith/ros2_ws/install/teleop_interface/share/teleop_interface/cmake/export_teleop_interface__rosidl_typesupport_fastrtps_cppExport.cmake
-- Installing: /home/ojith/ros2_ws/install/teleop_interface/share/teleop_interface/cmake/export_teleop_interface__rosidl_typesupport_fastrtps_cppExport-noconfig.cmake
-- Installing: /home/ojith/ros2_ws/install/teleop_interface/share/teleop_interface/cmake/teleop_interface__rosidl_typesupport_introspection_cppExport.cmake
-- Installing: /home/ojith/ros2_ws/install/teleop_interface/share/teleop_interface/cmake/teleop_interface__rosidl_typesupport_introspection_cppExport-noconfig.cmake
-- Installing: /home/ojith/ros2_ws/install/teleop_interface/share/teleop_interface/cmake/teleop_interface__rosidl_typesupport_cppExport.cmake
-- Installing: /home/ojith/ros2_ws/install/teleop_interface/share/teleop_interface/cmake/teleop_interface__rosidl_typesupport_cppExport-noconfig.cmake
-- Installing: /home/ojith/ros2_ws/install/teleop_interface/share/teleop_interface/cmake/export_teleop_interface__rosidl_generator_pyExport.cmake
-- Installing: /home/ojith/ros2_ws/install/teleop_interface/share/teleop_interface/cmake/export_teleop_interface__rosidl_generator_pyExport-noconfig.cmake
Listing '/home/ojith/ros2_ws/install/teleop_interface/lib/python3.14/site-packages/teleop_interface'...
Compiling '/home/ojith/ros2_ws/install/teleop_interface/lib/python3.14/site-packages/teleop_interface/__init__.py'...
Listing '/home/ojith/ros2_ws/install/teleop_interface/lib/python3.14/site-packages/teleop_interface/msg'...
Compiling '/home/ojith/ros2_ws/install/teleop_interface/lib/python3.14/site-packages/teleop_interface/msg/__init__.py'...
Compiling '/home/ojith/ros2_ws/install/teleop_interface/lib/python3.14/site-packages/teleop_interface/msg/_teleop.py'...
