[0.354s] Invoking command in '/home/ojith/ros2_ws/build/teleop_interface': CMAKE_PREFIX_PATH=${CMAKE_PREFIX_PATH}:/opt/ros/lyrical DEBUGINFOD_URLS=https://debuginfod.ubuntu.com /usr/bin/cmake /home/ojith/ros2_ws/src/teleop_interface -DAMENT_CMAKE_SYMLINK_INSTALL=1 -DCMAKE_INSTALL_PREFIX=/home/ojith/ros2_ws/install/teleop_interface
[0.539s] -- The C compiler identification is GNU 15.2.0
[1.882s] -- The CXX compiler identification is GNU 15.2.0
[2.022s] -- Detecting C compiler ABI info
[2.252s] -- Detecting C compiler ABI info - done
[2.277s] -- Check for working C compiler: /usr/bin/cc - skipped
[2.280s] -- Detecting C compile features
[2.283s] -- Detecting C compile features - done
[2.310s] -- Detecting CXX compiler ABI info
[2.507s] -- Detecting CXX compiler ABI info - done
[2.532s] -- Check for working CXX compiler: /usr/bin/c++ - skipped
[2.532s] -- Detecting CXX compile features
[2.534s] -- Detecting CXX compile features - done
[2.557s] -- Found ament_cmake: 2.8.7 (/opt/ros/lyrical/share/ament_cmake/cmake)
[2.957s] -- Override CMake install command with custom implementation using symlinks instead of copying resources
[3.053s] -- Found ament_lint_auto: 0.20.6 (/opt/ros/lyrical/share/ament_lint_auto/cmake)
[3.056s] -- Found rosidl_default_generators: 1.8.1 (/opt/ros/lyrical/share/rosidl_default_generators/cmake)
[3.062s] -- Using all available rosidl_typesupport_c: rosidl_typesupport_fastrtps_c;rosidl_typesupport_introspection_c
[3.115s] -- Using all available rosidl_typesupport_cpp: rosidl_typesupport_fastrtps_cpp;rosidl_typesupport_introspection_cpp
[3.162s] -- Found rosidl_adapter: 5.2.1 (/opt/ros/lyrical/share/rosidl_adapter/cmake)
[3.339s] -- Found Python3: /usr/bin/python3 (found version "3.14.4") found components: Interpreter
[4.625s] -- Using all available rosidl_typesupport_c: rosidl_typesupport_fastrtps_c;rosidl_typesupport_introspection_c
[5.911s] -- Using all available rosidl_typesupport_cpp: rosidl_typesupport_fastrtps_cpp;rosidl_typesupport_introspection_cpp
[6.478s] -- Found Python3: /usr/bin/python3 (found version "3.14.4") found components: Interpreter Development NumPy Development.Module Development.Embed
[6.639s] -- Found Python3: /usr/bin/python3 (found version "3.14.4") found components: Interpreter
[6.699s] -- Added test 'lint_cmake' to check CMake code style
[6.702s] -- Added test 'xmllint' to check XML markup files
[6.734s] -- Configuring done (6.4s)
[7.001s] -- Generating done (0.3s)
[7.140s] -- Build files have been written to: /home/ojith/ros2_ws/build/teleop_interface
[7.186s] Invoked command in '/home/ojith/ros2_ws/build/teleop_interface' returned '0': CMAKE_PREFIX_PATH=${CMAKE_PREFIX_PATH}:/opt/ros/lyrical DEBUGINFOD_URLS=https://debuginfod.ubuntu.com /usr/bin/cmake /home/ojith/ros2_ws/src/teleop_interface -DAMENT_CMAKE_SYMLINK_INSTALL=1 -DCMAKE_INSTALL_PREFIX=/home/ojith/ros2_ws/install/teleop_interface
[7.190s] Invoking command in '/home/ojith/ros2_ws/build/teleop_interface': CMAKE_PREFIX_PATH=${CMAKE_PREFIX_PATH}:/opt/ros/lyrical DEBUGINFOD_URLS=https://debuginfod.ubuntu.com /usr/bin/cmake --build /home/ojith/ros2_ws/build/teleop_interface -- -j4 -l4
[7.356s] [  2%] [1m[34mGenerating Rust code for ROS interfaces[0m
[7.756s] [  2%] Built target teleop_interface__rs
[7.785s] [  5%] [1m[34mGenerating type hashes for ROS interfaces[0m
[8.111s] [  5%] Built target teleop_interface__rosidl_generator_type_description
[8.128s] [  8%] [1m[34mGenerating C code for ROS interfaces[0m
[8.578s] [ 14%] [32mBuilding C object CMakeFiles/teleop_interface__rosidl_generator_c.dir/rosidl_generator_c/teleop_interface/msg/detail/teleop__functions.c.o[0m
[8.578s] [ 14%] [32mBuilding C object CMakeFiles/teleop_interface__rosidl_generator_c.dir/rosidl_generator_c/teleop_interface/msg/detail/teleop__description.c.o[0m
[8.643s] [ 17%] [32mBuilding C object CMakeFiles/teleop_interface__rosidl_generator_c.dir/rosidl_generator_c/teleop_interface/msg/detail/teleop__type_support.c.o[0m
[8.686s] [ 20%] [1m[32mLinking C shared library libteleop_interface__rosidl_generator_c.so[0m
[8.744s] [ 20%] Built target teleop_interface__rosidl_generator_c
[8.759s] [ 25%] [1m[34mGenerating C introspection for ROS interfaces[0m
[8.759s] [ 25%] [1m[34mGenerating C type support for eProsima Fast-RTPS[0m
[8.777s] [ 28%] [1m[34mGenerating C++ code for ROS interfaces[0m
[9.305s] [ 31%] [32mBuilding C object CMakeFiles/teleop_interface__rosidl_typesupport_introspection_c.dir/rosidl_typesupport_introspection_c/teleop_interface/msg/detail/teleop__type_support.c.o[0m
[9.346s] [ 34%] [32mBuilding CXX object CMakeFiles/teleop_interface__rosidl_typesupport_fastrtps_c.dir/rosidl_typesupport_fastrtps_c/teleop_interface/msg/detail/teleop__type_support_c.cpp.o[0m
[9.368s] [ 37%] [1m[32mLinking C shared library libteleop_interface__rosidl_typesupport_introspection_c.so[0m
[9.396s] [ 37%] Built target teleop_interface__cpp
[9.414s] [ 42%] [1m[34mGenerating C++ type support for eProsima Fast-RTPS[0m
[9.415s] [ 42%] [1m[34mGenerating C type support dispatch for ROS interfaces[0m
[9.416s] [ 42%] Built target teleop_interface__rosidl_typesupport_introspection_c
[9.435s] [ 45%] [1m[34mGenerating C++ introspection for ROS interfaces[0m
[9.921s] [ 48%] [32mBuilding CXX object CMakeFiles/teleop_interface__rosidl_typesupport_introspection_cpp.dir/rosidl_typesupport_introspection_cpp/teleop_interface/msg/detail/teleop__type_support.cpp.o[0m
[9.951s] [ 51%] [32mBuilding CXX object CMakeFiles/teleop_interface__rosidl_typesupport_c.dir/rosidl_typesupport_c/teleop_interface/msg/teleop__type_support.cpp.o[0m
[9.989s] [ 54%] [32mBuilding CXX object CMakeFiles/teleop_interface__rosidl_typesupport_fastrtps_cpp.dir/rosidl_typesupport_fastrtps_cpp/teleop_interface/msg/detail/dds_fastrtps/teleop__type_support.cpp.o[0m
[10.056s] [ 57%] [1m[32mLinking CXX shared library libteleop_interface__rosidl_typesupport_c.so[0m
[10.150s] [ 57%] Built target teleop_interface__rosidl_typesupport_c
[10.528s] [ 60%] [1m[32mLinking CXX shared library libteleop_interface__rosidl_typesupport_fastrtps_c.so[0m
[10.733s] [ 62%] [1m[32mLinking CXX shared library libteleop_interface__rosidl_typesupport_introspection_cpp.so[0m
[11.015s] [ 65%] [1m[32mLinking CXX shared library libteleop_interface__rosidl_typesupport_fastrtps_cpp.so[0m
[11.204s] [ 65%] Built target teleop_interface__rosidl_typesupport_fastrtps_c
[11.218s] [ 68%] [1m[34mGenerating C++ type support dispatch for ROS interfaces[0m
[11.394s] [ 68%] Built target teleop_interface__rosidl_typesupport_introspection_cpp
[11.566s] [ 71%] [32mBuilding CXX object CMakeFiles/teleop_interface__rosidl_typesupport_cpp.dir/rosidl_typesupport_cpp/teleop_interface/msg/teleop__type_support.cpp.o[0m
[11.965s] [ 71%] Built target teleop_interface__rosidl_typesupport_fastrtps_cpp
[12.169s] [ 74%] [1m[32mLinking CXX shared library libteleop_interface__rosidl_typesupport_cpp.so[0m
[12.400s] [ 74%] Built target teleop_interface__rosidl_typesupport_cpp
[12.427s] [ 74%] Built target teleop_interface
[12.453s] [ 77%] [1m[34mGenerating Python code for ROS interfaces[0m
[12.864s] [ 77%] Built target teleop_interface__py
[12.895s] [ 80%] [32mBuilding C object CMakeFiles/teleop_interface__rosidl_generator_py.dir/rosidl_generator_py/teleop_interface/msg/_teleop_s.c.o[0m
[12.909s] [ 80%] Built target ament_cmake_python_sync_teleop_interface
[13.072s] [ 82%] [1m[32mLinking C shared library libteleop_interface__rosidl_generator_py.so[0m
[13.142s] [ 82%] Built target teleop_interface__rosidl_generator_py
[13.176s] [ 88%] [32mBuilding C object CMakeFiles/teleop_interface_s__rosidl_typesupport_fastrtps_c.dir/rosidl_generator_py/teleop_interface/_teleop_interface_s.ep.rosidl_typesupport_fastrtps_c.c.o[0m
[13.179s] [ 88%] [32mBuilding C object CMakeFiles/teleop_interface_s__rosidl_typesupport_introspection_c.dir/rosidl_generator_py/teleop_interface/_teleop_interface_s.ep.rosidl_typesupport_introspection_c.c.o[0m
[13.264s] running egg_info
[13.289s] creating teleop_interface.egg-info
[13.301s] writing teleop_interface.egg-info/PKG-INFO
[13.302s] writing dependency_links to teleop_interface.egg-info/dependency_links.txt
[13.303s] writing top-level names to teleop_interface.egg-info/top_level.txt
[13.303s] writing manifest file 'teleop_interface.egg-info/SOURCES.txt'
[13.328s] [ 91%] [1m[32mLinking C shared module rosidl_generator_py/teleop_interface/teleop_interface_s__rosidl_typesupport_introspection_c.so[0m
[13.336s] [ 94%] [1m[32mLinking C shared module rosidl_generator_py/teleop_interface/teleop_interface_s__rosidl_typesupport_fastrtps_c.so[0m
[13.375s] [ 94%] Built target teleop_interface_s__rosidl_typesupport_introspection_c
[13.383s] [ 94%] Built target teleop_interface_s__rosidl_typesupport_fastrtps_c
[13.395s] reading manifest file 'teleop_interface.egg-info/SOURCES.txt'
[13.396s] writing manifest file 'teleop_interface.egg-info/SOURCES.txt'
[13.406s] [ 97%] [32mBuilding C object CMakeFiles/teleop_interface_s__rosidl_typesupport_c.dir/rosidl_generator_py/teleop_interface/_teleop_interface_s.ep.rosidl_typesupport_c.c.o[0m
[13.488s] [ 97%] Built target ament_cmake_python_build_teleop_interface_egg
[13.557s] [100%] [1m[32mLinking C shared module rosidl_generator_py/teleop_interface/teleop_interface_s__rosidl_typesupport_c.so[0m
[13.605s] [100%] Built target teleop_interface_s__rosidl_typesupport_c
[13.623s] Invoked command in '/home/ojith/ros2_ws/build/teleop_interface' returned '0': CMAKE_PREFIX_PATH=${CMAKE_PREFIX_PATH}:/opt/ros/lyrical DEBUGINFOD_URLS=https://debuginfod.ubuntu.com /usr/bin/cmake --build /home/ojith/ros2_ws/build/teleop_interface -- -j4 -l4
[13.626s] Invoking command in '/home/ojith/ros2_ws/build/teleop_interface': CMAKE_PREFIX_PATH=${CMAKE_PREFIX_PATH}:/opt/ros/lyrical DEBUGINFOD_URLS=https://debuginfod.ubuntu.com /usr/bin/cmake --install /home/ojith/ros2_ws/build/teleop_interface
[13.639s] -- Install configuration: ""
[13.639s] -- Execute custom install script
[13.639s] -- Symlinking: /home/ojith/ros2_ws/install/teleop_interface/share/ament_index/resource_index/rosidl_interfaces/teleop_interface
[13.653s] -- Symlinking: /home/ojith/ros2_ws/install/teleop_interface/share/teleop_interface/msg/Teleop.json
[13.666s] -- Symlinking: /home/ojith/ros2_ws/install/teleop_interface/include/teleop_interface/teleop_interface/msg/detail/teleop__functions.h
[13.678s] -- Symlinking: /home/ojith/ros2_ws/install/teleop_interface/include/teleop_interface/teleop_interface/msg/detail/teleop__struct.h
[13.690s] -- Symlinking: /home/ojith/ros2_ws/install/teleop_interface/include/teleop_interface/teleop_interface/msg/detail/teleop__type_support.h
[13.701s] -- Symlinking: /home/ojith/ros2_ws/install/teleop_interface/include/teleop_interface/teleop_interface/msg/rosidl_generator_c__visibility_control.h
[13.714s] -- Symlinking: /home/ojith/ros2_ws/install/teleop_interface/include/teleop_interface/teleop_interface/msg/teleop.h
[13.725s] -- Symlinking: /home/ojith/ros2_ws/install/teleop_interface/share/teleop_interface/environment/library_path.sh
[13.740s] -- Symlinking: /home/ojith/ros2_ws/install/teleop_interface/share/teleop_interface/environment/library_path.dsv
[13.750s] -- Symlinking: /home/ojith/ros2_ws/install/teleop_interface/include/teleop_interface/teleop_interface/msg/detail/teleop__rosidl_typesupport_fastrtps_c.h
[13.763s] -- Symlinking: /home/ojith/ros2_ws/install/teleop_interface/include/teleop_interface/teleop_interface/msg/rosidl_typesupport_fastrtps_c__visibility_control.h
[13.779s] -- Symlinking: /home/ojith/ros2_ws/install/teleop_interface/include/teleop_interface/teleop_interface/msg/detail/teleop__rosidl_typesupport_introspection_c.h
[13.789s] -- Symlinking: /home/ojith/ros2_ws/install/teleop_interface/include/teleop_interface/teleop_interface/msg/rosidl_typesupport_introspection_c__visibility_control.h
[13.802s] -- Symlinking: /home/ojith/ros2_ws/install/teleop_interface/include/teleop_interface/teleop_interface/msg/detail/teleop__builder.hpp
[13.814s] -- Symlinking: /home/ojith/ros2_ws/install/teleop_interface/include/teleop_interface/teleop_interface/msg/detail/teleop__struct.hpp
[13.826s] -- Symlinking: /home/ojith/ros2_ws/install/teleop_interface/include/teleop_interface/teleop_interface/msg/detail/teleop__traits.hpp
[13.842s] -- Symlinking: /home/ojith/ros2_ws/install/teleop_interface/include/teleop_interface/teleop_interface/msg/detail/teleop__type_support.hpp
[13.853s] -- Symlinking: /home/ojith/ros2_ws/install/teleop_interface/include/teleop_interface/teleop_interface/msg/rosidl_generator_cpp__visibility_control.hpp
[13.865s] -- Symlinking: /home/ojith/ros2_ws/install/teleop_interface/include/teleop_interface/teleop_interface/msg/teleop.hpp
[13.880s] -- Symlinking: /home/ojith/ros2_ws/install/teleop_interface/include/teleop_interface/teleop_interface/msg/detail/teleop__rosidl_typesupport_fastrtps_cpp.hpp
[13.893s] -- Symlinking: /home/ojith/ros2_ws/install/teleop_interface/include/teleop_interface/teleop_interface/msg/rosidl_typesupport_fastrtps_cpp__visibility_control.h
[13.907s] -- Symlinking: /home/ojith/ros2_ws/install/teleop_interface/include/teleop_interface/teleop_interface/msg/detail/teleop__rosidl_typesupport_introspection_cpp.hpp
[13.920s] -- Symlinking: /home/ojith/ros2_ws/install/teleop_interface/share/teleop_interface/environment/pythonpath.sh
[13.931s] -- Symlinking: /home/ojith/ros2_ws/install/teleop_interface/share/teleop_interface/environment/pythonpath.dsv
[13.943s] -- Symlinking: /home/ojith/ros2_ws/install/teleop_interface/lib/python3.14/site-packages/teleop_interface/teleop_interface_s__rosidl_typesupport_fastrtps_c.so
[13.955s] -- Symlinking: /home/ojith/ros2_ws/install/teleop_interface/lib/python3.14/site-packages/teleop_interface/teleop_interface_s__rosidl_typesupport_introspection_c.so
[13.967s] -- Symlinking: /home/ojith/ros2_ws/install/teleop_interface/lib/python3.14/site-packages/teleop_interface/teleop_interface_s__rosidl_typesupport_c.so
[13.979s] -- Symlinking: /home/ojith/ros2_ws/install/teleop_interface/share/ament_index/resource_index/rust_packages/teleop_interface
[13.993s] -- Symlinking: /home/ojith/ros2_ws/install/teleop_interface/share/teleop_interface/rust/Cargo.toml
[14.003s] -- Symlinking: /home/ojith/ros2_ws/install/teleop_interface/share/teleop_interface/rust/build.rs
[14.016s] -- Symlinking: /home/ojith/ros2_ws/install/teleop_interface/share/teleop_interface/rust/src/lib.rs
[14.028s] -- Symlinking: /home/ojith/ros2_ws/install/teleop_interface/share/teleop_interface/rust/src/msg.rs
[14.041s] -- Symlinking: /home/ojith/ros2_ws/install/teleop_interface/share/teleop_interface/rust/src/msg/rmw.rs
[14.052s] -- Symlinking: /home/ojith/ros2_ws/install/teleop_interface/share/teleop_interface/msg/Teleop.idl
[14.064s] -- Symlinking: /home/ojith/ros2_ws/install/teleop_interface/share/teleop_interface/msg/Teleop.msg
[14.077s] -- Symlinking: /home/ojith/ros2_ws/install/teleop_interface/share/ament_index/resource_index/package_run_dependencies/teleop_interface
[14.089s] -- Symlinking: /home/ojith/ros2_ws/install/teleop_interface/share/ament_index/resource_index/parent_prefix_path/teleop_interface
[14.101s] -- Symlinking: /home/ojith/ros2_ws/install/teleop_interface/share/teleop_interface/environment/ament_prefix_path.sh
[14.113s] -- Symlinking: /home/ojith/ros2_ws/install/teleop_interface/share/teleop_interface/environment/ament_prefix_path.dsv
[14.125s] -- Symlinking: /home/ojith/ros2_ws/install/teleop_interface/share/teleop_interface/environment/path.sh
[14.137s] -- Symlinking: /home/ojith/ros2_ws/install/teleop_interface/share/teleop_interface/environment/path.dsv
[14.148s] -- Symlinking: /home/ojith/ros2_ws/install/teleop_interface/share/teleop_interface/local_setup.bash
[14.179s] -- Symlinking: /home/ojith/ros2_ws/install/teleop_interface/share/teleop_interface/local_setup.fish
[14.192s] -- Symlinking: /home/ojith/ros2_ws/install/teleop_interface/share/teleop_interface/local_setup.sh
[14.205s] -- Symlinking: /home/ojith/ros2_ws/install/teleop_interface/share/teleop_interface/local_setup.zsh
[14.217s] -- Symlinking: /home/ojith/ros2_ws/install/teleop_interface/share/teleop_interface/local_setup.dsv
[14.231s] -- Symlinking: /home/ojith/ros2_ws/install/teleop_interface/share/teleop_interface/package.dsv
[14.243s] -- Symlinking: /home/ojith/ros2_ws/install/teleop_interface/share/ament_index/resource_index/packages/teleop_interface
[14.256s] -- Symlinking: /home/ojith/ros2_ws/install/teleop_interface/lib/python3.14/site-packages/teleop_interface-0.0.0-py3.14.egg-info/PKG-INFO
[14.270s] -- Symlinking: /home/ojith/ros2_ws/install/teleop_interface/lib/python3.14/site-packages/teleop_interface-0.0.0-py3.14.egg-info/SOURCES.txt
[14.282s] -- Symlinking: /home/ojith/ros2_ws/install/teleop_interface/lib/python3.14/site-packages/teleop_interface-0.0.0-py3.14.egg-info/dependency_links.txt
[14.294s] -- Symlinking: /home/ojith/ros2_ws/install/teleop_interface/lib/python3.14/site-packages/teleop_interface-0.0.0-py3.14.egg-info/top_level.txt
[14.306s] -- Symlinking: /home/ojith/ros2_ws/install/teleop_interface/lib/python3.14/site-packages/teleop_interface/__init__.py
[14.319s] -- Symlinking: /home/ojith/ros2_ws/install/teleop_interface/lib/python3.14/site-packages/teleop_interface/_teleop_interface_s.ep.rosidl_typesupport_c.c
[14.331s] -- Symlinking: /home/ojith/ros2_ws/install/teleop_interface/lib/python3.14/site-packages/teleop_interface/_teleop_interface_s.ep.rosidl_typesupport_fastrtps_c.c
[14.343s] -- Symlinking: /home/ojith/ros2_ws/install/teleop_interface/lib/python3.14/site-packages/teleop_interface/_teleop_interface_s.ep.rosidl_typesupport_introspection_c.c
[14.356s] -- Symlinking: /home/ojith/ros2_ws/install/teleop_interface/lib/python3.14/site-packages/teleop_interface/msg/__init__.py
[14.368s] -- Symlinking: /home/ojith/ros2_ws/install/teleop_interface/lib/python3.14/site-packages/teleop_interface/msg/_teleop.py
[14.381s] -- Symlinking: /home/ojith/ros2_ws/install/teleop_interface/lib/python3.14/site-packages/teleop_interface/msg/_teleop_s.c
[14.394s] -- Symlinking: /home/ojith/ros2_ws/install/teleop_interface/lib/python3.14/site-packages/teleop_interface/py.typed
[14.408s] -- Up-to-date symlink: /home/ojith/ros2_ws/install/teleop_interface/lib/python3.14/site-packages/teleop_interface/teleop_interface_s__rosidl_typesupport_c.so
[14.408s] -- Up-to-date symlink: /home/ojith/ros2_ws/install/teleop_interface/lib/python3.14/site-packages/teleop_interface/teleop_interface_s__rosidl_typesupport_fastrtps_c.so
[14.408s] -- Up-to-date symlink: /home/ojith/ros2_ws/install/teleop_interface/lib/python3.14/site-packages/teleop_interface/teleop_interface_s__rosidl_typesupport_introspection_c.so
[14.409s] -- Symlinking: /home/ojith/ros2_ws/install/teleop_interface/share/teleop_interface/cmake/rosidl_cmake-extras.cmake
[14.420s] -- Symlinking: /home/ojith/ros2_ws/install/teleop_interface/share/teleop_interface/cmake/ament_cmake_export_include_directories-extras.cmake
[14.432s] -- Symlinking: /home/ojith/ros2_ws/install/teleop_interface/share/teleop_interface/cmake/ament_cmake_export_libraries-extras.cmake
[14.445s] -- Symlinking: /home/ojith/ros2_ws/install/teleop_interface/share/teleop_interface/cmake/ament_cmake_export_targets-extras.cmake
[14.459s] -- Symlinking: /home/ojith/ros2_ws/install/teleop_interface/share/teleop_interface/cmake/rosidl_cmake_export_typesupport_targets-extras.cmake
[14.471s] -- Symlinking: /home/ojith/ros2_ws/install/teleop_interface/share/teleop_interface/cmake/ament_cmake_export_dependencies-extras.cmake
[14.484s] -- Symlinking: /home/ojith/ros2_ws/install/teleop_interface/share/teleop_interface/cmake/rosidl_cmake_export_typesupport_libraries-extras.cmake
[14.496s] -- Symlinking: /home/ojith/ros2_ws/install/teleop_interface/share/teleop_interface/cmake/rosidl_cmake_aggregate_target-extras.cmake
[14.511s] -- Symlinking: /home/ojith/ros2_ws/install/teleop_interface/share/teleop_interface/cmake/teleop_interfaceConfig.cmake
[14.523s] -- Symlinking: /home/ojith/ros2_ws/install/teleop_interface/share/teleop_interface/cmake/teleop_interfaceConfig-version.cmake
[14.535s] -- Symlinking: /home/ojith/ros2_ws/install/teleop_interface/share/teleop_interface/package.xml
[14.549s] -- Installing: /home/ojith/ros2_ws/install/teleop_interface/lib/libteleop_interface__rosidl_generator_c.so
[14.550s] -- Set non-toolchain portion of runtime path of "/home/ojith/ros2_ws/install/teleop_interface/lib/libteleop_interface__rosidl_generator_c.so" to ""
[14.551s] -- Installing: /home/ojith/ros2_ws/install/teleop_interface/lib/libteleop_interface__rosidl_typesupport_fastrtps_c.so
[14.552s] -- Set non-toolchain portion of runtime path of "/home/ojith/ros2_ws/install/teleop_interface/lib/libteleop_interface__rosidl_typesupport_fastrtps_c.so" to ""
[14.552s] -- Installing: /home/ojith/ros2_ws/install/teleop_interface/lib/libteleop_interface__rosidl_typesupport_introspection_c.so
[14.552s] -- Set non-toolchain portion of runtime path of "/home/ojith/ros2_ws/install/teleop_interface/lib/libteleop_interface__rosidl_typesupport_introspection_c.so" to ""
[14.552s] -- Installing: /home/ojith/ros2_ws/install/teleop_interface/lib/libteleop_interface__rosidl_typesupport_c.so
[14.552s] -- Set non-toolchain portion of runtime path of "/home/ojith/ros2_ws/install/teleop_interface/lib/libteleop_interface__rosidl_typesupport_c.so" to ""
[14.553s] -- Installing: /home/ojith/ros2_ws/install/teleop_interface/lib/libteleop_interface__rosidl_typesupport_fastrtps_cpp.so
[14.553s] -- Set non-toolchain portion of runtime path of "/home/ojith/ros2_ws/install/teleop_interface/lib/libteleop_interface__rosidl_typesupport_fastrtps_cpp.so" to ""
[14.553s] -- Installing: /home/ojith/ros2_ws/install/teleop_interface/lib/libteleop_interface__rosidl_typesupport_introspection_cpp.so
[14.554s] -- Set non-toolchain portion of runtime path of "/home/ojith/ros2_ws/install/teleop_interface/lib/libteleop_interface__rosidl_typesupport_introspection_cpp.so" to ""
[14.554s] -- Installing: /home/ojith/ros2_ws/install/teleop_interface/lib/libteleop_interface__rosidl_typesupport_cpp.so
[14.554s] -- Set non-toolchain portion of runtime path of "/home/ojith/ros2_ws/install/teleop_interface/lib/libteleop_interface__rosidl_typesupport_cpp.so" to ""
[14.555s] -- Installing: /home/ojith/ros2_ws/install/teleop_interface/lib/libteleop_interface__rosidl_generator_py.so
[14.555s] -- Set non-toolchain portion of runtime path of "/home/ojith/ros2_ws/install/teleop_interface/lib/libteleop_interface__rosidl_generator_py.so" to ""
[14.555s] -- Installing: /home/ojith/ros2_ws/install/teleop_interface/share/teleop_interface/cmake/export_teleop_interface__rosidl_generator_cExport.cmake
[14.555s] -- Installing: /home/ojith/ros2_ws/install/teleop_interface/share/teleop_interface/cmake/export_teleop_interface__rosidl_generator_cExport-noconfig.cmake
[14.556s] -- Installing: /home/ojith/ros2_ws/install/teleop_interface/share/teleop_interface/cmake/export_teleop_interface__rosidl_typesupport_fastrtps_cExport.cmake
[14.557s] -- Installing: /home/ojith/ros2_ws/install/teleop_interface/share/teleop_interface/cmake/export_teleop_interface__rosidl_typesupport_fastrtps_cExport-noconfig.cmake
[14.558s] -- Installing: /home/ojith/ros2_ws/install/teleop_interface/share/teleop_interface/cmake/teleop_interface__rosidl_typesupport_introspection_cExport.cmake
[14.558s] -- Installing: /home/ojith/ros2_ws/install/teleop_interface/share/teleop_interface/cmake/teleop_interface__rosidl_typesupport_introspection_cExport-noconfig.cmake
[14.558s] -- Installing: /home/ojith/ros2_ws/install/teleop_interface/share/teleop_interface/cmake/teleop_interface__rosidl_typesupport_cExport.cmake
[14.558s] -- Installing: /home/ojith/ros2_ws/install/teleop_interface/share/teleop_interface/cmake/teleop_interface__rosidl_typesupport_cExport-noconfig.cmake
[14.558s] -- Installing: /home/ojith/ros2_ws/install/teleop_interface/share/teleop_interface/cmake/export_teleop_interface__rosidl_generator_cppExport.cmake
[14.558s] -- Installing: /home/ojith/ros2_ws/install/teleop_interface/share/teleop_interface/cmake/export_teleop_interface__rosidl_typesupport_fastrtps_cppExport.cmake
[14.558s] -- Installing: /home/ojith/ros2_ws/install/teleop_interface/share/teleop_interface/cmake/export_teleop_interface__rosidl_typesupport_fastrtps_cppExport-noconfig.cmake
[14.559s] -- Installing: /home/ojith/ros2_ws/install/teleop_interface/share/teleop_interface/cmake/teleop_interface__rosidl_typesupport_introspection_cppExport.cmake
[14.561s] -- Installing: /home/ojith/ros2_ws/install/teleop_interface/share/teleop_interface/cmake/teleop_interface__rosidl_typesupport_introspection_cppExport-noconfig.cmake
[14.562s] -- Installing: /home/ojith/ros2_ws/install/teleop_interface/share/teleop_interface/cmake/teleop_interface__rosidl_typesupport_cppExport.cmake
[14.562s] -- Installing: /home/ojith/ros2_ws/install/teleop_interface/share/teleop_interface/cmake/teleop_interface__rosidl_typesupport_cppExport-noconfig.cmake
[14.562s] -- Installing: /home/ojith/ros2_ws/install/teleop_interface/share/teleop_interface/cmake/export_teleop_interface__rosidl_generator_pyExport.cmake
[14.562s] -- Installing: /home/ojith/ros2_ws/install/teleop_interface/share/teleop_interface/cmake/export_teleop_interface__rosidl_generator_pyExport-noconfig.cmake
[14.628s] Listing '/home/ojith/ros2_ws/install/teleop_interface/lib/python3.14/site-packages/teleop_interface'...
[14.628s] Compiling '/home/ojith/ros2_ws/install/teleop_interface/lib/python3.14/site-packages/teleop_interface/__init__.py'...
[14.629s] Listing '/home/ojith/ros2_ws/install/teleop_interface/lib/python3.14/site-packages/teleop_interface/msg'...
[14.629s] Compiling '/home/ojith/ros2_ws/install/teleop_interface/lib/python3.14/site-packages/teleop_interface/msg/__init__.py'...
[14.629s] Compiling '/home/ojith/ros2_ws/install/teleop_interface/lib/python3.14/site-packages/teleop_interface/msg/_teleop.py'...
[14.651s] Invoked command in '/home/ojith/ros2_ws/build/teleop_interface' returned '0': CMAKE_PREFIX_PATH=${CMAKE_PREFIX_PATH}:/opt/ros/lyrical DEBUGINFOD_URLS=https://debuginfod.ubuntu.com /usr/bin/cmake --install /home/ojith/ros2_ws/build/teleop_interface
