[-1785329761824204800.000s] DEBUG:colcon:Command line arguments: ['/usr/bin/colcon', 'build', '--packages-select', 'teleop_interface']
[-1785329761824204800.000s] DEBUG:colcon:Parsed command line arguments: Namespace(log_base=None, log_level=None, verb_name='build', build_base='build', install_base='install', merge_install=False, symlink_install=False, test_result_base=None, continue_on_error=False, executor='parallel', parallel_workers=4, event_handlers=None, ignore_user_meta=False, metas=['./colcon.meta'], base_paths=['.'], packages_ignore=None, packages_ignore_regex=None, paths=None, packages_up_to=None, packages_up_to_regex=None, packages_above=None, packages_above_and_dependencies=None, packages_above_depth=None, packages_select_by_dep=None, packages_skip_by_dep=None, packages_skip_up_to=None, packages_select_build_failed=False, packages_skip_build_finished=False, packages_select_test_failures=False, packages_skip_test_passed=False, packages_select=['teleop_interface'], packages_skip=None, packages_select_regex=None, packages_skip_regex=None, packages_start=None, packages_end=None, allow_overriding=[], cmake_args=None, cmake_target=None, cmake_target_skip_unavailable=False, cmake_clean_cache=False, cmake_clean_first=False, cmake_force_configure=False, ament_cmake_args=None, catkin_cmake_args=None, catkin_skip_building_tests=False, verb_parser=<colcon_defaults.argument_parser.defaults.DefaultArgumentsDecorator object at 0xffffa29c7890>, verb_extension=<colcon_core.verb.build.BuildVerb object at 0xffffa29b67b0>, main=<bound method BuildVerb.main of <colcon_core.verb.build.BuildVerb object at 0xffffa29b67b0>>)
[-1785329761824204800.000s] Level 1:colcon.colcon_core.package_discovery:discover_packages(colcon_meta) check parameters
[-1785329761824204800.000s] Level 1:colcon.colcon_core.package_discovery:discover_packages(recursive) check parameters
[-1785329761824204800.000s] Level 1:colcon.colcon_core.package_discovery:discover_packages(ignore) check parameters
[-1785329761824204800.000s] Level 1:colcon.colcon_core.package_discovery:discover_packages(path) check parameters
[-1785329761824204800.000s] Level 1:colcon.colcon_core.package_discovery:discover_packages(colcon_meta) discover
[-1785329761824204800.000s] Level 1:colcon.colcon_core.package_discovery:discover_packages(recursive) discover
[-1785329761824204800.000s] INFO:colcon.colcon_core.package_discovery:Crawling recursively for packages in '/home/ojith/ros2_ws'
[-1785329761824204800.000s] Level 1:colcon.colcon_core.package_identification:_identify(.) by extensions ['ignore', 'ignore_ament_install']
[-1785329761824204800.000s] Level 1:colcon.colcon_core.package_identification:_identify(.) by extension 'ignore'
[-1785329761824204800.000s] Level 1:colcon.colcon_core.package_identification:_identify(.) by extension 'ignore_ament_install'
[-1785329761824204800.000s] Level 1:colcon.colcon_core.package_identification:_identify(.) by extensions ['colcon_pkg']
[-1785329761824204800.000s] Level 1:colcon.colcon_core.package_identification:_identify(.) by extension 'colcon_pkg'
[-1785329761824204800.000s] Level 1:colcon.colcon_core.package_identification:_identify(.) by extensions ['colcon_meta']
[-1785329761824204800.000s] Level 1:colcon.colcon_core.package_identification:_identify(.) by extension 'colcon_meta'
[-1785329761824204800.000s] Level 1:colcon.colcon_core.package_identification:_identify(.) by extensions ['ros']
[-1785329761824204800.000s] Level 1:colcon.colcon_core.package_identification:_identify(.) by extension 'ros'
[-1785329761824204800.000s] Level 1:colcon.colcon_core.package_identification:_identify(.) by extensions ['cmake', 'python']
[-1785329761824204800.000s] Level 1:colcon.colcon_core.package_identification:_identify(.) by extension 'cmake'
[-1785329761824204800.000s] Level 1:colcon.colcon_core.package_identification:_identify(.) by extension 'python'
[-1785329761824204800.000s] Level 1:colcon.colcon_core.package_identification:_identify(.) by extensions ['python_setup_py']
[-1785329761824204800.000s] Level 1:colcon.colcon_core.package_identification:_identify(.) by extension 'python_setup_py'
[-1785329761824204800.000s] Level 1:colcon.colcon_core.package_identification:_identify(build) by extensions ['ignore', 'ignore_ament_install']
[-1785329761824204800.000s] Level 1:colcon.colcon_core.package_identification:_identify(build) by extension 'ignore'
[-1785329761824204800.000s] Level 1:colcon.colcon_core.package_identification:_identify(build) ignored
[-1785329761824204800.000s] Level 1:colcon.colcon_core.package_identification:_identify(install) by extensions ['ignore', 'ignore_ament_install']
[-1785329761824204800.000s] Level 1:colcon.colcon_core.package_identification:_identify(install) by extension 'ignore'
[-1785329761824204800.000s] Level 1:colcon.colcon_core.package_identification:_identify(install) ignored
[-1785329761824204800.000s] Level 1:colcon.colcon_core.package_identification:_identify(log) by extensions ['ignore', 'ignore_ament_install']
[-1785329761824204800.000s] Level 1:colcon.colcon_core.package_identification:_identify(log) by extension 'ignore'
[-1785329761824204800.000s] Level 1:colcon.colcon_core.package_identification:_identify(log) ignored
[-1785329761824204800.000s] Level 1:colcon.colcon_core.package_identification:_identify(src) by extensions ['ignore', 'ignore_ament_install']
[-1785329761824204800.000s] Level 1:colcon.colcon_core.package_identification:_identify(src) by extension 'ignore'
[-1785329761824204800.000s] Level 1:colcon.colcon_core.package_identification:_identify(src) by extension 'ignore_ament_install'
[-1785329761824204800.000s] Level 1:colcon.colcon_core.package_identification:_identify(src) by extensions ['colcon_pkg']
[-1785329761824204800.000s] Level 1:colcon.colcon_core.package_identification:_identify(src) by extension 'colcon_pkg'
[-1785329761824204800.000s] Level 1:colcon.colcon_core.package_identification:_identify(src) by extensions ['colcon_meta']
[-1785329761824204800.000s] Level 1:colcon.colcon_core.package_identification:_identify(src) by extension 'colcon_meta'
[-1785329761824204800.000s] Level 1:colcon.colcon_core.package_identification:_identify(src) by extensions ['ros']
[-1785329761824204800.000s] Level 1:colcon.colcon_core.package_identification:_identify(src) by extension 'ros'
[-1785329761824204800.000s] Level 1:colcon.colcon_core.package_identification:_identify(src) by extensions ['cmake', 'python']
[-1785329761824204800.000s] Level 1:colcon.colcon_core.package_identification:_identify(src) by extension 'cmake'
[-1785329761824204800.000s] Level 1:colcon.colcon_core.package_identification:_identify(src) by extension 'python'
[-1785329761824204800.000s] Level 1:colcon.colcon_core.package_identification:_identify(src) by extensions ['python_setup_py']
[-1785329761824204800.000s] Level 1:colcon.colcon_core.package_identification:_identify(src) by extension 'python_setup_py'
[-1785329761824204800.000s] Level 1:colcon.colcon_core.package_identification:_identify(src/build) by extensions ['ignore', 'ignore_ament_install']
[-1785329761824204800.000s] Level 1:colcon.colcon_core.package_identification:_identify(src/build) by extension 'ignore'
[-1785329761824204800.000s] Level 1:colcon.colcon_core.package_identification:_identify(src/build) ignored
[-1785329761824204800.000s] Level 1:colcon.colcon_core.package_identification:_identify(src/install) by extensions ['ignore', 'ignore_ament_install']
[-1785329761824204800.000s] Level 1:colcon.colcon_core.package_identification:_identify(src/install) by extension 'ignore'
[-1785329761824204800.000s] Level 1:colcon.colcon_core.package_identification:_identify(src/install) ignored
[-1785329761824204800.000s] Level 1:colcon.colcon_core.package_identification:_identify(src/log) by extensions ['ignore', 'ignore_ament_install']
[-1785329761824204800.000s] Level 1:colcon.colcon_core.package_identification:_identify(src/log) by extension 'ignore'
[-1785329761824204800.000s] Level 1:colcon.colcon_core.package_identification:_identify(src/log) ignored
[-1785329761824204800.000s] Level 1:colcon.colcon_core.package_identification:_identify(src/robot_control) by extensions ['ignore', 'ignore_ament_install']
[-1785329761824204800.000s] Level 1:colcon.colcon_core.package_identification:_identify(src/robot_control) by extension 'ignore'
[-1785329761824204800.000s] Level 1:colcon.colcon_core.package_identification:_identify(src/robot_control) by extension 'ignore_ament_install'
[-1785329761824204800.000s] Level 1:colcon.colcon_core.package_identification:_identify(src/robot_control) by extensions ['colcon_pkg']
[-1785329761824204800.000s] Level 1:colcon.colcon_core.package_identification:_identify(src/robot_control) by extension 'colcon_pkg'
[-1785329761824204800.000s] Level 1:colcon.colcon_core.package_identification:_identify(src/robot_control) by extensions ['colcon_meta']
[-1785329761824204800.000s] Level 1:colcon.colcon_core.package_identification:_identify(src/robot_control) by extension 'colcon_meta'
[-1785329761824204800.000s] Level 1:colcon.colcon_core.package_identification:_identify(src/robot_control) by extensions ['ros']
[-1785329761824204800.000s] Level 1:colcon.colcon_core.package_identification:_identify(src/robot_control) by extension 'ros'
[-1785329761824204800.000s] DEBUG:colcon.colcon_core.package_identification:Package 'src/robot_control' with type 'ros.ament_python' and name 'robot_control'
[-1785329761824204800.000s] Level 1:colcon.colcon_core.package_identification:_identify(src/teleop_interface) by extensions ['ignore', 'ignore_ament_install']
[-1785329761824204800.000s] Level 1:colcon.colcon_core.package_identification:_identify(src/teleop_interface) by extension 'ignore'
[-1785329761824204800.000s] Level 1:colcon.colcon_core.package_identification:_identify(src/teleop_interface) by extension 'ignore_ament_install'
[-1785329761824204800.000s] Level 1:colcon.colcon_core.package_identification:_identify(src/teleop_interface) by extensions ['colcon_pkg']
[-1785329761824204800.000s] Level 1:colcon.colcon_core.package_identification:_identify(src/teleop_interface) by extension 'colcon_pkg'
[-1785329761824204800.000s] Level 1:colcon.colcon_core.package_identification:_identify(src/teleop_interface) by extensions ['colcon_meta']
[-1785329761824204800.000s] Level 1:colcon.colcon_core.package_identification:_identify(src/teleop_interface) by extension 'colcon_meta'
[-1785329761824204800.000s] Level 1:colcon.colcon_core.package_identification:_identify(src/teleop_interface) by extensions ['ros']
[-1785329761824204800.000s] Level 1:colcon.colcon_core.package_identification:_identify(src/teleop_interface) by extension 'ros'
[-1785329761824204800.000s] DEBUG:colcon.colcon_core.package_identification:Package 'src/teleop_interface' with type 'ros.ament_cmake' and name 'teleop_interface'
[-1785329761824204800.000s] Level 1:colcon.colcon_core.package_identification:_identify(src/usb_cam) by extensions ['ignore', 'ignore_ament_install']
[-1785329761824204800.000s] Level 1:colcon.colcon_core.package_identification:_identify(src/usb_cam) by extension 'ignore'
[-1785329761824204800.000s] Level 1:colcon.colcon_core.package_identification:_identify(src/usb_cam) by extension 'ignore_ament_install'
[-1785329761824204800.000s] Level 1:colcon.colcon_core.package_identification:_identify(src/usb_cam) by extensions ['colcon_pkg']
[-1785329761824204800.000s] Level 1:colcon.colcon_core.package_identification:_identify(src/usb_cam) by extension 'colcon_pkg'
[-1785329761824204800.000s] Level 1:colcon.colcon_core.package_identification:_identify(src/usb_cam) by extensions ['colcon_meta']
[-1785329761824204800.000s] Level 1:colcon.colcon_core.package_identification:_identify(src/usb_cam) by extension 'colcon_meta'
[-1785329761824204800.000s] Level 1:colcon.colcon_core.package_identification:_identify(src/usb_cam) by extensions ['ros']
[-1785329761824204800.000s] Level 1:colcon.colcon_core.package_identification:_identify(src/usb_cam) by extension 'ros'
[-1785329761824204800.000s] DEBUG:colcon.colcon_core.package_identification:Package 'src/usb_cam' with type 'ros.ament_cmake' and name 'usb_cam'
[-1785329761824204800.000s] Level 1:colcon.colcon_core.package_discovery:discover_packages(recursive) using defaults
[-1785329761824204800.000s] Level 1:colcon.colcon_core.package_discovery:discover_packages(ignore) discover
[-1785329761824204800.000s] Level 1:colcon.colcon_core.package_discovery:discover_packages(ignore) using defaults
[-1785329761824204800.000s] Level 1:colcon.colcon_core.package_discovery:discover_packages(path) discover
[-1785329761824204800.000s] Level 1:colcon.colcon_core.package_discovery:discover_packages(path) using defaults
[-1785329761824204800.000s] INFO:colcon.colcon_core.package_selection:Skipping not selected package 'robot_control' in 'src/robot_control'
[-1785329761824204800.000s] INFO:colcon.colcon_core.package_selection:Skipping not selected package 'usb_cam' in 'src/usb_cam'
[-1785329761824204800.000s] Level 1:colcon.colcon_core.package_discovery:discover_packages(prefix_path) check parameters
[-1785329761824204800.000s] Level 1:colcon.colcon_core.package_discovery:discover_packages(prefix_path) discover
[-1785329761824204800.000s] DEBUG:colcon.colcon_installed_package_information.package_discovery:Found 294 installed packages in /opt/ros/lyrical
[-1785329761824204800.000s] Level 1:colcon.colcon_core.package_discovery:discover_packages(prefix_path) using defaults
[-1785329761824204800.000s] Level 5:colcon.colcon_core.verb:set package 'teleop_interface' build argument 'cmake_args' from command line to 'None'
[-1785329761824204800.000s] Level 5:colcon.colcon_core.verb:set package 'teleop_interface' build argument 'cmake_target' from command line to 'None'
[-1785329761824204800.000s] Level 5:colcon.colcon_core.verb:set package 'teleop_interface' build argument 'cmake_target_skip_unavailable' from command line to 'False'
[-1785329761824204800.000s] Level 5:colcon.colcon_core.verb:set package 'teleop_interface' build argument 'cmake_clean_cache' from command line to 'False'
[-1785329761824204800.000s] Level 5:colcon.colcon_core.verb:set package 'teleop_interface' build argument 'cmake_clean_first' from command line to 'False'
[-1785329761824204800.000s] Level 5:colcon.colcon_core.verb:set package 'teleop_interface' build argument 'cmake_force_configure' from command line to 'False'
[-1785329761824204800.000s] Level 5:colcon.colcon_core.verb:set package 'teleop_interface' build argument 'ament_cmake_args' from command line to 'None'
[-1785329761824204800.000s] Level 5:colcon.colcon_core.verb:set package 'teleop_interface' build argument 'catkin_cmake_args' from command line to 'None'
[-1785329761824204800.000s] Level 5:colcon.colcon_core.verb:set package 'teleop_interface' build argument 'catkin_skip_building_tests' from command line to 'False'
[-1785329761824204800.000s] DEBUG:colcon.colcon_core.verb:Building package 'teleop_interface' with the following arguments: {'ament_cmake_args': None, 'build_base': '/home/ojith/ros2_ws/build/teleop_interface', 'catkin_cmake_args': None, 'catkin_skip_building_tests': False, 'cmake_args': None, 'cmake_clean_cache': False, 'cmake_clean_first': False, 'cmake_force_configure': False, 'cmake_target': None, 'cmake_target_skip_unavailable': False, 'install_base': '/home/ojith/ros2_ws/install/teleop_interface', 'merge_install': False, 'path': '/home/ojith/ros2_ws/src/teleop_interface', 'symlink_install': False, 'test_result_base': None}
[-1785329761824204800.000s] INFO:colcon.colcon_core.executor:Executing jobs using 'parallel' executor
[-1785329761824204800.000s] DEBUG:colcon.colcon_parallel_executor.executor.parallel:run_until_complete
[-1785329761824204800.000s] INFO:colcon.colcon_ros.task.ament_cmake.build:Building ROS package in '/home/ojith/ros2_ws/src/teleop_interface' with build type 'ament_cmake'
[-1785329761824204800.000s] INFO:colcon.colcon_cmake.task.cmake.build:Building CMake package in '/home/ojith/ros2_ws/src/teleop_interface'
[-1785329761824204800.000s] INFO:colcon.colcon_core.plugin_system:Skipping extension 'colcon_core.shell.bat': Not used on non-Windows systems
[-1785329761824204800.000s] INFO:colcon.colcon_core.shell:Skip shell extension 'powershell' for command environment: Not usable outside of PowerShell
[-1785329761824204800.000s] DEBUG:colcon.colcon_core.shell:Skip shell extension 'dsv' for command environment
[-1785329761824204800.000s] DEBUG:colcon.colcon_core.event_handler.log_command:Invoking command in '/home/ojith/ros2_ws/build/teleop_interface': CMAKE_PREFIX_PATH=${CMAKE_PREFIX_PATH}:/opt/ros/lyrical DEBUGINFOD_URLS=https://debuginfod.ubuntu.com /usr/bin/cmake /home/ojith/ros2_ws/src/teleop_interface -DCMAKE_INSTALL_PREFIX=/home/ojith/ros2_ws/install/teleop_interface
[-1785329761824204800.000s] DEBUG:colcon.colcon_core.event_handler.log_command:Invoked command in '/home/ojith/ros2_ws/build/teleop_interface' returned '0': CMAKE_PREFIX_PATH=${CMAKE_PREFIX_PATH}:/opt/ros/lyrical DEBUGINFOD_URLS=https://debuginfod.ubuntu.com /usr/bin/cmake /home/ojith/ros2_ws/src/teleop_interface -DCMAKE_INSTALL_PREFIX=/home/ojith/ros2_ws/install/teleop_interface
[-1785329761824204800.000s] DEBUG:colcon.colcon_core.event_handler.log_command:Invoking command in '/home/ojith/ros2_ws/build/teleop_interface': CMAKE_PREFIX_PATH=${CMAKE_PREFIX_PATH}:/opt/ros/lyrical DEBUGINFOD_URLS=https://debuginfod.ubuntu.com /usr/bin/cmake --build /home/ojith/ros2_ws/build/teleop_interface -- -j4 -l4
[-1785329761824204800.000s] DEBUG:colcon.colcon_core.event_handler.log_command:Invoked command in '/home/ojith/ros2_ws/build/teleop_interface' returned '0': CMAKE_PREFIX_PATH=${CMAKE_PREFIX_PATH}:/opt/ros/lyrical DEBUGINFOD_URLS=https://debuginfod.ubuntu.com /usr/bin/cmake --build /home/ojith/ros2_ws/build/teleop_interface -- -j4 -l4
[-1785329761824204800.000s] DEBUG:colcon.colcon_core.event_handler.log_command:Invoking command in '/home/ojith/ros2_ws/build/teleop_interface': CMAKE_PREFIX_PATH=${CMAKE_PREFIX_PATH}:/opt/ros/lyrical DEBUGINFOD_URLS=https://debuginfod.ubuntu.com /usr/bin/cmake --install /home/ojith/ros2_ws/build/teleop_interface
[-1785329761824204800.000s] Level 1:colcon.colcon_core.environment:create_environment_scripts_only(teleop_interface)
[-1785329761824204800.000s] DEBUG:colcon.colcon_core.event_handler.log_command:Invoked command in '/home/ojith/ros2_ws/build/teleop_interface' returned '0': CMAKE_PREFIX_PATH=${CMAKE_PREFIX_PATH}:/opt/ros/lyrical DEBUGINFOD_URLS=https://debuginfod.ubuntu.com /usr/bin/cmake --install /home/ojith/ros2_ws/build/teleop_interface
[-1785329761824204800.000s] Level 1:colcon.colcon_core.environment:checking '/home/ojith/ros2_ws/install/teleop_interface' for CMake module files
[-1785329761824204800.000s] Level 1:colcon.colcon_core.environment:checking '/home/ojith/ros2_ws/install/teleop_interface' for CMake config files
[-1785329761824204800.000s] Level 1:colcon.colcon_core.shell:create_environment_hook('teleop_interface', 'cmake_prefix_path')
[-1785329761824204800.000s] INFO:colcon.colcon_core.shell:Creating environment hook '/home/ojith/ros2_ws/install/teleop_interface/share/teleop_interface/hook/cmake_prefix_path.ps1'
[-1785329761824204800.000s] INFO:colcon.colcon_core.shell:Creating environment descriptor '/home/ojith/ros2_ws/install/teleop_interface/share/teleop_interface/hook/cmake_prefix_path.dsv'
[-1785329761824204800.000s] INFO:colcon.colcon_core.shell:Creating environment hook '/home/ojith/ros2_ws/install/teleop_interface/share/teleop_interface/hook/cmake_prefix_path.sh'
[-1785329761824204800.000s] Level 1:colcon.colcon_core.environment:checking '/home/ojith/ros2_ws/install/teleop_interface/lib'
[-1785329761824204800.000s] Level 1:colcon.colcon_core.shell:create_environment_hook('teleop_interface', 'ld_library_path_lib')
[-1785329761824204800.000s] INFO:colcon.colcon_core.shell:Creating environment hook '/home/ojith/ros2_ws/install/teleop_interface/share/teleop_interface/hook/ld_library_path_lib.ps1'
[-1785329761824204800.000s] INFO:colcon.colcon_core.shell:Creating environment descriptor '/home/ojith/ros2_ws/install/teleop_interface/share/teleop_interface/hook/ld_library_path_lib.dsv'
[-1785329761824204800.000s] INFO:colcon.colcon_core.shell:Creating environment hook '/home/ojith/ros2_ws/install/teleop_interface/share/teleop_interface/hook/ld_library_path_lib.sh'
[-1785329761824204800.000s] Level 1:colcon.colcon_core.environment:checking '/home/ojith/ros2_ws/install/teleop_interface/bin'
[-1785329761824204800.000s] Level 1:colcon.colcon_core.environment:checking '/home/ojith/ros2_ws/install/teleop_interface/lib/pkgconfig/teleop_interface.pc'
[-1785329761824204800.000s] Level 1:colcon.colcon_core.environment:checking '/home/ojith/ros2_ws/install/teleop_interface/lib/python3.14/site-packages'
[-1785329761824204800.000s] Level 1:colcon.colcon_core.shell:create_environment_hook('teleop_interface', 'pythonpath')
[-1785329761824204800.000s] INFO:colcon.colcon_core.shell:Creating environment hook '/home/ojith/ros2_ws/install/teleop_interface/share/teleop_interface/hook/pythonpath.ps1'
[-1785329761824204800.000s] INFO:colcon.colcon_core.shell:Creating environment descriptor '/home/ojith/ros2_ws/install/teleop_interface/share/teleop_interface/hook/pythonpath.dsv'
[-1785329761824204800.000s] INFO:colcon.colcon_core.shell:Creating environment hook '/home/ojith/ros2_ws/install/teleop_interface/share/teleop_interface/hook/pythonpath.sh'
[-1785329761824204800.000s] Level 1:colcon.colcon_core.environment:checking '/home/ojith/ros2_ws/install/teleop_interface/bin'
[-1785329761824204800.000s] INFO:colcon.colcon_core.shell:Creating package script '/home/ojith/ros2_ws/install/teleop_interface/share/teleop_interface/package.ps1'
[-1785329761824204800.000s] INFO:colcon.colcon_core.shell:Creating package descriptor '/home/ojith/ros2_ws/install/teleop_interface/share/teleop_interface/package.dsv'
[-1785329761824204800.000s] INFO:colcon.colcon_core.shell:Creating package script '/home/ojith/ros2_ws/install/teleop_interface/share/teleop_interface/package.sh'
[-1785329761824204800.000s] INFO:colcon.colcon_core.shell:Creating package script '/home/ojith/ros2_ws/install/teleop_interface/share/teleop_interface/package.bash'
[-1785329761824204800.000s] INFO:colcon.colcon_core.shell:Creating package script '/home/ojith/ros2_ws/install/teleop_interface/share/teleop_interface/package.zsh'
[-1785329761824204800.000s] Level 1:colcon.colcon_core.environment:create_file_with_runtime_dependencies(/home/ojith/ros2_ws/install/teleop_interface/share/colcon-core/packages/teleop_interface)
[-1785329761824204800.000s] Level 1:colcon.colcon_core.environment:create_environment_scripts_only(teleop_interface)
[-1785329761824204800.000s] Level 1:colcon.colcon_core.environment:checking '/home/ojith/ros2_ws/install/teleop_interface' for CMake module files
[-1785329761824204800.000s] Level 1:colcon.colcon_core.environment:checking '/home/ojith/ros2_ws/install/teleop_interface' for CMake config files
[-1785329761824204800.000s] Level 1:colcon.colcon_core.shell:create_environment_hook('teleop_interface', 'cmake_prefix_path')
[-1785329761824204800.000s] INFO:colcon.colcon_core.shell:Creating environment hook '/home/ojith/ros2_ws/install/teleop_interface/share/teleop_interface/hook/cmake_prefix_path.ps1'
[-1785329761824204800.000s] INFO:colcon.colcon_core.shell:Creating environment descriptor '/home/ojith/ros2_ws/install/teleop_interface/share/teleop_interface/hook/cmake_prefix_path.dsv'
[-1785329761824204800.000s] INFO:colcon.colcon_core.shell:Creating environment hook '/home/ojith/ros2_ws/install/teleop_interface/share/teleop_interface/hook/cmake_prefix_path.sh'
[-1785329761824204800.000s] Level 1:colcon.colcon_core.environment:checking '/home/ojith/ros2_ws/install/teleop_interface/lib'
[-1785329761824204800.000s] Level 1:colcon.colcon_core.shell:create_environment_hook('teleop_interface', 'ld_library_path_lib')
[-1785329761824204800.000s] INFO:colcon.colcon_core.shell:Creating environment hook '/home/ojith/ros2_ws/install/teleop_interface/share/teleop_interface/hook/ld_library_path_lib.ps1'
[-1785329761824204800.000s] INFO:colcon.colcon_core.shell:Creating environment descriptor '/home/ojith/ros2_ws/install/teleop_interface/share/teleop_interface/hook/ld_library_path_lib.dsv'
[-1785329761824204800.000s] INFO:colcon.colcon_core.shell:Creating environment hook '/home/ojith/ros2_ws/install/teleop_interface/share/teleop_interface/hook/ld_library_path_lib.sh'
[-1785329761824204800.000s] Level 1:colcon.colcon_core.environment:checking '/home/ojith/ros2_ws/install/teleop_interface/bin'
[-1785329761824204800.000s] Level 1:colcon.colcon_core.environment:checking '/home/ojith/ros2_ws/install/teleop_interface/lib/pkgconfig/teleop_interface.pc'
[-1785329761824204800.000s] Level 1:colcon.colcon_core.environment:checking '/home/ojith/ros2_ws/install/teleop_interface/lib/python3.14/site-packages'
[-1785329761824204800.000s] Level 1:colcon.colcon_core.shell:create_environment_hook('teleop_interface', 'pythonpath')
[-1785329761824204800.000s] INFO:colcon.colcon_core.shell:Creating environment hook '/home/ojith/ros2_ws/install/teleop_interface/share/teleop_interface/hook/pythonpath.ps1'
[-1785329761824204800.000s] INFO:colcon.colcon_core.shell:Creating environment descriptor '/home/ojith/ros2_ws/install/teleop_interface/share/teleop_interface/hook/pythonpath.dsv'
[-1785329761824204800.000s] INFO:colcon.colcon_core.shell:Creating environment hook '/home/ojith/ros2_ws/install/teleop_interface/share/teleop_interface/hook/pythonpath.sh'
[-1785329761824204800.000s] Level 1:colcon.colcon_core.environment:checking '/home/ojith/ros2_ws/install/teleop_interface/bin'
[-1785329761824204800.000s] INFO:colcon.colcon_core.shell:Creating package script '/home/ojith/ros2_ws/install/teleop_interface/share/teleop_interface/package.ps1'
[-1785329761824204800.000s] INFO:colcon.colcon_core.shell:Creating package descriptor '/home/ojith/ros2_ws/install/teleop_interface/share/teleop_interface/package.dsv'
[-1785329761824204800.000s] INFO:colcon.colcon_core.shell:Creating package script '/home/ojith/ros2_ws/install/teleop_interface/share/teleop_interface/package.sh'
[-1785329761824204800.000s] INFO:colcon.colcon_core.shell:Creating package script '/home/ojith/ros2_ws/install/teleop_interface/share/teleop_interface/package.bash'
[-1785329761824204800.000s] INFO:colcon.colcon_core.shell:Creating package script '/home/ojith/ros2_ws/install/teleop_interface/share/teleop_interface/package.zsh'
[-1785329761824204800.000s] Level 1:colcon.colcon_core.environment:create_file_with_runtime_dependencies(/home/ojith/ros2_ws/install/teleop_interface/share/colcon-core/packages/teleop_interface)
[-1785329761824204800.000s] DEBUG:colcon.colcon_parallel_executor.executor.parallel:closing loop
[-1785329761824204800.000s] DEBUG:colcon.colcon_parallel_executor.executor.parallel:loop closed
[-1785329761824204800.000s] DEBUG:colcon.colcon_parallel_executor.executor.parallel:run_until_complete finished with '0'
[-1785329761824204800.000s] DEBUG:colcon.colcon_core.event_reactor:joining thread
[-1785329761824204800.000s] DEBUG:colcon.colcon_core.event_reactor:joined thread
[-1785329761824204800.000s] INFO:colcon.colcon_core.shell:Creating prefix script '/home/ojith/ros2_ws/install/local_setup.ps1'
[-1785329761824204800.000s] INFO:colcon.colcon_core.shell:Creating prefix util module '/home/ojith/ros2_ws/install/_local_setup_util_ps1.py'
[-1785329761824204800.000s] INFO:colcon.colcon_core.shell:Creating prefix chain script '/home/ojith/ros2_ws/install/setup.ps1'
[-1785329761824204800.000s] INFO:colcon.colcon_core.shell:Creating prefix script '/home/ojith/ros2_ws/install/local_setup.sh'
[-1785329761824204800.000s] INFO:colcon.colcon_core.shell:Creating prefix util module '/home/ojith/ros2_ws/install/_local_setup_util_sh.py'
[-1785329761824204800.000s] INFO:colcon.colcon_core.shell:Creating prefix chain script '/home/ojith/ros2_ws/install/setup.sh'
[-1785329761824204800.000s] INFO:colcon.colcon_core.shell:Creating prefix script '/home/ojith/ros2_ws/install/local_setup.bash'
[-1785329761824204800.000s] INFO:colcon.colcon_core.shell:Creating prefix chain script '/home/ojith/ros2_ws/install/setup.bash'
[-1785329761824204800.000s] INFO:colcon.colcon_core.shell:Creating prefix script '/home/ojith/ros2_ws/install/local_setup.zsh'
[-1785329761824204800.000s] INFO:colcon.colcon_core.shell:Creating prefix chain script '/home/ojith/ros2_ws/install/setup.zsh'
