running egg_info
creating ../../build/robot_control/robot_control.egg-info
writing ../../build/robot_control/robot_control.egg-info/PKG-INFO
writing dependency_links to ../../build/robot_control/robot_control.egg-info/dependency_links.txt
writing requirements to ../../build/robot_control/robot_control.egg-info/requires.txt
writing top-level names to ../../build/robot_control/robot_control.egg-info/top_level.txt
writing manifest file '../../build/robot_control/robot_control.egg-info/SOURCES.txt'
reading manifest file '../../build/robot_control/robot_control.egg-info/SOURCES.txt'
writing manifest file '../../build/robot_control/robot_control.egg-info/SOURCES.txt'
running build
running build_py
creating /home/ojith/ros2_ws/build/robot_control/build/lib/robot_control
copying robot_control/__init__.py -> /home/ojith/ros2_ws/build/robot_control/build/lib/robot_control
copying robot_control/py.typed -> /home/ojith/ros2_ws/build/robot_control/build/lib/robot_control
running install
running install_lib
creating /home/ojith/ros2_ws/install/robot_control/lib/python3.14/site-packages/robot_control
copying /home/ojith/ros2_ws/build/robot_control/build/lib/robot_control/__init__.py -> /home/ojith/ros2_ws/install/robot_control/lib/python3.14/site-packages/robot_control
copying /home/ojith/ros2_ws/build/robot_control/build/lib/robot_control/py.typed -> /home/ojith/ros2_ws/install/robot_control/lib/python3.14/site-packages/robot_control
byte-compiling /home/ojith/ros2_ws/install/robot_control/lib/python3.14/site-packages/robot_control/__init__.py to __init__.cpython-314.pyc
running install_data
creating /home/ojith/ros2_ws/install/robot_control/share/ament_index/resource_index/packages
copying resource/robot_control -> /home/ojith/ros2_ws/install/robot_control/share/ament_index/resource_index/packages
copying package.xml -> /home/ojith/ros2_ws/install/robot_control/share/robot_control
running install_egg_info
Copying ../../build/robot_control/robot_control.egg-info to /home/ojith/ros2_ws/install/robot_control/lib/python3.14/site-packages/robot_control-0.0.0-py3.14.egg-info
running install_scripts
writing list of installed files to '/home/ojith/ros2_ws/build/robot_control/install.log'
