[2.259s] Invoking command in '/home/ojith/ros2_ws/src/robot_control': DEBUGINFOD_URLS=https://debuginfod.ubuntu.com PYTHONPATH=/home/ojith/ros2_ws/build/robot_control/prefix_override:/usr/lib/python3/dist-packages/colcon_core/task/python/colcon_distutils_commands:/home/ojith/ros2_ws/install/robot_control/lib/python3.14/site-packages:${PYTHONPATH} /usr/bin/python3 -W ignore:setup.py install is deprecated -W ignore:easy_install command is deprecated setup.py egg_info --egg-base ../../build/robot_control build --build-base /home/ojith/ros2_ws/build/robot_control/build install --record /home/ojith/ros2_ws/build/robot_control/install.log --install-scripts $base/lib/robot_control --single-version-externally-managed install_data
[2.680s] running egg_info
[2.702s] creating ../../build/robot_control/robot_control.egg-info
[2.703s] writing ../../build/robot_control/robot_control.egg-info/PKG-INFO
[2.703s] writing dependency_links to ../../build/robot_control/robot_control.egg-info/dependency_links.txt
[2.704s] writing requirements to ../../build/robot_control/robot_control.egg-info/requires.txt
[2.704s] writing top-level names to ../../build/robot_control/robot_control.egg-info/top_level.txt
[2.704s] writing manifest file '../../build/robot_control/robot_control.egg-info/SOURCES.txt'
[2.754s] reading manifest file '../../build/robot_control/robot_control.egg-info/SOURCES.txt'
[2.754s] writing manifest file '../../build/robot_control/robot_control.egg-info/SOURCES.txt'
[2.757s] running build
[2.757s] running build_py
[2.757s] creating /home/ojith/ros2_ws/build/robot_control/build/lib/robot_control
[2.757s] copying robot_control/__init__.py -> /home/ojith/ros2_ws/build/robot_control/build/lib/robot_control
[2.757s] copying robot_control/py.typed -> /home/ojith/ros2_ws/build/robot_control/build/lib/robot_control
[2.757s] running install
[2.765s] running install_lib
[2.787s] creating /home/ojith/ros2_ws/install/robot_control/lib/python3.14/site-packages/robot_control
[2.788s] copying /home/ojith/ros2_ws/build/robot_control/build/lib/robot_control/__init__.py -> /home/ojith/ros2_ws/install/robot_control/lib/python3.14/site-packages/robot_control
[2.788s] copying /home/ojith/ros2_ws/build/robot_control/build/lib/robot_control/py.typed -> /home/ojith/ros2_ws/install/robot_control/lib/python3.14/site-packages/robot_control
[2.789s] byte-compiling /home/ojith/ros2_ws/install/robot_control/lib/python3.14/site-packages/robot_control/__init__.py to __init__.cpython-314.pyc
[2.789s] running install_data
[2.790s] creating /home/ojith/ros2_ws/install/robot_control/share/ament_index/resource_index/packages
[2.790s] copying resource/robot_control -> /home/ojith/ros2_ws/install/robot_control/share/ament_index/resource_index/packages
[2.791s] copying package.xml -> /home/ojith/ros2_ws/install/robot_control/share/robot_control
[2.791s] running install_egg_info
[2.815s] Copying ../../build/robot_control/robot_control.egg-info to /home/ojith/ros2_ws/install/robot_control/lib/python3.14/site-packages/robot_control-0.0.0-py3.14.egg-info
[2.818s] running install_scripts
[2.934s] writing list of installed files to '/home/ojith/ros2_ws/build/robot_control/install.log'
[3.021s] Invoked command in '/home/ojith/ros2_ws/src/robot_control' returned '0': DEBUGINFOD_URLS=https://debuginfod.ubuntu.com PYTHONPATH=/home/ojith/ros2_ws/build/robot_control/prefix_override:/usr/lib/python3/dist-packages/colcon_core/task/python/colcon_distutils_commands:/home/ojith/ros2_ws/install/robot_control/lib/python3.14/site-packages:${PYTHONPATH} /usr/bin/python3 -W ignore:setup.py install is deprecated -W ignore:easy_install command is deprecated setup.py egg_info --egg-base ../../build/robot_control build --build-base /home/ojith/ros2_ws/build/robot_control/build install --record /home/ojith/ros2_ws/build/robot_control/install.log --install-scripts $base/lib/robot_control --single-version-externally-managed install_data
