[0mCMake Deprecation Warning at CMakeLists.txt:1 (cmake_minimum_required):
  Compatibility with CMake < 3.10 will be removed from a future version of
  CMake.

  Update the VERSION argument <min> value.  Or, use the <min>...<max> syntax
  to tell CMake that the project requires at least <min> but has been updated
  to work with policies introduced by <max> or earlier.

[0m
[01m[K/home/ojith/ros2_ws/src/usb_cam/src/usb_cam_node.cpp:[m[K In constructor ‘[01m[Kusb_cam::UsbCamNode::[01;32m[KUsbCamNode[m[K(const rclcpp::NodeOptions&)[m[K’:
[01m[K/home/ojith/ros2_ws/src/usb_cam/src/usb_cam_node.cpp:48:47:[m[K [01;35m[Kwarning: [m[K‘[01m[Kimage_transport::CameraPublisher image_transport::[01;32m[Kcreate_camera_publisher[m[K(rclcpp::Node*, const std::string&, rmw_qos_profile_t, rclcpp::PublisherOptions)[m[K’ is deprecated: Use create_camera_publisher(RequiredInterfaces node_interfaces, ..., rclcpp::QoS, ...) instead [[01;35m[K]8;;https://gcc.gnu.org/onlinedocs/gcc-15.2.0/gcc/Warning-Options.html#index-Wdeprecated-declarations-Wdeprecated-declarations]8;;[m[K]
   48 |       [01;35m[Kimage_transport::create_camera_publisher(this, BASE_TOPIC_NAME,[m[K
      |       [01;35m[K~~~~~~~~~~~~~~~~~~~~~~~~~~~~~~~~~~~~~~~~^~~~~~~~~~~~~~~~~~~~~~~[m[K
   49 | [01;35m[K      rclcpp::QoS {100}.get_rmw_qos_profile())[m[K)),
      |       [01;35m[K~~~~~~~~~~~~~~~~~~~~~~~~~~~~~~~~~~~~~~~~[m[K 
In file included from [01m[K/home/ojith/ros2_ws/src/usb_cam/include/usb_cam/usb_cam_node.hpp:39[m[K,
                 from [01m[K/home/ojith/ros2_ws/src/usb_cam/src/usb_cam_node.cpp:34[m[K:
[01m[K/opt/ros/lyrical/include/image_transport/image_transport/image_transport.hpp:101:17:[m[K [01;36m[Knote: [m[Kdeclared here
  101 | CameraPublisher [01;36m[Kcreate_camera_publisher[m[K(
      |                 [01;36m[K^~~~~~~~~~~~~~~~~~~~~~~[m[K
[01m[K/home/ojith/ros2_ws/src/usb_cam/src/usb_cam_node.cpp:[m[K In member function ‘[01m[Kvoid usb_cam::UsbCamNode::[01;32m[Kinit[m[K()[m[K’:
[01m[K/home/ojith/ros2_ws/src/usb_cam/src/usb_cam_node.cpp:154:67:[m[K [01;35m[Kwarning: [m[K‘[01m[Kcamera_info_manager::CameraInfoManager::[01;32m[KCameraInfoManager[m[K(rclcpp::Node*, const std::string&, const std::string&, const std::string&)[m[K’ is deprecated: Use CameraInfoManager(rclcpp::node_interfaces::NodeBaseInterface::SharedPtr, ...) instead. [[01;35m[K]8;;https://gcc.gnu.org/onlinedocs/gcc-15.2.0/gcc/Warning-Options.html#index-Wdeprecated-declarations-Wdeprecated-declarations]8;;[m[K]
  154 |       this, m_parameters.camera_name, m_parameters.camera_info_url[01;35m[K)[m[K);
      |                                                                   [01;35m[K^[m[K
In file included from [01m[K/home/ojith/ros2_ws/src/usb_cam/include/usb_cam/usb_cam_node.hpp:38[m[K:
[01m[K/opt/ros/lyrical/include/camera_info_manager/camera_info_manager/camera_info_manager.hpp:188:3:[m[K [01;36m[Knote: [m[Kdeclared here
  188 |   [01;36m[KCameraInfoManager[m[K(
      |   [01;36m[K^~~~~~~~~~~~~~~~~[m[K
