-- Found ament_cmake_auto: 2.8.7 (/opt/ros/lyrical/share/ament_cmake_auto/cmake)
-- Found rosidl_generator_c: 5.2.1 (/opt/ros/lyrical/share/rosidl_generator_c/cmake)
-- Found rosidl_generator_cpp: 5.2.1 (/opt/ros/lyrical/share/rosidl_generator_cpp/cmake)
-- Using all available rosidl_typesupport_c: rosidl_typesupport_fastrtps_c;rosidl_typesupport_introspection_c
-- Using all available rosidl_typesupport_cpp: rosidl_typesupport_fastrtps_cpp;rosidl_typesupport_introspection_cpp
-- Found rmw_implementation_cmake: 7.10.1 (/opt/ros/lyrical/share/rmw_implementation_cmake/cmake)
-- Found rmw_fastrtps_cpp: 9.4.8 (/opt/ros/lyrical/share/rmw_fastrtps_cpp/cmake)
-- Using RMW implementation 'rmw_fastrtps_cpp' as default
-- Found rosidl_adapter: 5.2.1 (/opt/ros/lyrical/share/rosidl_adapter/cmake)
-- Found ament_lint_auto: 0.20.6 (/opt/ros/lyrical/share/ament_lint_auto/cmake)
-- Added test 'copyright' to check source files copyright and LICENSE
-- Added test 'cppcheck' to perform static code analysis on C / C++ code
-- Configured cppcheck include dirs: /home/ojith/ros2_ws/src/usb_cam/include;/home/ojith/ros2_ws/src/usb_cam/
-- Configured cppcheck exclude dirs and/or files: 
-- Added test 'cpplint' to check C / C++ code against the Google style
-- Configured cpplint exclude dirs and/or files: 
-- Added test 'flake8' to check Python code syntax and style conventions
-- Configured 'flake8' exclude dirs and/or files: 
-- Added test 'lint_cmake' to check CMake code style
-- Added test 'pep257' to check Python code against some of the docstring style conventions in PEP 257
-- Added test 'uncrustify' to check C / C++ code style
-- Configured uncrustify additional arguments: 
-- Added test 'xmllint' to check XML markup files
-- Configuring done (1.7s)
-- Generating done (0.1s)
-- Build files have been written to: /home/ojith/ros2_ws/build/usb_cam
[ 10%] [32mBuilding CXX object CMakeFiles/usb_cam.dir/src/usb_cam.cpp.o[0m
[ 20%] [1m[32mLinking CXX shared library libusb_cam.so[0m
[ 20%] Built target usb_cam
[ 30%] [32mBuilding CXX object CMakeFiles/usb_cam_node.dir/src/usb_cam_node.cpp.o[0m
[ 40%] [1m[32mLinking CXX shared library libusb_cam_node.so[0m
[ 40%] Built target usb_cam_node
[ 50%] [32mBuilding CXX object CMakeFiles/usb_cam_node_exe.dir/rclcpp_components/node_main_usb_cam_node_exe.cpp.o[0m
[ 60%] [32mBuilding CXX object CMakeFiles/test_usb_cam_utils.dir/test/test_usb_cam_utils.cpp.o[0m
[ 70%] [32mBuilding CXX object CMakeFiles/test_pixel_formats.dir/test/test_pixel_formats.cpp.o[0m
[ 80%] [1m[32mLinking CXX executable test_usb_cam_utils[0m
[ 80%] Built target test_usb_cam_utils
[ 90%] [1m[32mLinking CXX executable test_pixel_formats[0m
[ 90%] Built target test_pixel_formats
[100%] [1m[32mLinking CXX executable usb_cam_node_exe[0m
[100%] Built target usb_cam_node_exe
-- Install configuration: ""
-- Installing: /home/ojith/ros2_ws/install/usb_cam/share/usb_cam/environment/library_path.sh
-- Installing: /home/ojith/ros2_ws/install/usb_cam/share/usb_cam/environment/library_path.dsv
-- Installing: /home/ojith/ros2_ws/install/usb_cam/lib/usb_cam/usb_cam_node_exe
-- Set non-toolchain portion of runtime path of "/home/ojith/ros2_ws/install/usb_cam/lib/usb_cam/usb_cam_node_exe" to ""
-- Installing: /home/ojith/ros2_ws/install/usb_cam/lib/usb_cam/show_image.py
-- Installing: /home/ojith/ros2_ws/install/usb_cam/lib/libusb_cam.so
-- Installing: /home/ojith/ros2_ws/install/usb_cam/lib/libusb_cam_node.so
-- Set non-toolchain portion of runtime path of "/home/ojith/ros2_ws/install/usb_cam/lib/libusb_cam_node.so" to ""
-- Installing: /home/ojith/ros2_ws/install/usb_cam/include/usb_cam
-- Installing: /home/ojith/ros2_ws/install/usb_cam/include/usb_cam/usb_cam
-- Installing: /home/ojith/ros2_ws/install/usb_cam/include/usb_cam/usb_cam/usb_cam.hpp
-- Installing: /home/ojith/ros2_ws/install/usb_cam/include/usb_cam/usb_cam/usb_cam_node.hpp
-- Installing: /home/ojith/ros2_ws/install/usb_cam/include/usb_cam/usb_cam/conversions.hpp
-- Installing: /home/ojith/ros2_ws/install/usb_cam/include/usb_cam/usb_cam/formats
-- Installing: /home/ojith/ros2_ws/install/usb_cam/include/usb_cam/usb_cam/formats/rgb.hpp
-- Installing: /home/ojith/ros2_ws/install/usb_cam/include/usb_cam/usb_cam/formats/mjpeg.hpp
-- Installing: /home/ojith/ros2_ws/install/usb_cam/include/usb_cam/usb_cam/formats/mono.hpp
-- Installing: /home/ojith/ros2_ws/install/usb_cam/include/usb_cam/usb_cam/formats/uyvy.hpp
-- Installing: /home/ojith/ros2_ws/install/usb_cam/include/usb_cam/usb_cam/formats/av_pixel_format_helper.hpp
-- Installing: /home/ojith/ros2_ws/install/usb_cam/include/usb_cam/usb_cam/formats/yuyv.hpp
-- Installing: /home/ojith/ros2_ws/install/usb_cam/include/usb_cam/usb_cam/formats/m420.hpp
-- Installing: /home/ojith/ros2_ws/install/usb_cam/include/usb_cam/usb_cam/formats/utils.hpp
-- Installing: /home/ojith/ros2_ws/install/usb_cam/include/usb_cam/usb_cam/formats/pixel_format_base.hpp
-- Installing: /home/ojith/ros2_ws/install/usb_cam/include/usb_cam/usb_cam/utils.hpp
-- Installing: /home/ojith/ros2_ws/install/usb_cam/include/usb_cam/usb_cam/constants.hpp
-- Up-to-date: /home/ojith/ros2_ws/install/usb_cam/lib/libusb_cam_node.so
-- Installing: /home/ojith/ros2_ws/install/usb_cam/share/usb_cam/launch
-- Installing: /home/ojith/ros2_ws/install/usb_cam/share/usb_cam/launch/camera_config.py
-- Installing: /home/ojith/ros2_ws/install/usb_cam/share/usb_cam/launch/__init__.py
-- Installing: /home/ojith/ros2_ws/install/usb_cam/share/usb_cam/launch/camera.launch.py
-- Installing: /home/ojith/ros2_ws/install/usb_cam/share/usb_cam/config
-- Installing: /home/ojith/ros2_ws/install/usb_cam/share/usb_cam/config/params_2.yaml
-- Installing: /home/ojith/ros2_ws/install/usb_cam/share/usb_cam/config/camera_info.yaml
-- Installing: /home/ojith/ros2_ws/install/usb_cam/share/usb_cam/config/params_1.yaml
-- Installing: /home/ojith/ros2_ws/install/usb_cam/share/ament_index/resource_index/package_run_dependencies/usb_cam
-- Installing: /home/ojith/ros2_ws/install/usb_cam/share/ament_index/resource_index/parent_prefix_path/usb_cam
-- Installing: /home/ojith/ros2_ws/install/usb_cam/share/usb_cam/environment/ament_prefix_path.sh
-- Installing: /home/ojith/ros2_ws/install/usb_cam/share/usb_cam/environment/ament_prefix_path.dsv
-- Installing: /home/ojith/ros2_ws/install/usb_cam/share/usb_cam/environment/path.sh
-- Installing: /home/ojith/ros2_ws/install/usb_cam/share/usb_cam/environment/path.dsv
-- Installing: /home/ojith/ros2_ws/install/usb_cam/share/usb_cam/local_setup.bash
-- Installing: /home/ojith/ros2_ws/install/usb_cam/share/usb_cam/local_setup.fish
-- Installing: /home/ojith/ros2_ws/install/usb_cam/share/usb_cam/local_setup.sh
-- Installing: /home/ojith/ros2_ws/install/usb_cam/share/usb_cam/local_setup.zsh
-- Installing: /home/ojith/ros2_ws/install/usb_cam/share/usb_cam/local_setup.dsv
-- Installing: /home/ojith/ros2_ws/install/usb_cam/share/usb_cam/package.dsv
-- Installing: /home/ojith/ros2_ws/install/usb_cam/share/ament_index/resource_index/packages/usb_cam
-- Installing: /home/ojith/ros2_ws/install/usb_cam/share/ament_index/resource_index/rclcpp_components/usb_cam
-- Installing: /home/ojith/ros2_ws/install/usb_cam/share/usb_cam/cmake/ament_cmake_export_libraries-extras.cmake
-- Installing: /home/ojith/ros2_ws/install/usb_cam/share/usb_cam/cmake/ament_cmake_export_dependencies-extras.cmake
-- Installing: /home/ojith/ros2_ws/install/usb_cam/share/usb_cam/cmake/ament_cmake_export_include_directories-extras.cmake
-- Installing: /home/ojith/ros2_ws/install/usb_cam/share/usb_cam/cmake/usb_camConfig.cmake
-- Installing: /home/ojith/ros2_ws/install/usb_cam/share/usb_cam/cmake/usb_camConfig-version.cmake
-- Installing: /home/ojith/ros2_ws/install/usb_cam/share/usb_cam/package.xml
