[0.034s] Invoking command in '/home/ojith/ros2_ws/build/usb_cam': CMAKE_PREFIX_PATH=${CMAKE_PREFIX_PATH}:/opt/ros/lyrical DEBUGINFOD_URLS=https://debuginfod.ubuntu.com /usr/bin/cmake --build /home/ojith/ros2_ws/build/usb_cam -- -j4 -l4
[0.080s] [0mCMake Deprecation Warning at CMakeLists.txt:1 (cmake_minimum_required):
[0.080s]   Compatibility with CMake < 3.10 will be removed from a future version of
[0.080s]   CMake.
[0.080s] 
[0.080s]   Update the VERSION argument <min> value.  Or, use the <min>...<max> syntax
[0.080s]   to tell CMake that the project requires at least <min> but has been updated
[0.080s]   to work with policies introduced by <max> or earlier.
[0.080s] 
[0.080s] [0m
[0.126s] -- Found ament_cmake_auto: 2.8.7 (/opt/ros/lyrical/share/ament_cmake_auto/cmake)
[0.750s] -- Found rosidl_generator_c: 5.2.1 (/opt/ros/lyrical/share/rosidl_generator_c/cmake)
[0.764s] -- Found rosidl_generator_cpp: 5.2.1 (/opt/ros/lyrical/share/rosidl_generator_cpp/cmake)
[0.792s] -- Using all available rosidl_typesupport_c: rosidl_typesupport_fastrtps_c;rosidl_typesupport_introspection_c
[0.819s] -- Using all available rosidl_typesupport_cpp: rosidl_typesupport_fastrtps_cpp;rosidl_typesupport_introspection_cpp
[0.950s] -- Found rmw_implementation_cmake: 7.10.1 (/opt/ros/lyrical/share/rmw_implementation_cmake/cmake)
[0.955s] -- Found rmw_fastrtps_cpp: 9.4.8 (/opt/ros/lyrical/share/rmw_fastrtps_cpp/cmake)
[1.027s] -- Using RMW implementation 'rmw_fastrtps_cpp' as default
[1.584s] -- Found rosidl_adapter: 5.2.1 (/opt/ros/lyrical/share/rosidl_adapter/cmake)
[1.624s] -- Found ament_lint_auto: 0.20.6 (/opt/ros/lyrical/share/ament_lint_auto/cmake)
[1.697s] -- Added test 'copyright' to check source files copyright and LICENSE
[1.704s] -- Added test 'cppcheck' to perform static code analysis on C / C++ code
[1.704s] -- Configured cppcheck include dirs: /home/ojith/ros2_ws/src/usb_cam/include;/home/ojith/ros2_ws/src/usb_cam/
[1.704s] -- Configured cppcheck exclude dirs and/or files: 
[1.711s] -- Added test 'cpplint' to check C / C++ code against the Google style
[1.713s] -- Configured cpplint exclude dirs and/or files: 
[1.718s] -- Added test 'flake8' to check Python code syntax and style conventions
[1.719s] -- Configured 'flake8' exclude dirs and/or files: 
[1.720s] -- Added test 'lint_cmake' to check CMake code style
[1.722s] -- Added test 'pep257' to check Python code against some of the docstring style conventions in PEP 257
[1.728s] -- Added test 'uncrustify' to check C / C++ code style
[1.729s] -- Configured uncrustify additional arguments: 
[1.732s] -- Added test 'xmllint' to check XML markup files
[1.755s] -- Configuring done (1.7s)
[1.903s] -- Generating done (0.1s)
[1.993s] -- Build files have been written to: /home/ojith/ros2_ws/build/usb_cam
[2.104s] [ 10%] [32mBuilding CXX object CMakeFiles/usb_cam.dir/src/usb_cam.cpp.o[0m
[5.240s] [ 20%] [1m[32mLinking CXX shared library libusb_cam.so[0m
[5.689s] [ 20%] Built target usb_cam
[5.732s] [ 30%] [32mBuilding CXX object CMakeFiles/usb_cam_node.dir/src/usb_cam_node.cpp.o[0m
[10.975s] [01m[K/home/ojith/ros2_ws/src/usb_cam/src/usb_cam_node.cpp:[m[K In constructor ‘[01m[Kusb_cam::UsbCamNode::[01;32m[KUsbCamNode[m[K(const rclcpp::NodeOptions&)[m[K’:
[10.975s] [01m[K/home/ojith/ros2_ws/src/usb_cam/src/usb_cam_node.cpp:48:47:[m[K [01;35m[Kwarning: [m[K‘[01m[Kimage_transport::CameraPublisher image_transport::[01;32m[Kcreate_camera_publisher[m[K(rclcpp::Node*, const std::string&, rmw_qos_profile_t, rclcpp::PublisherOptions)[m[K’ is deprecated: Use create_camera_publisher(RequiredInterfaces node_interfaces, ..., rclcpp::QoS, ...) instead [[01;35m[K]8;;https://gcc.gnu.org/onlinedocs/gcc-15.2.0/gcc/Warning-Options.html#index-Wdeprecated-declarations-Wdeprecated-declarations]8;;[m[K]
[10.975s]    48 |       [01;35m[Kimage_transport::create_camera_publisher(this, BASE_TOPIC_NAME,[m[K
[10.975s]       |       [01;35m[K~~~~~~~~~~~~~~~~~~~~~~~~~~~~~~~~~~~~~~~~^~~~~~~~~~~~~~~~~~~~~~~[m[K
[10.975s]    49 | [01;35m[K      rclcpp::QoS {100}.get_rmw_qos_profile())[m[K)),
[10.975s]       |       [01;35m[K~~~~~~~~~~~~~~~~~~~~~~~~~~~~~~~~~~~~~~~~[m[K 
[10.975s] In file included from [01m[K/home/ojith/ros2_ws/src/usb_cam/include/usb_cam/usb_cam_node.hpp:39[m[K,
[10.976s]                  from [01m[K/home/ojith/ros2_ws/src/usb_cam/src/usb_cam_node.cpp:34[m[K:
[10.976s] [01m[K/opt/ros/lyrical/include/image_transport/image_transport/image_transport.hpp:101:17:[m[K [01;36m[Knote: [m[Kdeclared here
[10.976s]   101 | CameraPublisher [01;36m[Kcreate_camera_publisher[m[K(
[10.976s]       |                 [01;36m[K^~~~~~~~~~~~~~~~~~~~~~~[m[K
[11.011s] [01m[K/home/ojith/ros2_ws/src/usb_cam/src/usb_cam_node.cpp:[m[K In member function ‘[01m[Kvoid usb_cam::UsbCamNode::[01;32m[Kinit[m[K()[m[K’:
[11.011s] [01m[K/home/ojith/ros2_ws/src/usb_cam/src/usb_cam_node.cpp:154:67:[m[K [01;35m[Kwarning: [m[K‘[01m[Kcamera_info_manager::CameraInfoManager::[01;32m[KCameraInfoManager[m[K(rclcpp::Node*, const std::string&, const std::string&, const std::string&)[m[K’ is deprecated: Use CameraInfoManager(rclcpp::node_interfaces::NodeBaseInterface::SharedPtr, ...) instead. [[01;35m[K]8;;https://gcc.gnu.org/onlinedocs/gcc-15.2.0/gcc/Warning-Options.html#index-Wdeprecated-declarations-Wdeprecated-declarations]8;;[m[K]
[11.011s]   154 |       this, m_parameters.camera_name, m_parameters.camera_info_url[01;35m[K)[m[K);
[11.011s]       |                                                                   [01;35m[K^[m[K
[11.011s] In file included from [01m[K/home/ojith/ros2_ws/src/usb_cam/include/usb_cam/usb_cam_node.hpp:38[m[K:
[11.011s] [01m[K/opt/ros/lyrical/include/camera_info_manager/camera_info_manager/camera_info_manager.hpp:188:3:[m[K [01;36m[Knote: [m[Kdeclared here
[11.011s]   188 |   [01;36m[KCameraInfoManager[m[K(
[11.011s]       |   [01;36m[K^~~~~~~~~~~~~~~~~[m[K
[19.382s] [ 40%] [1m[32mLinking CXX shared library libusb_cam_node.so[0m
[20.665s] [ 40%] Built target usb_cam_node
[20.704s] [ 50%] [32mBuilding CXX object CMakeFiles/usb_cam_node_exe.dir/rclcpp_components/node_main_usb_cam_node_exe.cpp.o[0m
[20.711s] [ 60%] [32mBuilding CXX object CMakeFiles/test_usb_cam_utils.dir/test/test_usb_cam_utils.cpp.o[0m
[20.714s] [ 70%] [32mBuilding CXX object CMakeFiles/test_pixel_formats.dir/test/test_pixel_formats.cpp.o[0m
[22.575s] [ 80%] [1m[32mLinking CXX executable test_usb_cam_utils[0m
[23.578s] [ 80%] Built target test_usb_cam_utils
[23.696s] [ 90%] [1m[32mLinking CXX executable test_pixel_formats[0m
[24.399s] [ 90%] Built target test_pixel_formats
[27.595s] [100%] [1m[32mLinking CXX executable usb_cam_node_exe[0m
[28.255s] [100%] Built target usb_cam_node_exe
[28.273s] Invoked command in '/home/ojith/ros2_ws/build/usb_cam' returned '0': CMAKE_PREFIX_PATH=${CMAKE_PREFIX_PATH}:/opt/ros/lyrical DEBUGINFOD_URLS=https://debuginfod.ubuntu.com /usr/bin/cmake --build /home/ojith/ros2_ws/build/usb_cam -- -j4 -l4
[28.288s] Invoking command in '/home/ojith/ros2_ws/build/usb_cam': CMAKE_PREFIX_PATH=${CMAKE_PREFIX_PATH}:/opt/ros/lyrical DEBUGINFOD_URLS=https://debuginfod.ubuntu.com /usr/bin/cmake --install /home/ojith/ros2_ws/build/usb_cam
[28.298s] -- Install configuration: ""
[28.298s] -- Installing: /home/ojith/ros2_ws/install/usb_cam/share/usb_cam/environment/library_path.sh
[28.298s] -- Installing: /home/ojith/ros2_ws/install/usb_cam/share/usb_cam/environment/library_path.dsv
[28.298s] -- Installing: /home/ojith/ros2_ws/install/usb_cam/lib/usb_cam/usb_cam_node_exe
[28.299s] -- Set non-toolchain portion of runtime path of "/home/ojith/ros2_ws/install/usb_cam/lib/usb_cam/usb_cam_node_exe" to ""
[28.299s] -- Installing: /home/ojith/ros2_ws/install/usb_cam/lib/usb_cam/show_image.py
[28.300s] -- Installing: /home/ojith/ros2_ws/install/usb_cam/lib/libusb_cam.so
[28.301s] -- Installing: /home/ojith/ros2_ws/install/usb_cam/lib/libusb_cam_node.so
[28.305s] -- Set non-toolchain portion of runtime path of "/home/ojith/ros2_ws/install/usb_cam/lib/libusb_cam_node.so" to ""
[28.305s] -- Installing: /home/ojith/ros2_ws/install/usb_cam/include/usb_cam
[28.305s] -- Installing: /home/ojith/ros2_ws/install/usb_cam/include/usb_cam/usb_cam
[28.306s] -- Installing: /home/ojith/ros2_ws/install/usb_cam/include/usb_cam/usb_cam/usb_cam.hpp
[28.306s] -- Installing: /home/ojith/ros2_ws/install/usb_cam/include/usb_cam/usb_cam/usb_cam_node.hpp
[28.306s] -- Installing: /home/ojith/ros2_ws/install/usb_cam/include/usb_cam/usb_cam/conversions.hpp
[28.306s] -- Installing: /home/ojith/ros2_ws/install/usb_cam/include/usb_cam/usb_cam/formats
[28.306s] -- Installing: /home/ojith/ros2_ws/install/usb_cam/include/usb_cam/usb_cam/formats/rgb.hpp
[28.306s] -- Installing: /home/ojith/ros2_ws/install/usb_cam/include/usb_cam/usb_cam/formats/mjpeg.hpp
[28.307s] -- Installing: /home/ojith/ros2_ws/install/usb_cam/include/usb_cam/usb_cam/formats/mono.hpp
[28.307s] -- Installing: /home/ojith/ros2_ws/install/usb_cam/include/usb_cam/usb_cam/formats/uyvy.hpp
[28.307s] -- Installing: /home/ojith/ros2_ws/install/usb_cam/include/usb_cam/usb_cam/formats/av_pixel_format_helper.hpp
[28.307s] -- Installing: /home/ojith/ros2_ws/install/usb_cam/include/usb_cam/usb_cam/formats/yuyv.hpp
[28.307s] -- Installing: /home/ojith/ros2_ws/install/usb_cam/include/usb_cam/usb_cam/formats/m420.hpp
[28.307s] -- Installing: /home/ojith/ros2_ws/install/usb_cam/include/usb_cam/usb_cam/formats/utils.hpp
[28.307s] -- Installing: /home/ojith/ros2_ws/install/usb_cam/include/usb_cam/usb_cam/formats/pixel_format_base.hpp
[28.307s] -- Installing: /home/ojith/ros2_ws/install/usb_cam/include/usb_cam/usb_cam/utils.hpp
[28.307s] -- Installing: /home/ojith/ros2_ws/install/usb_cam/include/usb_cam/usb_cam/constants.hpp
[28.307s] -- Up-to-date: /home/ojith/ros2_ws/install/usb_cam/lib/libusb_cam_node.so
[28.308s] -- Installing: /home/ojith/ros2_ws/install/usb_cam/share/usb_cam/launch
[28.308s] -- Installing: /home/ojith/ros2_ws/install/usb_cam/share/usb_cam/launch/camera_config.py
[28.308s] -- Installing: /home/ojith/ros2_ws/install/usb_cam/share/usb_cam/launch/__init__.py
[28.308s] -- Installing: /home/ojith/ros2_ws/install/usb_cam/share/usb_cam/launch/camera.launch.py
[28.309s] -- Installing: /home/ojith/ros2_ws/install/usb_cam/share/usb_cam/config
[28.309s] -- Installing: /home/ojith/ros2_ws/install/usb_cam/share/usb_cam/config/params_2.yaml
[28.311s] -- Installing: /home/ojith/ros2_ws/install/usb_cam/share/usb_cam/config/camera_info.yaml
[28.311s] -- Installing: /home/ojith/ros2_ws/install/usb_cam/share/usb_cam/config/params_1.yaml
[28.312s] -- Installing: /home/ojith/ros2_ws/install/usb_cam/share/ament_index/resource_index/package_run_dependencies/usb_cam
[28.312s] -- Installing: /home/ojith/ros2_ws/install/usb_cam/share/ament_index/resource_index/parent_prefix_path/usb_cam
[28.312s] -- Installing: /home/ojith/ros2_ws/install/usb_cam/share/usb_cam/environment/ament_prefix_path.sh
[28.312s] -- Installing: /home/ojith/ros2_ws/install/usb_cam/share/usb_cam/environment/ament_prefix_path.dsv
[28.313s] -- Installing: /home/ojith/ros2_ws/install/usb_cam/share/usb_cam/environment/path.sh
[28.313s] -- Installing: /home/ojith/ros2_ws/install/usb_cam/share/usb_cam/environment/path.dsv
[28.313s] -- Installing: /home/ojith/ros2_ws/install/usb_cam/share/usb_cam/local_setup.bash
[28.313s] -- Installing: /home/ojith/ros2_ws/install/usb_cam/share/usb_cam/local_setup.fish
[28.313s] -- Installing: /home/ojith/ros2_ws/install/usb_cam/share/usb_cam/local_setup.sh
[28.313s] -- Installing: /home/ojith/ros2_ws/install/usb_cam/share/usb_cam/local_setup.zsh
[28.314s] -- Installing: /home/ojith/ros2_ws/install/usb_cam/share/usb_cam/local_setup.dsv
[28.314s] -- Installing: /home/ojith/ros2_ws/install/usb_cam/share/usb_cam/package.dsv
[28.314s] -- Installing: /home/ojith/ros2_ws/install/usb_cam/share/ament_index/resource_index/packages/usb_cam
[28.314s] -- Installing: /home/ojith/ros2_ws/install/usb_cam/share/ament_index/resource_index/rclcpp_components/usb_cam
[28.315s] -- Installing: /home/ojith/ros2_ws/install/usb_cam/share/usb_cam/cmake/ament_cmake_export_libraries-extras.cmake
[28.316s] -- Installing: /home/ojith/ros2_ws/install/usb_cam/share/usb_cam/cmake/ament_cmake_export_dependencies-extras.cmake
[28.316s] -- Installing: /home/ojith/ros2_ws/install/usb_cam/share/usb_cam/cmake/ament_cmake_export_include_directories-extras.cmake
[28.316s] -- Installing: /home/ojith/ros2_ws/install/usb_cam/share/usb_cam/cmake/usb_camConfig.cmake
[28.316s] -- Installing: /home/ojith/ros2_ws/install/usb_cam/share/usb_cam/cmake/usb_camConfig-version.cmake
[28.316s] -- Installing: /home/ojith/ros2_ws/install/usb_cam/share/usb_cam/package.xml
[28.318s] Invoked command in '/home/ojith/ros2_ws/build/usb_cam' returned '0': CMAKE_PREFIX_PATH=${CMAKE_PREFIX_PATH}:/opt/ros/lyrical DEBUGINFOD_URLS=https://debuginfod.ubuntu.com /usr/bin/cmake --install /home/ojith/ros2_ws/build/usb_cam
